04-13 11:30:40.372  1047  1537 I SurfaceFlinger: id=2875 createSurf (13x13),-3 flag=40004, com.android.systemui/com.android.systemui.usb.UsbDebuggingActivity$_2094#0
04-13 11:30:40.373  1616  2516 D WindowManager: makeSurface duration=0 name=com.android.systemui/com.android.systemui.usb.UsbDebuggingActivity$_2094
04-13 11:30:40.374  1616  2516 V WindowManager: Changing focus from null to Window{ee06d68 u0 com.android.systemui/com.android.systemui.usb.UsbDebuggingActivity} displayId=0 Callers=com.android.server.wm.RootWindowContainer.updateFocusedWindowLocked:583 com.android.server.wm.WindowManagerService.updateFocusedWindowLocked:6496 com.android.server.wm.WindowManagerService.relayoutWindow:2769 com.android.server.wm.Session.relayout:242
04-13 11:30:40.374  1616  2516 I WindowManager: Cancelling animation restarting=true, leash=Surface(name=Surface(name=372faf2 StatusBar)/@0x638c96e - animation-leash of insets_animation)/@0x299d46f
04-13 11:30:40.374  1616  2516 I WindowManager: Reparenting to original parent: Surface(name=WindowToken{a12cdfd android.os.BinderProxy@ac275a7})/@0xca1780f, destroy=false, surface=Surface(name=372faf2 StatusBar)/@0x638c96e
04-13 11:30:40.374  1616  2516 I WindowManager: Reparenting to leash, surface=Surface(name=372faf2 StatusBar)/@0x638c96e, leashParent=Surface(name=WindowToken{a12cdfd android.os.BinderProxy@ac275a7})/@0xca1780f
04-13 11:30:40.374  1047  1537 I SurfaceFlinger: id=2876 createSurf (0x0),-1 flag=24000, Surface(name=372faf2 StatusBar)/@0x638c96e - animation-leash of insets_animation#1
04-13 11:30:40.374  1616  2516 D WindowManager: makeSurface duration=0 leash=Surface(name=Surface(name=372faf2 StatusBar)/@0x638c96e - animation-leash of insets_animation)/@0x7d1e267
04-13 11:30:40.375  1616  2516 I WindowManager: Cancelling animation restarting=true, leash=Surface(name=Surface(name=2acd79a NavigationBar0)/@0xbcd5aa5 - animation-leash of insets_animation)/@0xafcfe05
04-13 11:30:40.375  1616  2516 I WindowManager: Reparenting to original parent: Surface(name=WindowToken{edd1445 android.os.BinderProxy@b7ff0af})/@0x8ac0e7a, destroy=false, surface=Surface(name=2acd79a NavigationBar0)/@0xbcd5aa5
04-13 11:30:40.375  1616  2516 I WindowManager: Reparenting to leash, surface=Surface(name=2acd79a NavigationBar0)/@0xbcd5aa5, leashParent=Surface(name=WindowToken{edd1445 android.os.BinderProxy@b7ff0af})/@0x8ac0e7a
04-13 11:30:40.375  1047  1537 I SurfaceFlinger: id=2877 createSurf (0x0),-1 flag=24000, Surface(name=2acd79a NavigationBar0)/@0xbcd5aa5 - animation-leash of insets_animation#1
04-13 11:30:40.375  1616  2516 D WindowManager: makeSurface duration=1 leash=Surface(name=Surface(name=2acd79a NavigationBar0)/@0xbcd5aa5 - animation-leash of insets_animation)/@0xe51e8bd
04-13 11:30:40.375  1616  2516 D StatusBarManagerService: notifyRequestedSystemKey recent=false home=false
04-13 11:30:40.376  1616  2516 V WindowManager: Relayout hash=ee06d68, pid=2094: mAttrs={(0,0)(wrapxwrap) gr=BOTTOM CENTER_VERTICAL sim={adjust=pan forwardNavigation} ty=BASE_APPLICATION fmt=TRANSLUCENT wanim=0x10302f5 surfaceInsets=Rect(6, 6 - 6, 6)
04-13 11:30:40.376  1616  2516 V WindowManager:   fl=1820002
04-13 11:30:40.376  1616  2516 V WindowManager:   pfl=42080000
04-13 11:30:40.376  1616  2516 V WindowManager:   apr=LIGHT_NAVIGATION_BARS
04-13 11:30:40.376  1616  2516 V WindowManager:   bhv=DEFAULT
04-13 11:30:40.376  1616  2516 V WindowManager:   fitTypes=STATUS_BARS NAVIGATION_BARS CAPTION_BAR dimAmount=0.18 naviIconColor=0
04-13 11:30:40.376  1616  2516 V WindowManager:   sfl=100000}
04-13 11:30:40.376  2094  2094 I BufferQueueConsumer: [](id:82e00000047,api:0,p:-1,c:2094) connect: controlledByApp=false
04-13 11:30:40.376  2094  2094 I BLASTBufferQueue: [ViewRootImpl@bc1d18e[UsbDebuggingActivity]#71] constructor()
04-13 11:30:40.377  2094  2094 I ViewRootImpl@bc1d18e[UsbDebuggingActivity]: Relayout returned: old=(0,113,1080,2273) new=(0,1601,1080,2273) req=(1080,672)0 dur=4 res=0x7 s={true -5476376639749644288} ch=true fn=-1
04-13 11:30:40.377  2094  2261 I BufferQueueProducer: [ViewRootImpl@bc1d18e[UsbDebuggingActivity]#71(BLAST Consumer)71](id:82e00000047,api:1,p:2094,c:2094) connect: api=1 producerControlledByApp=true
04-13 11:30:40.377  2094  2094 D ScrollView:  onsize change changed
04-13 11:30:40.377  2094  2261 D OpenGLRenderer: eglCreateWindowSurface
04-13 11:30:40.378  2094  2094 D ScrollView:  onsize change changed
04-13 11:30:40.378  2094  2094 I ViewRootImpl@bc1d18e[UsbDebuggingActivity]: [DP] dp(1) 1 android.view.ViewRootImpl.reportNextDraw:11420 android.view.ViewRootImpl.performTraversals:4193 android.view.ViewRootImpl.doTraversal:2919
04-13 11:30:40.378  2094  2094 D ViewRootImpl@bc1d18e[UsbDebuggingActivity]: Creating frameDrawingCallback nextDrawUseBlastSync=false reportNextDraw=true hasBlurUpdates=false
04-13 11:30:40.378  2094  2094 D ViewRootImpl@bc1d18e[UsbDebuggingActivity]: Creating frameCompleteCallback
04-13 11:30:40.380  2094  3147 D ViewRootImpl@bc1d18e[UsbDebuggingActivity]: Received frameDrawingCallback frameNum=1. Creating transactionCompleteCallback=false
04-13 11:30:40.383  2094  2261 D ViewRootImpl@bc1d18e[UsbDebuggingActivity]: Received frameCompleteCallback  lastAcquiredFrameNum=1 lastAttemptedDrawFrameNum=1
04-13 11:30:40.383  2094  2094 W Looper  : Slow dispatch took 13ms main h=android.view.Choreographer$FrameHandler c=android.view.Choreographer$FrameDisplayEventReceiver@41ea3ef m=0
04-13 11:30:40.384  2094  2094 I ViewRootImpl@bc1d18e[UsbDebuggingActivity]: [DP] pdf(0) 1 android.view.ViewRootImpl.lambda$addFrameCompleteCallbackIfNeeded$3$ViewRootImpl:4995 android.view.ViewRootImpl$$ExternalSyntheticLambda16.run:6 android.os.Handler.handleCallback:938
04-13 11:30:40.384  2094  2094 I ViewRootImpl@bc1d18e[UsbDebuggingActivity]: [DP] rdf()
04-13 11:30:40.384  2094  2094 D ViewRootImpl@bc1d18e[UsbDebuggingActivity]: reportDrawFinished (fn: -1)
04-13 11:30:40.384  1616  4033 D WindowManager: finishDrawingWindow: Window{ee06d68 u0 com.android.systemui/com.android.systemui.usb.UsbDebuggingActivity} mDrawState=DRAW_PENDING
04-13 11:30:40.384  2094  2094 D NavigationBar: onSystemBarAttributesChanged() -  displayId:0, appearance:0, navbarColorManagedByIme:false
04-13 11:30:40.385  2094  2094 D InsetsSourceConsumer: ensureControlAlpha: for ITYPE_NAVIGATION_BAR on com.android.systemui/com.android.systemui.usb.UsbDebuggingActivity
04-13 11:30:40.385  2094  2094 D InsetsSourceConsumer: ensureControlAlpha: for ITYPE_STATUS_BAR on com.android.systemui/com.android.systemui.usb.UsbDebuggingActivity
04-13 11:30:40.386  1616  1658 D WindowManager: Loading animation for app transition. transit=TRANSIT_OLD_TRANSLUCENT_ACTIVITY_OPEN enter=true frame=Rect(0, 113 - 1080, 2273) insets=Rect(0, 0 - 0, 0) surfaceInsets=Rect(6, 6 - 6, 6)
04-13 11:30:40.386  1616  1658 D WindowManager: Show task surface directly in handleOpeningApps.
04-13 11:30:40.386  1616  1658 I SemDvfsHyPerManager: acquire hyper - AMS_RESUME_TAIL/1616@16, type = -999
04-13 11:30:40.386  1616  1658 I SemDvfsHyPerManager: acquire hyper - AMS_ACT_LAZY/1616@17, type = -999
04-13 11:30:40.387  1616  1658 D ActivityManagerPerformance: AMP_acquire() TAIL
04-13 11:30:40.387  1616  1658 D ActivityManagerPerformance: AMP_release() APP_SWITCH
04-13 11:30:40.387  1021  1060 I HYPER-HAL: [RequestManager.cpp]acquire(): Acquired ID : 1332544  [1616 / 16]    HINT : AMS_RESUME_TAIL    list :
04-13 11:30:40.387  1047  1047 I SurfaceFlinger: [ee06d68 com.android.systemui/com.android.systemui.usb.UsbDebuggingActivity#0] FrameRatePriority: 1
04-13 11:30:40.387  1616  2657 W libprocessgroup: Failed to find DoNothingOlaftask profile: Success
04-13 11:30:40.387  1021  1060 I mtkpower_client: perf_lock_rel, hdl:2133, tid:1060
04-13 11:30:40.387  1025  1079 I libPowerHal: [perfLockRel] hdl:2133, idx:2
04-13 11:30:40.388  1021  1060 I mtkpower_client: perf_lock_acq, hdl:0, dur:0, num:2, tid:1060
04-13 11:30:40.388  1616  1658 D TaskOrganizerController: Task appeared taskId=894
04-13 11:30:40.389  1616  2516 D InputDispatcher: Focus request (0): ee06d68 com.android.systemui/com.android.systemui.usb.UsbDebuggingActivity but waiting because NOT_VISIBLE
04-13 11:30:40.389  1616  2516 D InputDispatcher: Focus left window (0): 1b110f3 com.android.settings/com.android.settings.bluetooth.BluetoothPairingDialog
04-13 11:30:40.389  1021  1060 I mtkpower_client: ret_hdl:2136
04-13 11:30:40.389  1021  1060 I mtkpower_client: perf_lock_rel, hdl:2132, tid:1060
04-13 11:30:40.389  1025  1079 I libPowerHal: [perfLockAcq] idx:2 hdl:2136 hint:-1 pid:1021 duration:0 lock_user:vendor.samsung. => ret_hdl:2136
04-13 11:30:40.390  2094  2094 D FullscreenTaskListener: Fullscreen Task Appeared: #894, caller=com.android.wm.shell.ShellTaskOrganizer.onTaskAppeared:387 com.android.wm.shell.ShellTaskOrganizer.onTaskAppeared:376 android.window.TaskOrganizer$1.lambda$onTaskAppeared$4$TaskOrganizer$1:297
04-13 11:30:40.390  7718  7718 I ViewRootImpl@cfff920[BluetoothPairingDialog]: MSG_WINDOW_FOCUS_CHANGED 0 1
04-13 11:30:40.390  1021  1060 I mtkpower_client: perf_lock_acq, hdl:0, dur:0, num:2, tid:1060
04-13 11:30:40.390  1025  1079 I libPowerHal: [perfLockRel] hdl:2132, idx:0
04-13 11:30:40.390  1025  1055 I mtkpower@impl: [setMode] type:5, enabled:0
04-13 11:30:40.390  1616  4033 W ActivityTaskManager: Request to remove task ignored for non-existent task 892
04-13 11:30:40.390  1025  1079 I libPowerHal: cmdSetting - unknown cmd:1c3c000, scmd:(null) ,param_1:0
04-13 11:30:40.391  1025  1079 I libPowerHal: [perfLockAcq] idx:0 hdl:2137 hint:-1 pid:1021 duration:0 lock_user:vendor.samsung. => ret_hdl:2137
04-13 11:30:40.391  1021  1060 I mtkpower_client: ret_hdl:2137
04-13 11:30:40.391  1021  1060 I mtkpower_client: perf_lock_rel, hdl:2134, tid:1060
04-13 11:30:40.391  1025  1079 I libPowerHal: [perfLockRel] hdl:2131, idx:5
04-13 11:30:40.391  1025  1079 I libPowerHal: [PD] LAUNCH update cmd:1410000 param:0
04-13 11:30:40.391  1025  1079 I libPowerHal: [PD] LAUNCH update cmd:1420100 param:0
04-13 11:30:40.391  1025  1079 I libPowerHal: [PD] LAUNCH update cmd:1408300 param:0
04-13 11:30:40.391  1025  1079 I libPowerHal: [PD] LAUNCH update cmd:300c000 param:0
04-13 11:30:40.392  1021  1060 I mtkpower_client: perf_lock_acq, hdl:0, dur:0, num:2, tid:1060
04-13 11:30:40.392  1025  1079 I libPowerHal: [perfLockRel] hdl:2134, idx:6
04-13 11:30:40.392  1025  1079 I libPowerHal: [PD] vendor.samsung. update cmd:1000000, param:-1
04-13 11:30:40.392  1025  1079 I libPowerHal: [PD] vendor.samsung. update cmd:1000000 param:-1
04-13 11:30:40.393  1021  1060 I mtkpower_client: ret_hdl:2138
04-13 11:30:40.393  1021  1060 I mtkpower_client: perf_lock_rel, hdl:2135, tid:1060
04-13 11:30:40.393  1025  1079 I libPowerHal: [perfLockAcq] idx:4 hdl:2138 hint:-1 pid:1021 duration:0 lock_user:vendor.samsung. => ret_hdl:2138
04-13 11:30:40.393  1025  1079 I libPowerHal: [PE] vendor.samsung. update cmd:1000000, param:0
04-13 11:30:40.393  1025  1079 I libPowerHal: [PE] vendor.samsung. update cmd:1000000 param:0
04-13 11:30:40.393  1025  1079 I libPowerHal: [perfLockRel] hdl:2135, idx:3
04-13 11:30:40.393  1021  1060 I mtkpower_client: perf_lock_acq, hdl:0, dur:0, num:2, tid:1060
04-13 11:30:40.393  1025  1079 I libPowerHal: vendor.samsung.: cpu_ctrl set cpu freq: 2000000 -1 -1 -1
04-13 11:30:40.394  1025  1079 I libPowerHal: [perfLockAcq] idx:3 hdl:2139 hint:-1 pid:1021 duration:0 lock_user:vendor.samsung. => ret_hdl:2139
04-13 11:30:40.394  1021  1060 I mtkpower_client: ret_hdl:2139
04-13 11:30:40.394  1025  1079 I libPowerHal: vendor.samsung.: cpu_ctrl set cpu freq: 2000000 -1 2203000 -1
04-13 11:30:40.394  1021  1060 E HYPER-HAL: [HandlerSysfs.cpp]doResourceHandling(): Couldn't Open Sysfs - /sys/kernel/mm/vmscan/am_app_launch
04-13 11:30:40.394  1021  1060 I mtkpower_client: perf_lock_rel, hdl:2137, tid:1060
04-13 11:30:40.394  1025  1079 I libPowerHal: [perfLockRel] hdl:2137, idx:0
04-13 11:30:40.394  1021  1060 I mtkpower_client: perf_lock_acq, hdl:0, dur:0, num:2, tid:1060
04-13 11:30:40.394  1025  1079 I libPowerHal: cmdSetting - unknown cmd:1c3c000, scmd:(null) ,param_1:0
04-13 11:30:40.394  1025  1079 I libPowerHal: [perfLockAcq] idx:0 hdl:2140 hint:-1 pid:1021 duration:0 lock_user:vendor.samsung. => ret_hdl:2140
04-13 11:30:40.394  1021  1060 I mtkpower_client: ret_hdl:2140
04-13 11:30:40.394  1021  1060 I mtkpower_client: perf_lock_rel, hdl:2127, tid:1060
04-13 11:30:40.394  1025  1079 I libPowerHal: [perfLockRel] hdl:2127, idx:1
04-13 11:30:40.394  1025  1079 I libPowerHal: vendor.samsung.: set gpu opp level: 33
04-13 11:30:40.394  1021  1060 I mtkpower_client: perf_lock_rel, hdl:2136, tid:1060
04-13 11:30:40.394  1025  1079 I libPowerHal: vendor.samsung.: set gpu opp level max: 0
04-13 11:30:40.395  1025  1079 I libPowerHal: [perfLockRel] hdl:2136, idx:2
04-13 11:30:40.395  1021  1060 I mtkpower_client: perf_lock_acq, hdl:0, dur:0, num:2, tid:1060
04-13 11:30:40.395  1025  1079 I libPowerHal: vendor.samsung.: cpu_ctrl set cpu freq: -1 -1 2203000 -1
04-13 11:30:40.395  1025  1079 I libPowerHal: [perfLockAcq] idx:1 hdl:2141 hint:-1 pid:1021 duration:0 lock_user:vendor.samsung. => ret_hdl:2141
04-13 11:30:40.395  1021  1060 I mtkpower_client: ret_hdl:2141
04-13 11:30:40.395  1021  1060 I mtkpower_client: perf_lock_rel, hdl:2138, tid:1060
04-13 11:30:40.395  1025  1079 I libPowerHal: vendor.samsung.: cpu_ctrl set cpu freq: 2000000 -1 2203000 -1
04-13 11:30:40.395  1025  1079 I libPowerHal: [perfLockRel] hdl:2138, idx:4
04-13 11:30:40.395  1021  1060 I mtkpower_client: perf_lock_acq, hdl:0, dur:0, num:2, tid:1060
04-13 11:30:40.395  1025  1079 I libPowerHal: [PD] vendor.samsung. update cmd:1000000, param:-1
04-13 11:30:40.395  1025  1079 I libPowerHal: [PD] vendor.samsung. update cmd:1000000 param:-1
04-13 11:30:40.396  1025  1079 I libPowerHal: [perfLockAcq] idx:2 hdl:2142 hint:-1 pid:1021 duration:0 lock_user:vendor.samsung. => ret_hdl:2142
04-13 11:30:40.396  1021  1060 I mtkpower_client: ret_hdl:2142
04-13 11:30:40.396  1021  1060 I mtkpower_client: perf_lock_rel, hdl:2139, tid:1060
04-13 11:30:40.396  1025  1079 I libPowerHal: [PE] vendor.samsung. update cmd:1000000, param:0
04-13 11:30:40.396  1025  1079 I libPowerHal: [PE] vendor.samsung. update cmd:1000000 param:0
04-13 11:30:40.396  1021  1060 I mtkpower_client: perf_lock_acq, hdl:0, dur:0, num:2, tid:1060
04-13 11:30:40.396  1025  1079 I libPowerHal: [perfLockRel] hdl:2139, idx:3
04-13 11:30:40.396  1025  1079 I libPowerHal: vendor.samsung.: cpu_ctrl set cpu freq: 2000000 -1 -1 -1
04-13 11:30:40.396  1021  1060 I mtkpower_client: ret_hdl:2143
04-13 11:30:40.396  1021  1060 I HYPER-HAL: [RequestManager.cpp]releaseLocked(): Released ID : 1335813
04-13 11:30:40.397  1616  1654 D [secipm]: mSecIpmManager report to nap
04-13 11:30:40.397  1616  1654 I PkgPredictorService-SecIpmManagerServiceImpl: reportToNAP uid:10105 com.android.systemui/com.android.systemui.usb.UsbDebuggingActivity thisTime:52
04-13 11:30:40.398  1616  1654 I ActivityTaskManager: Displayed com.android.systemui/.usb.UsbDebuggingActivity: +52ms
04-13 11:30:40.398  1616  1654 I Pageboost: Launch time gathered : pid 2094 com.android.systemui 52
04-13 11:30:40.398  1025  1079 I libPowerHal: [perfLockAcq] idx:3 hdl:2143 hint:-1 pid:1021 duration:0 lock_user:vendor.samsung. => ret_hdl:2143
04-13 11:30:40.398  1025  1079 I libPowerHal: vendor.samsung.: cpu_ctrl set cpu freq: 2000000 -1 2203000 -1
04-13 11:30:40.398  2712  2712 E pageboostd: Received HALT command code 2
04-13 11:30:40.399  1616  2516 D InputDispatcher: Focus entered window (0): ee06d68 com.android.systemui/com.android.systemui.usb.UsbDebuggingActivity
04-13 11:30:40.399  2094  2094 I ViewRootImpl@bc1d18e[UsbDebuggingActivity]: MSG_WINDOW_FOCUS_CHANGED 1 1
04-13 11:30:40.401  1047  1047 D SurfaceFlinger: Display 0 HWC layers:
04-13 11:30:40.401  1047  1047 D SurfaceFlinger:      DEVICE | 0xb40000771fd66c80 | 0100 | RGBA_8888    |    0.0    0.0 1080.0 2408.0 |    0    0 1080 2408 | com.android.settings/com.android.settings.SubSettings$_7718#1
04-13 11:30:40.401  1047  1047 D SurfaceFlinger:      DEVICE | 0xb40000773f623580 | 0100 | RGBA_8888    |    6.0    0.0 1086.0  658.0 |    0 1621 1080 2279 | com.android.settings/com.android.set[...]tooth.BluetoothPairingDialog$_7718#0
04-13 11:30:40.401  1047  1047 D SurfaceFlinger:  SOLID_COLOR |              | 0000 |  Unknown  |    0.0    0.0    0.0    0.0 |    0    0 1080 2408 | Dim Layer for - WindowedMagnification:0:31#0
04-13 11:30:40.401  1047  1047 D SurfaceFlinger:      DEVICE | 0xb40000773f622e00 | 0100 | RGBA_8888    |    6.0    0.0 1086.0  684.0 |    0 1595 1080 2279 | com.android.systemui/com.android.systemui.usb.UsbDebuggingActivity$_2094#0
04-13 11:30:40.401  1047  1047 D SurfaceFlinger:      DEVICE | 0xb40000773f623e80 | 0100 | RGBA_8888    |    0.0    0.0 1080.0  113.0 |    0    0 1080  113 | StatusBar$_2094#0
04-13 11:30:40.401  1047  1047 D SurfaceFlinger:      DEVICE | 0xb40000773f623700 | 0100 | RGBA_8888    |    0.0    0.0 1080.0  135.0 |    0 2273 1080 2408 | NavigationBar0$_2094#0
04-13 11:30:40.401  1047  1047 D SurfaceFlinger:
04-13 11:30:40.452  2660  3915 I RecentModel: onTaskStackChangedBackground
04-13 11:30:40.481  1194  1273 E HfLooper: eventConvertAll, lux = 692.000000
04-13 11:30:40.484  1177  9250 D BufferPoolAccessor2.0: evictor expired: 1, evicted: 0
04-13 11:30:40.641  1194  1273 E HfLooper: eventConvertAll, lux = 699.000000
04-13 11:30:40.694  1021 14398 I mtkpower_client: perf_lock_rel, hdl:2141, tid:14398
04-13 11:30:40.694  1021 14398 I mtkpower_client: perf_lock_acq, hdl:0, dur:0, num:2, tid:14398
04-13 11:30:40.694  1025  1079 I libPowerHal: [perfLockRel] hdl:2141, idx:1
04-13 11:30:40.694  1025  1079 I libPowerHal: vendor.samsung.: cpu_ctrl set cpu freq: -1 -1 2203000 -1
04-13 11:30:40.695  1021 14398 I mtkpower_client: ret_hdl:2144
04-13 11:30:40.695  1021 14398 I mtkpower_client: perf_lock_rel, hdl:2140, tid:14398
04-13 11:30:40.695  1025  1079 I libPowerHal: [perfLockAcq] idx:4 hdl:2144 hint:-1 pid:1021 duration:0 lock_user:vendor.samsung. => ret_hdl:2144
04-13 11:30:40.695  1025  1079 I libPowerHal: vendor.samsung.: cpu_ctrl set cpu freq: 2000000 -1 2203000 -1
04-13 11:30:40.695  1021 14398 I mtkpower_client: perf_lock_acq, hdl:0, dur:0, num:2, tid:14398
04-13 11:30:40.695  1025  1079 I libPowerHal: [perfLockRel] hdl:2140, idx:0
04-13 11:30:40.695  1021 14398 I mtkpower_client: ret_hdl:2145
04-13 11:30:40.696  1021 14398 I mtkpower_client: perf_lock_rel, hdl:2142, tid:14398
04-13 11:30:40.696  1025  1079 I libPowerHal: cmdSetting - unknown cmd:1c3c000, scmd:(null) ,param_1:0
04-13 11:30:40.696  1025  1079 I libPowerHal: [perfLockAcq] idx:0 hdl:2145 hint:-1 pid:1021 duration:0 lock_user:vendor.samsung. => ret_hdl:2145
04-13 11:30:40.696  1021 14398 I mtkpower_client: perf_lock_acq, hdl:0, dur:0, num:2, tid:14398
04-13 11:30:40.696  1025  1079 I libPowerHal: [perfLockRel] hdl:2142, idx:2
04-13 11:30:40.696  1025  1079 I libPowerHal: [PD] vendor.samsung. update cmd:1000000, param:-1
04-13 11:30:40.696  1025  1079 I libPowerHal: [PD] vendor.samsung. update cmd:1000000 param:-1
04-13 11:30:40.696  1021 14398 I mtkpower_client: ret_hdl:2146
04-13 11:30:40.696  1021 14398 I mtkpower_client: perf_lock_rel, hdl:2143, tid:14398
04-13 11:30:40.696  1025  1079 I libPowerHal: [perfLockAcq] idx:1 hdl:2146 hint:-1 pid:1021 duration:0 lock_user:vendor.samsung. => ret_hdl:2146
04-13 11:30:40.697  1025  1079 I libPowerHal: [PE] vendor.samsung. update cmd:1000000, param:0
04-13 11:30:40.697  1025  1079 I libPowerHal: [PE] vendor.samsung. update cmd:1000000 param:0
04-13 11:30:40.697  1021 14398 I mtkpower_client: perf_lock_acq, hdl:0, dur:0, num:2, tid:14398
04-13 11:30:40.697  1025  1079 I libPowerHal: [perfLockRel] hdl:2143, idx:3
04-13 11:30:40.697  1025  1079 I libPowerHal: vendor.samsung.: cpu_ctrl set cpu freq: 2000000 -1 -1 -1
04-13 11:30:40.697  1021 14398 I mtkpower_client: ret_hdl:2147
04-13 11:30:40.697  1021 14398 I HYPER-HAL: [RequestManager.cpp]releaseLocked(): Released ID : 1332544
04-13 11:30:40.697  1025  1079 I libPowerHal: [perfLockAcq] idx:2 hdl:2147 hint:-1 pid:1021 duration:0 lock_user:vendor.samsung. => ret_hdl:2147
04-13 11:30:40.697  1025  1079 I libPowerHal: vendor.samsung.: cpu_ctrl set cpu freq: 2000000 -1 2203000 -1
04-13 11:30:40.801  1194  1273 E HfLooper: eventConvertAll, lux = 702.000000
04-13 11:30:40.860  1052  1067 D ccci_mdinit: (1):monitor_time_update_thread round:2752 ########
04-13 11:30:40.872 31185 31185 D wpa_supplicant: wlan0: BSS: Remove id 1249 BSSID 7e:db:98:cc:b3:b8 SSID 'FPX-GUEST' due to wpa_bss_flush_by_age
04-13 11:30:40.872 31185 31185 D wpa_supplicant: wlan0: BSS: Remove id 1251 BSSID 1a:5b:0e:a7:da:45 SSID 'LusoGuest' due to wpa_bss_flush_by_age
04-13 11:30:40.872 31185 31185 D wpa_supplicant: wlan0: BSS: Remove id 1250 BSSID 08:5b:0e:a7:da:45 SSID 'LusoNetwork' due to wpa_bss_flush_by_age
04-13 11:30:40.872 31185 31185 D wpa_supplicant: wlan0: BSS: Remove id 1264 BSSID c8:ea:f8:33:72:46 SSID 'ZTE_337246' due to wpa_bss_flush_by_age
04-13 11:30:40.872 31185 31185 D wpa_supplicant: wlan0: BSS: Remove id 1266 BSSID e0:23:ff:7b:42:60 SSID 'GEOFRETE' due to wpa_bss_flush_by_age
04-13 11:30:40.872 31185 31185 D wpa_supplicant: wlan0: BSS: Remove id 1260 BSSID fc:ec:da:a7:27:b9 SSID 'FPX-WORK' due to wpa_bss_flush_by_age
04-13 11:30:40.872 31185 31185 D wpa_supplicant: wlan0: BSS: Remove id 1259 BSSID 0c:7b:c8:dd:17:86 SSID 'Meraki' due to wpa_bss_flush_by_age
04-13 11:30:40.872 31185 31185 D wpa_supplicant: wlan0: BSS: Remove id 1253 BSSID fc:ec:da:a8:27:b9 SSID 'FPX-WORK' due to wpa_bss_flush_by_age
04-13 11:30:40.872 31185 31185 D wpa_supplicant: wlan0: BSS: Remove id 1268 BSSID fe:ec:da:a8:27:b9 SSID '' due to wpa_bss_flush_by_age
04-13 11:30:40.872 31185 31185 D wpa_supplicant: wlan0: BSS: Remove id 1269 BSSID 3c:a3:7e:fc:3c:10 SSID 'Vodafone-FC3C05' due to wpa_bss_flush_by_age
04-13 11:30:40.872 31185 31185 D wpa_supplicant: wlan0: BSS: Remove id 1270 BSSID 32:7b:d8:dd:17:86 SSID '' due to wpa_bss_flush_by_age
04-13 11:30:40.872 31185 31185 D wpa_supplicant: wlan0: BSS: Remove id 1271 BSSID 0e:7b:d8:dd:17:86 SSID 'Meraki' due to wpa_bss_flush_by_age
04-13 11:30:40.872 31185 31185 I wpa_supplicant: Heartbeat 3005
04-13 11:30:40.961  1194  1273 E HfLooper: eventConvertAll, lux = 702.000000
04-13 11:30:40.961  1237  2014 D AALLightSensor: oldLux=544 [SA:700 LA:693] newLux=544 (oriLux: 702)
04-13 11:30:41.120  1194  1273 E HfLooper: eventConvertAll, lux = 703.000000
04-13 11:30:41.154  1616  1687 D PowerManagerService: UserActivityStateListenerState: 0
04-13 11:30:41.278  1616  2516 D SamsungAlarmManager: Cancel Alarm calling from uid:10199 pid :17092 / OP:PendingIntent{2218180: PendingIntentRecord{7eb79fb com.google.android.gms/ startService}}
04-13 11:30:41.279  1616  2516 V SamsungAlarmManager: setLocked to kernel - W:72591746 / NW:72538942, now=72520221
04-13 11:30:41.281  1194  1273 E HfLooper: eventConvertAll, lux = 703.000000
04-13 11:30:41.346  1021 14396 E HYPER-HAL: [HandlerSysfs.cpp]doResourceHandling(): Couldn't Open Sysfs - /sys/kernel/mm/vmscan/am_app_launch
04-13 11:30:41.346  1021 14396 I mtkpower_client: perf_lock_rel, hdl:2145, tid:14396
04-13 11:30:41.346  1021 14396 I mtkpower_client: perf_lock_rel, hdl:2144, tid:14396
04-13 11:30:41.346  1025  1079 I libPowerHal: [perfLockRel] hdl:2145, idx:0
04-13 11:30:41.346  1021 14396 I mtkpower_client: perf_lock_rel, hdl:2146, tid:14396
04-13 11:30:41.346  1025  1079 I libPowerHal: [perfLockRel] hdl:2144, idx:4
04-13 11:30:41.347  1025  1079 I libPowerHal: vendor.samsung.: cpu_ctrl set cpu freq: -1 -1 2203000 -1
04-13 11:30:41.347  1021 14396 I mtkpower_client: perf_lock_rel, hdl:2147, tid:14396
04-13 11:30:41.347  1025  1079 I libPowerHal: [perfLockRel] hdl:2146, idx:1
04-13 11:30:41.347  1025  1079 I libPowerHal: [PD] vendor.samsung. update cmd:1000000, param:-1
04-13 11:30:41.347  1025  1079 I libPowerHal: [PD] vendor.samsung. update cmd:1000000 param:-1
04-13 11:30:41.348  1021 14396 I HYPER-HAL: [RequestManager.cpp]releaseLocked(): Released ID : 1330911
04-13 11:30:41.348  1025  1079 I libPowerHal: [perfLockRel] hdl:2147, idx:2
04-13 11:30:41.348  1025  1079 I libPowerHal: vendor.samsung.: cpu_ctrl set cpu freq: -1 -1 -1 -1
04-13 11:30:41.393  1237  1365 D AAL     : onALIChanged: 544 -> 702
04-13 11:30:41.393  1237  1365 D AALLightSensor: Notify lux = 702
04-13 11:30:41.441  1194  1273 E HfLooper: eventConvertAll, lux = 701.000000
04-13 11:30:41.484  1177  9250 D BufferPoolAccessor2.0: bufferpool2 0xe9cdf998 : 0(0 size) total buffers - 0(0 size) used buffers - 51/59 (recycle/alloc) - 8/112 (fetch/transfer)
04-13 11:30:41.484  1177  9250 D BufferPoolAccessor2.0: evictor expired: 1, evicted: 1
04-13 11:30:41.484  1287  1472 D BufferPoolAccessor2.0: bufferpool2 0xb40000752e253c28 : 0(0 size) total buffers - 0(0 size) used buffers - 50/54 (recycle/alloc) - 4/53 (fetch/transfer)
04-13 11:30:41.484  1287  1472 D BufferPoolAccessor2.0: evictor expired: 1, evicted: 1
04-13 11:30:41.582  1616  4033 D SamsungAlarmManager: Cancel Alarm calling from uid:10199 pid :11372 / OP:PendingIntent{6b953b9: PendingIntentRecord{da4ba56 com.google.android.gms/ startService}}
04-13 11:30:41.582  1616  4033 V SamsungAlarmManager: setLocked to kernel - W:72591746 / NW:72538942, now=72520524
04-13 11:30:41.584  1616  4033 I ActivityManager: Killing 6704:com.google.android.permissioncontroller/u0a233 (adj 999): empty #25
04-13 11:30:41.590  1616  1669 I libprocessgroup: Successfully killed process cgroup uid 10233 pid 6704 in 5ms
04-13 11:30:41.601  1194  1273 E HfLooper: eventConvertAll, lux = 698.000000
04-13 11:30:41.605  1616  2191 D InputMethodManagerService: removeClient
04-13 11:30:41.606  1003  1003 I Zygote  : Process 6704 exited due to signal 9 (Killed)
04-13 11:30:41.606  2079  2079 D HidDeviceService: handleMessage(): msg.what=8
04-13 11:30:41.607  1616  1657 W ActivityManager: setHasOverlayUi called on unknown pid: 6704
04-13 11:30:41.698   561   561 D io_stats: !@ 179,0 r 1255468 34309634 w 616852 23617436 d 0 0 f 0 0 iot 659376 0 th 0 0 0 pt 0 inp 0 0 19749.801
04-13 11:30:41.703  1616  1786 D InputReader: Btn_touch(3): value=1 when=19749.806675
04-13 11:30:41.703  1616  1786 I InputReader: Touch event's action is 0x0 (id=3, t=0) [pCnt=1, s=0.453 ] when=19749.806675
04-13 11:30:41.703  1616  1785 I InputDispatcher: Delivering touch to (2094): action: 0x4, f=0x0, d=0, '2acd79a', t=1
04-13 11:30:41.703  1616  1785 I InputDispatcher: Delivering touch to (2094): action: 0x0, f=0x0, d=0, 'ee06d68', t=1 +(0,-1601)
04-13 11:30:41.703  1616  1655 I GestureDetector: obtain mCurrentDownEvent. id: 514626814 caller: com.android.server.wm.SystemGesturesPointerEventListener.onPointerEvent:179 com.android.server.wm.PointerEventDispatcher.onInputEvent:71 android.view.InputEventReceiver.dispatchInputEvent:259
04-13 11:30:41.703  1616  1785 D PowerManagerService: UserActivityStateListenerState: 1
04-13 11:30:41.703  1616  1655 I GestureDetector: obtain mCurrentDownEvent. id: 514626814 caller: com.android.server.wm.SystemPerformancePointerEventListener.onPointerEvent:89 com.android.server.wm.PointerEventDispatcher.onInputEvent:71 android.view.InputEventReceiver.dispatchInputEvent:259
04-13 11:30:41.704  2094  2094 I ViewRootImpl@bc1d18e[UsbDebuggingActivity]: ViewPostIme pointer 0
04-13 11:30:41.708  1616  1655 I GestureDetector: obtain mCurrentMotionEventRaw. action: 2 id: 329139863
04-13 11:30:41.708  1616  1655 I GestureDetector: obtain mCurrentMotionEventRaw. action: 2 id: 329139863
04-13 11:30:41.709  1015  1485 I hwcomposer: [DRMDEV] (0) failed to waitNextVsync: -1
04-13 11:30:41.715  1616  1616 D CompanionDeviceManagerService: TriggerDeviceDisappearedRunnable.run(address = CC:15:31:E9:65:FA)
04-13 11:30:41.718  1015  1485 I hwcomposer: [DRMDEV] (0) failed to waitNextVsync: -1
04-13 11:30:41.729  1015  1485 I hwcomposer: [DRMDEV] (0) failed to waitNextVsync: -1
04-13 11:30:41.740  1015  1485 I hwcomposer: [DRMDEV] (0) failed to waitNextVsync: -1
04-13 11:30:41.751  1015  1485 I hwcomposer: [DRMDEV] (0) failed to waitNextVsync: -1
04-13 11:30:41.761  1194  1273 E HfLooper: eventConvertAll, lux = 703.000000
04-13 11:30:41.762  1015  1485 I hwcomposer: [DRMDEV] (0) failed to waitNextVsync: -1
04-13 11:30:41.773  1015  1485 I hwcomposer: [DRMDEV] (0) failed to waitNextVsync: -1
04-13 11:30:41.796  1616  1786 D InputReader: Btn_touch(3): value=0 when=19749.900488
04-13 11:30:41.796  1616  1786 I InputReader: Touch event's action is 0x1 (id=3, t=0) [pCnt=1, s=] when=19749.900488
04-13 11:30:41.796  1616  1785 I InputDispatcher: Delivering touch to (2094): action: 0x1, f=0x0, d=0, 'ee06d68', t=1 +(0,-1601)
04-13 11:30:41.797  2094  2094 I ViewRootImpl@bc1d18e[UsbDebuggingActivity]: ViewPostIme pointer 1
04-13 11:30:41.806 14382 14385 I adbd    : adbd_auth: received packet: OK
04-13 11:30:41.806 14382 14385 I adbd    : adb client 0 authorized
04-13 11:30:41.806  1616  1654 D AdbDebuggingManager: Logging key QAAAACu1TeV9nrpWZ2hAAsR5vmYyNjXYqEeEO/Jm5LsHhprwnvKFMJ5PHQzezKpiFUgLtDsQrMgBwjeBtH0V+wlpdL3qRczy/84q3QoPw6dg8crBydzoSZ7P/B17FyWzZyAF0TYy1Q7R9dGiiCQ3NlQorLYIyGQIiUGtJJgtZ+WrRmWHD/O1cGEp0YbJXRwNJvqiXLRmYuZCifY1wYYdZ6bGNlJy7wKs4vAnWl8tkZl7Tw+rLRZ1apgOuNV/+pRBKEDhMXTFGRL784Wl1CTxH/my3ItY/cJR0yR9GfUGyQ+07beDt9iYxmuGLnaW5IhFj8Vra68I7SHzMNPerE1hvdrKyHay3+e8ZAJz0bQHHZV8E2+hC2pZliIuwcUmuattsunS4skgEsDamNrED+5QOOCVH/Q4ql3CAkNI0eyyO3P8Tt3El+L26btOFV1nN/q7dwab9awLPrxmXKAbnSz7xHhFe6tZjVmX5c9zLD7GhfWT0CbUT7SLvTz4q8GcJz14LFjJQ/afo67PeLyOBEGueddJzDlvaYZjHUuCqrxVI5+e34CEii8f/IMT1G/BmCd6WmDCY9JzTyWAQ7DHiv4IYymLGXBV80chdpWhvQq6lSha/YL1tNFqAruSiQFm6TaozyyCWC4UZE1//EcwXR+xEXnOPhLBFNzGsxhil4o35iK4egpHQXJKegEAAQA= lcosta@SOLDAH, state = 2, alwaysAllow = false, lastConnectionTime = 0, authWindow = 604800000
04-13 11:30:41.806 14382 14385 I adbd    : adbd_auth: no prompts to send
04-13 11:30:41.806 14382 14382 I adbd    : adb client authorized
04-13 11:30:41.806  1616  1654 D AdbDebuggingManager: handleMessage -> MESSAGE_ADB_ALLOW
04-13 11:30:41.807  1616  2547 V WindowManager: Changing focus from Window{ee06d68 u0 com.android.systemui/com.android.systemui.usb.UsbDebuggingActivity} to Window{1b110f3 u0 com.android.settings/com.android.settings.bluetooth.BluetoothPairingDialog} displayId=0 Callers=com.android.server.wm.RootWindowContainer.updateFocusedWindowLocked:583 com.android.server.wm.WindowManagerService.updateFocusedWindowLocked:6496 com.android.server.wm.DisplayContent.layoutAndAssignWindowLayersIfNeeded:4693 com.android.server.wm.TaskDisplayArea.positionChildTaskAt:560
04-13 11:30:41.807  1616  2547 D MARsPolicyManager: onPackageResumedFG pkgName = com.android.settings, userId = 0
04-13 11:30:41.807  1616  2547 I WindowManager: Cancelling animation restarting=true, leash=Surface(name=Surface(name=372faf2 StatusBar)/@0x638c96e - animation-leash of insets_animation)/@0x7d1e267
04-13 11:30:41.807  1616  2547 I WindowManager: Reparenting to original parent: Surface(name=WindowToken{a12cdfd android.os.BinderProxy@ac275a7})/@0xca1780f, destroy=false, surface=Surface(name=372faf2 StatusBar)/@0x638c96e
04-13 11:30:41.807  1616  2547 I WindowManager: Reparenting to leash, surface=Surface(name=372faf2 StatusBar)/@0x638c96e, leashParent=Surface(name=WindowToken{a12cdfd android.os.BinderProxy@ac275a7})/@0xca1780f
04-13 11:30:41.808  1047  2934 I SurfaceFlinger: id=2878 createSurf (0x0),-1 flag=24000, Surface(name=372faf2 StatusBar)/@0x638c96e - animation-leash of insets_animation#0
04-13 11:30:41.808  1616  2547 D WindowManager: makeSurface duration=1 leash=Surface(name=Surface(name=372faf2 StatusBar)/@0x638c96e - animation-leash of insets_animation)/@0xf4eb75f
04-13 11:30:41.808  1616  2547 I WindowManager: Cancelling animation restarting=true, leash=Surface(name=Surface(name=2acd79a NavigationBar0)/@0xbcd5aa5 - animation-leash of insets_animation)/@0xe51e8bd
04-13 11:30:41.808  1616  2547 I WindowManager: Reparenting to original parent: Surface(name=WindowToken{edd1445 android.os.BinderProxy@b7ff0af})/@0x8ac0e7a, destroy=false, surface=Surface(name=2acd79a NavigationBar0)/@0xbcd5aa5
04-13 11:30:41.808  1616  2547 I WindowManager: Reparenting to leash, surface=Surface(name=2acd79a NavigationBar0)/@0xbcd5aa5, leashParent=Surface(name=WindowToken{edd1445 android.os.BinderProxy@b7ff0af})/@0x8ac0e7a
04-13 11:30:41.809  1047  1122 I SurfaceFlinger: id=2879 createSurf (0x0),-1 flag=24000, Surface(name=2acd79a NavigationBar0)/@0xbcd5aa5 - animation-leash of insets_animation#0
04-13 11:30:41.809  1616  2547 D WindowManager: makeSurface duration=1 leash=Surface(name=Surface(name=2acd79a NavigationBar0)/@0xbcd5aa5 - animation-leash of insets_animation)/@0xd927275
04-13 11:30:41.810  1616  2547 D StatusBarManagerService: notifyRequestedSystemKey recent=false home=true
04-13 11:30:41.811  1616  2547 W WindowManager: Prepare app transition: mNextAppTransitionRequests=[TRANSIT_CLOSE], mNextAppTransitionFlags=, displayId: 0 Callers=com.android.server.wm.DisplayContent.prepareAppTransition:6369 com.android.server.wm.DisplayContent.prepareAppTransition:6364 com.android.server.wm.ActivityRecord.finishIfPossible:3637 com.android.server.wm.ActivityClientController.finishActivity:529 android.app.IActivityClientController$Stub.onTransact:706
04-13 11:30:41.811  1616  2547 W WindowManager: Failed to take screenshot. Main window frame doesn't match for Task{c0f4649 #894 type=standard A=10105:com.android.systemui U=0 visible=false mode=fullscreen translucent=true sz=1}(Rect(0, 0 - 1080, 2408)), win=Window{ee06d68 u0 com.android.systemui/com.android.systemui.usb.UsbDebuggingActivity}(Rect(0, 1601 - 1080, 2273))
04-13 11:30:41.814  7718  7718 D InsetsSourceConsumer: ensureControlAlpha: for ITYPE_NAVIGATION_BAR on com.android.settings/com.android.settings.bluetooth.BluetoothPairingDialog
04-13 11:30:41.814  1015  1141 I hwcomposer: [HWCDisplay] [Display_0 (type:1)] fps:5.416749,dur:1476.90,max:1404.61,min:7.24
04-13 11:30:41.814  2660  3915 I TouchInteractionService: onSystemUiStateChanged, stateFlags : 4325392
04-13 11:30:41.815  2660  2660 I TouchInteractionService: onSystemUiFlagsChanged, userUnlocked
04-13 11:30:41.815  7718  7718 D InsetsSourceConsumer: ensureControlAlpha: for ITYPE_STATUS_BAR on com.android.settings/com.android.settings.bluetooth.BluetoothPairingDialog
04-13 11:30:41.816  1616  2547 I SemDvfsHyPerManager: acquire hyper - AMS_ACT_RESUME/1616@13, type = -999
04-13 11:30:41.817  1616  2547 D ActivityManagerPerformance: AMP_acquire() ACT_RESUME
04-13 11:30:41.817  1021  1060 I HYPER-HAL: [RequestManager.cpp]acquire(): Acquired ID : 1327648  [1616 / 13]    HINT : AMS_ACT_RESUME    list :
04-13 11:30:41.817  1616  2547 W WindowManager: Prepare app transition: mNextAppTransitionRequests=[TRANSIT_CLOSE, TRANSIT_OPEN], mNextAppTransitionFlags=, displayId: 0 Callers=com.android.server.wm.DisplayContent.prepareAppTransition:6369 com.android.server.wm.DisplayContent.prepareAppTransition:6364 com.android.server.wm.Task.resumeTopActivityInnerLocked:8395 com.android.server.wm.Task.resumeTopActivityInnerLocked:8118 com.android.server.wm.Task.resumeTopActivityUncheckedLocked:8016
04-13 11:30:41.817  1616  2547 D InputDispatcher: Focused application set to (0): b7591db
04-13 11:30:41.818  1616  2547 D SGM:GameManager: TaskStackListener.onTaskFocusChanged(), taskId=894, focused=false
04-13 11:30:41.818  1616  2547 D SGM:GameManager: TaskStackListener.onTaskFocusChanged(), taskId=891, focused=true
04-13 11:30:41.818  1616  2547 D SGM:GameManager:   sendRunningComponentFocus(), pkgName: com.android.settings, userId: 0
04-13 11:30:41.818  1616  1800 D SGM:GameManager: onLooperPrepared(), msg: MSG_TASK_FOCUSED, pkgName: com.android.settings, userId: 0
04-13 11:30:41.818  1616  1800 D SGM:GameManager: handleTaskFocused().
04-13 11:30:41.818  1616  1800 D SGM:GameManager: sendFocusOutConditionally() - mPrevNotiPkg: (unknown), userId: 0
04-13 11:30:41.818  1616  1800 D SGM:GameManager:   handleTaskFocused(), pkgName: com.android.settings, userID:0 mResumedPkgMap does not containsKey.
04-13 11:30:41.818  1021  1060 I mtkpower_client: perf_lock_acq, hdl:0, dur:0, num:2, tid:1060
04-13 11:30:41.818  1021  1060 I mtkpower_client: ret_hdl:2148
04-13 11:30:41.818  1021  1060 I mtkpower_client: perf_lock_acq, hdl:0, dur:0, num:2, tid:1060
04-13 11:30:41.819  1021  1060 I mtkpower_client: ret_hdl:2149
04-13 11:30:41.819  1021  1060 I mtkpower_client: perf_lock_acq, hdl:0, dur:0, num:2, tid:1060
04-13 11:30:41.819  1021  1060 I mtkpower_client: ret_hdl:2150
04-13 11:30:41.819  1021  1060 I mtkpower_client: perf_lock_acq, hdl:0, dur:0, num:2, tid:1060
04-13 11:30:41.819  1025  1079 I libPowerHal: [perfLockAcq] idx:0 hdl:2148 hint:-1 pid:1021 duration:0 lock_user:vendor.samsung. => ret_hdl:2148
04-13 11:30:41.819  1025  1079 I libPowerHal: vendor.samsung.: cpu_ctrl set cpu freq: 1115000 -1 -1 -1
04-13 11:30:41.819  1616  2547 V WindowManager: rotationForOrientation(orient=SCREEN_ORIENTATION_UNSPECIFIED (-1), last=ROTATION_0 (0)); user=ROTATION_0 (0) USER_ROTATION_LOCKED
04-13 11:30:41.819  1616  2547 D WindowManager: rotationForOrientation, orientationSource=ActivityRecord{dba304c u0 com.android.settings/.SubSettings t868}
04-13 11:30:41.819  1025  1079 I libPowerHal: cmdSetting - unknown cmd:1c3c000, scmd:(null) ,param_1:0
04-13 11:30:41.819  1025  1079 I libPowerHal: [perfLockAcq] idx:1 hdl:2149 hint:-1 pid:1021 duration:0 lock_user:vendor.samsung. => ret_hdl:2149
04-13 11:30:41.820  1616  2547 V WindowManager: Computed rotation=ROTATION_0 (0) for display id=0 based on lastOrientation=SCREEN_ORIENTATION_UNSPECIFIED (-1) and oldRotation=ROTATION_0 (0), caller=com.android.server.wm.DisplayRotation.updateOrientation:407 com.android.server.wm.DisplayContent.updateOrientation:1939 com.android.server.wm.DisplayContent.updateOrientation:1877 com.android.server.wm.RootWindowContainer.ensureVisibilityAndConfig:2207 com.android.server.wm.Task.resumeTopActivityInnerLocked:8463 com.android.server.wm.Task.resumeTopActivityInnerLocked:8118
04-13 11:30:41.820  1025  1079 I libPowerHal: [perfLockAcq] idx:2 hdl:2150 hint:-1 pid:1021 duration:0 lock_user:vendor.samsung. => ret_hdl:2150
04-13 11:30:41.820  1025  1079 I libPowerHal: vendor.samsung.: set gpu opp level: 14
04-13 11:30:41.820  1025  1079 I libPowerHal: vendor.samsung.: set gpu opp level max: 0
04-13 11:30:41.820  1616  2547 D TspStateManager: updateCustomValue customSetting=
04-13 11:30:41.820  1616  2547 D TspStateManager: updateCustomValue customSetting=
04-13 11:30:41.821  1025  1079 I libPowerHal: [perfLockAcq] idx:3 hdl:2151 hint:-1 pid:1021 duration:0 lock_user:vendor.samsung. => ret_hdl:2151
04-13 11:30:41.821  1021  1060 I mtkpower_client: ret_hdl:2151
04-13 11:30:41.821  1021  1060 I mtkpower_client: perf_lock_acq, hdl:0, dur:0, num:2, tid:1060
04-13 11:30:41.821  7718  7718 I ViewRootImpl@6c173e4[BluetoothPairingDialog]: stopped(false) old=false
04-13 11:30:41.821  7718  7718 I ViewRootImpl@cfff920[BluetoothPairingDialog]: stopped(false) old=false
04-13 11:30:41.821  1025  1079 I libPowerHal: [PE] vendor.samsung. update cmd:1000000, param:1
04-13 11:30:41.821  1025  1079 I libPowerHal: [PE] vendor.samsung. update cmd:1000000 param:1
04-13 11:30:41.821  1616  2547 W WindowManager: Execute app transition: mNextAppTransitionRequests=[TRANSIT_CLOSE, TRANSIT_OPEN], mNextAppTransitionFlags=, displayId: 0 Callers=com.android.server.wm.RootWindowContainer.executeAppTransitionForAllDisplay:2706 com.android.server.wm.ActivityTaskSupervisor.reportResumedActivityLocked:2252 com.android.server.wm.ActivityRecord.completeResumeLocked:6354 com.android.server.wm.Task.resumeTopActivityInnerLocked:8553 com.android.server.wm.Task.resumeTopActivityInnerLocked:8118
04-13 11:30:41.821  1021  1060 I mtkpower_client: ret_hdl:2152
04-13 11:30:41.822  1616  2547 W WindowManager: Execute app transition: mNextAppTransitionRequests=[TRANSIT_CLOSE, TRANSIT_OPEN], mNextAppTransitionFlags=, displayId: 0 Callers=com.android.server.wm.Task.executeAppTransition:9997 com.android.server.wm.Task.resumeTopActivityInnerLocked:8161 com.android.server.wm.Task.resumeTopActivityInnerLocked:8118 com.android.server.wm.Task.resumeTopActivityUncheckedLocked:8016 com.android.server.wm.RootWindowContainer.resumeFocusedTasksTopActivities:2809
04-13 11:30:41.822  1025  1079 I libPowerHal: [perfLockAcq] idx:4 hdl:2152 hint:-1 pid:1021 duration:0 lock_user:vendor.samsung. => ret_hdl:2152
04-13 11:30:41.822  1025  1079 I libPowerHal: vendor.samsung.: cpu_ctrl set cpu freq: 1115000 -1 1719000 -1
04-13 11:30:41.822  1616  2547 W WindowManager: Execute app transition: mNextAppTransitionRequests=[TRANSIT_CLOSE, TRANSIT_OPEN], mNextAppTransitionFlags=, displayId: 0 Callers=com.android.server.wm.Task.executeAppTransition:9997 com.android.server.wm.Task.resumeTopActivityInnerLocked:8161 com.android.server.wm.Task.resumeTopActivityInnerLocked:8118 com.android.server.wm.Task.resumeTopActivityUncheckedLocked:8016 com.android.server.wm.Task.resumeTopActivityUncheckedLocked:8101
04-13 11:30:41.822  7718  7718 D SamsungAnalytics605015: user do not agree
04-13 11:30:41.823  1616  2006 V SystemKeyManager: requestSystemKeyEvent() is called keyCode=3 componentName=ComponentInfo{com.android.settings/com.android.settings.bluetooth.BluetoothPairingDialog} request=true
04-13 11:30:41.824  1047  1047 I BufferQueueProducer: [com.android.systemui/com.android.systemui.usb.UsbDebuggingActivity$_2094#0](this:0xb40000770f8bf950,id:-1,api:0,p:-1,c:1047) queueBuffer: fps=1.39 dur=1437.12 max=1426.35 min=10.77
04-13 11:30:41.824  1616  2547 D WindowManager: Loading animation for app transition. transit=TRANSIT_OLD_TRANSLUCENT_ACTIVITY_CLOSE enter=false frame=Rect(0, 0 - 1080, 2160) insets=Rect(0, 0 - 0, 0) surfaceInsets=Rect(0, 0 - 0, 0)
04-13 11:30:41.824  1047  1047 I SurfaceFlinger: [ee06d68 com.android.systemui/com.android.systemui.usb.UsbDebuggingActivity#0] FrameRatePriority: -1
04-13 11:30:41.824  1047  1047 I SurfaceFlinger: [1b110f3 com.android.settings/com.android.settings.bluetooth.BluetoothPairingDialog#0] FrameRatePriority: 1
04-13 11:30:41.825  1616  2547 I WindowManager: Reparenting to leash, surface=Surface(name=Task=894)/@0x1b8920a, leashParent=Surface(name=DefaultTaskDisplayArea)/@0xea17b9d
04-13 11:30:41.825  1047  2934 I SurfaceFlinger: id=2880 createSurf (0x0),-1 flag=24000, Surface(name=Task=894)/@0x1b8920a - animation-leash of app_transition#0
04-13 11:30:41.826  1616  2547 D WindowManager: makeSurface duration=1 leash=Surface(name=Surface(name=Task=894)/@0x1b8920a - animation-leash of app_transition)/@0x5d16a7b
04-13 11:30:41.826  1616  2006 D InputDispatcher: Focus left window (0): ee06d68 com.android.systemui/com.android.systemui.usb.UsbDebuggingActivity
04-13 11:30:41.826  1616  2006 D InputDispatcher: Focus entered window (0): 1b110f3 com.android.settings/com.android.settings.bluetooth.BluetoothPairingDialog
04-13 11:30:41.826  7718  7718 I ViewRootImpl@cfff920[BluetoothPairingDialog]: MSG_WINDOW_FOCUS_CHANGED 1 1
04-13 11:30:41.828  1047  1047 D SurfaceFlinger: Display 0 HWC layers:
04-13 11:30:41.828  1047  1047 D SurfaceFlinger:      DEVICE | 0xb40000771fd66c80 | 0100 | RGBA_8888    |    0.0    0.0 1080.0 2408.0 |    0    0 1080 2408 | com.android.settings/com.android.settings.SubSettings$_7718#1
04-13 11:30:41.828  1047  1047 D SurfaceFlinger:  SOLID_COLOR |              | 0000 |  Unknown  |    0.0    0.0    0.0    0.0 |    0    0 1080 2408 | Dim Layer for - WindowedMagnification:0:31#0
04-13 11:30:41.828  1047  1047 D SurfaceFlinger:      DEVICE | 0xb40000773f623580 | 0100 | RGBA_8888    |    6.0    0.0 1086.0  658.0 |    0 1621 1080 2279 | com.android.settings/com.android.set[...]tooth.BluetoothPairingDialog$_7718#0
04-13 11:30:41.828  1047  1047 D SurfaceFlinger:      DEVICE | 0xb40000770f8f0600 | 0100 | RGBA_8888    |    6.0    0.0 1086.0  684.0 |    0 1595 1080 2279 | com.android.systemui/com.android.systemui.usb.UsbDebuggingActivity$_2094#0
04-13 11:30:41.828  1047  1047 D SurfaceFlinger:      DEVICE | 0xb40000773f623e80 | 0100 | RGBA_8888    |    0.0    0.0 1080.0  113.0 |    0    0 1080  113 | StatusBar$_2094#0
04-13 11:30:41.828  1047  1047 D SurfaceFlinger:      DEVICE | 0xb40000773f623700 | 0100 | RGBA_8888    |    0.0    0.0 1080.0  135.0 |    0 2273 1080 2408 | NavigationBar0$_2094#0
04-13 11:30:41.828  1047  1047 D SurfaceFlinger:
04-13 11:30:41.829  2094  2094 W Looper  : Slow dispatch took 14ms main h=android.app.ActivityThread$H c=null m=159
04-13 11:30:41.830  2094  2094 V ShadeControllerImpl: NotificationShadeWindow: com.android.systemui.statusbar.phone.NotificationShadeWindowView{b31b37c I.E...... ......ID 0,0-1080,2408} canPanelBeCollapsed(): false
04-13 11:30:41.830  1047  1121 I SurfaceFlinger: id=2877 Removed Surface(name=2acd79a NavigationBar0)/@0xbcd5aa5 - animation-leash of insets_animation#1 (129)
04-13 11:30:41.830  2094  2094 D Bubbles : setExpanded: false
04-13 11:30:41.830  1047  1121 I SurfaceFlinger: id=2876 Removed Surface(name=372faf2 StatusBar)/@0x638c96e - animation-leash of insets_animation#1 (129)
04-13 11:30:41.830  2094  2094 D Bubbles : setExpandedInternal: shouldExpand=false
04-13 11:30:41.830  2094  2094 I ViewRootImpl@bc1d18e[UsbDebuggingActivity]: MSG_WINDOW_FOCUS_CHANGED 0 1
04-13 11:30:41.831  1616  1799 V ActivityManager: Changed top to ProcessRecord{58a391f 7718:com.android.settings/1000}
04-13 11:30:41.833  1616  1657 D SGM:GameManager: notePauseComponent(), received pkgName: com.android.systemui, userId: 0
04-13 11:30:41.833  1616  1616 I CocktailBarManagerServiceContainer: handleMessage: entry what = 6
04-13 11:30:41.833  1616  1616 I CocktailBarManagerServiceImpl: notePauseComponent : no active host
04-13 11:30:41.835  1616  1657 D SGM:GameManager: identifyGamePackage. com.android.settings, mCurrentUserId: 0, callerUserId: 0, callingMethodInfo: com.android.server.ssrm.fgapps.GameAppUtils.isGame(GameAppUtils.java:84)
04-13 11:30:41.836  1616  1657 D SGM:PkgDataHelper: getGamePkgData(). com.android.settings
04-13 11:30:41.836  1047  1047 I Layer   : id=2877 Destroyed Surface(name=2acd79a NavigationBar0)/@0xbcd5aa5 - animation-leash of insets_animation#1
04-13 11:30:41.836  1047  1047 I Layer   : id=2876 Destroyed Surface(name=372faf2 StatusBar)/@0x638c96e - animation-leash of insets_animation#1
04-13 11:30:41.836  1616  1657 D SGM:GameManager: noteResumeComponent(), received pkgName: com.android.settings, userId: 0
04-13 11:30:41.836  1616  1800 D SGM:GameManager: onLooperPrepared(), msg: MSG_APP_RESUME, pkgName: com.android.settings, userid: 0
04-13 11:30:41.836  1616  1800 D SGM:GameManager: handleResume().
04-13 11:30:41.836  1616  1800 D SGM:GameManager: sendFocusOutConditionally() - mPrevNotiPkg: (unknown), userId: 0
04-13 11:30:41.836  1616  1800 D SGM:GameManager:   handleResume(). pkgName: com.android.settings, userId: 0, isTunableApp: null
04-13 11:30:41.836  1616  1800 D SGM:GameManager: notifyFocusInOut(). of pkg: com.android.settings, type: 4, isMinimized: false, isTunableApp: false, userId: 0
04-13 11:30:41.836  1616  1800 D SGM:GameManager:   notifyFocusInOut(). unexpected mPrevNotiType: -1
04-13 11:30:41.836  1616  1800 D SGM:NetworkLimit: callRelease
04-13 11:30:41.836  1616  1800 D SGM:SystemHelper: callReleaseBlock needReleaseBlock:false
04-13 11:30:41.837  1616  1657 I GameSDK@LifeCycle: noteResumeComponent(): package name  : com.android.settings
04-13 11:30:41.837  1616  1616 I CocktailBarManagerServiceContainer: handleMessage: entry what = 5
04-13 11:30:41.837  1616  1616 I CocktailBarManagerServiceImpl: noteResumeComponent : no active host
04-13 11:30:41.838  2094  2094 I ViewRootImpl@bc1d18e[UsbDebuggingActivity]: stopped(true) old=false
04-13 11:30:41.844  2094  2261 D OpenGLRenderer: setSurface called with nullptr
04-13 11:30:41.844  2094  2261 D OpenGLRenderer: setSurface() destroyed EGLSurface
04-13 11:30:41.844  2094  2261 D OpenGLRenderer: destroyEglSurface
04-13 11:30:41.845  2094  2261 I BufferQueueProducer: [ViewRootImpl@bc1d18e[UsbDebuggingActivity]#71(BLAST Consumer)71](id:82e00000047,api:1,p:2094,c:2094) disconnect: api 1
04-13 11:30:41.845  2094  2261 D OpenGLRenderer: endAllActiveAnimators on 0xb400007613ecb400 (InsetDrawable) with handle 0xb4000076225cf440
04-13 11:30:41.845  2094  2094 I ViewRootImpl@bc1d18e[UsbDebuggingActivity]: dispatchDetachedFromWindow
04-13 11:30:41.846  1158  3945 I CameraService: onUidStateChanged: uid=10105, procState is changed. (1 -> 0)
04-13 11:30:41.846  1616  1657 I AppOps  : updateUidProcState uid: 10105 procState: 0 capability:15
04-13 11:30:41.847  1616  2006 D InputTransport: Input channel destroyed: 'ee06d68', fd=736
04-13 11:30:41.847  1616  2006 W InputManager-JNI: Input channel object 'ee06d68 com.android.systemui/com.android.systemui.usb.UsbDebuggingActivity (client)' was disposed without first being removed with the input manager!
04-13 11:30:41.847  1616  2006 D InputTransport: Input channel destroyed: 'ee06d68', fd=742
04-13 11:30:41.848  1616  2006 I WindowManager: Reparenting to leash, surface=Surface(name=ee06d68 com.android.systemui/com.android.systemui.usb.UsbDebuggingActivity)/@0x6023357, leashParent=Surface(name=ActivityRecord{cc46450 u0 com.android.systemui/.usb.UsbDebuggingActivity t894})/@0x6de8e44
04-13 11:30:41.849  1047  1121 I SurfaceFlinger: id=2881 createSurf (0x0),-1 flag=24000, Surface(name=ee06d68 com.android.systemui/com.android.systemui.usb.UsbDebuggingActivity)/@0x6023357 - animation-leash of window_animation#0
04-13 11:30:41.849  1616  2006 D WindowManager: makeSurface duration=1 leash=Surface(name=Surface(name=ee06d68 com.android.systemui/com.android.systemui.usb.UsbDebuggingActivity)/@0x6023357 - animation-leash of window_animation)/@0x8b37b2d
