04-13 11:31:22.667  1237  1350 D AAL     : LABC: LABC after setTarget isSmoothBacklight=0
04-13 11:31:22.676  1022  1022 I SehLight: lcd : 105+
04-13 11:31:22.677  1022  1022 I SehLight: lcd : 105-
04-13 11:31:22.678  1237  1350 I AALCust : Backlight Bits: 10bit
04-13 11:31:22.678  1237  1350 D AAL     : onBacklightChanged: 429/1023 -> 421/1023(phy:1685/4095)
04-13 11:31:22.678  1237  1350 D AAL     : LABC: LABC after setTarget isSmoothBacklight=0
04-13 11:31:22.679  1237  1350 D AAL     : 04-13 11:31:22.634 BL= 453,ESS= 256, 04-13 11:31:22.646 BL= 445,ESS= 256, 04-13 11:31:22.657 BL= 437,ESS= 256, 04-13 11:31:22.668 BL= 429,ESS= 256, 04-13 11:31:22.679 BL= 421,ESS= 256,
04-13 11:31:22.688  1022  1022 I SehLight: lcd : 103+
04-13 11:31:22.688  1022  1022 I SehLight: lcd : 103-
04-13 11:31:22.689  1237  1350 I AALCust : Backlight Bits: 10bit
04-13 11:31:22.689  1237  1350 D AAL     : onBacklightChanged: 421/1023 -> 413/1023(phy:1653/4095)
04-13 11:31:22.689  1237  1350 D AAL     : LABC: LABC after setTarget isSmoothBacklight=0
04-13 11:31:22.699  1022  1022 I SehLight: lcd : 101+
04-13 11:31:22.700  1022  1022 I SehLight: lcd : 101-
04-13 11:31:22.700  1237  1350 I AALCust : Backlight Bits: 10bit
04-13 11:31:22.700  1237  1350 D AAL     : onBacklightChanged: 413/1023 -> 405/1023(phy:1621/4095)
04-13 11:31:22.700  1237  1350 D AAL     : LABC: LABC after setTarget isSmoothBacklight=0
04-13 11:31:22.710  1022  1022 I SehLight: lcd : 99+
04-13 11:31:22.710  1022  1022 I SehLight: lcd : 99-
04-13 11:31:22.711  1237  1350 I AALCust : Backlight Bits: 10bit
04-13 11:31:22.711  1237  1350 D AAL     : onBacklightChanged: 405/1023 -> 397/1023(phy:1589/4095)
04-13 11:31:22.711  1237  1350 D AAL     : LABC: LABC after setTarget isSmoothBacklight=0
04-13 11:31:22.721  1194  1273 E HfLooper: eventConvertAll, lux = 527.000000
04-13 11:31:22.721  1022  1022 I SehLight: lcd : 97+
04-13 11:31:22.721  1022  1022 I SehLight: lcd : 97-
04-13 11:31:22.722  1237  1350 I AALCust : Backlight Bits: 10bit
04-13 11:31:22.723  1237  1350 D AAL     : onBacklightChanged: 397/1023 -> 389/1023(phy:1557/4095)
04-13 11:31:22.723  1237  1350 D AAL     : LABC: LABC after setTarget isSmoothBacklight=0
04-13 11:31:22.732  1022  1022 I SehLight: lcd : 95+
04-13 11:31:22.732  1022  1022 I SehLight: lcd : 95-
04-13 11:31:22.733  1237  1350 I AALCust : Backlight Bits: 10bit
04-13 11:31:22.734  1237  1350 D AAL     : onBacklightChanged: 389/1023 -> 381/1023(phy:1525/4095)
04-13 11:31:22.734  1237  1350 D AAL     : LABC: LABC after setTarget isSmoothBacklight=0
04-13 11:31:22.734  1237  1350 D AAL     : 04-13 11:31:22.690 BL= 413,ESS= 256, 04-13 11:31:22.701 BL= 405,ESS= 256, 04-13 11:31:22.712 BL= 397,ESS= 256, 04-13 11:31:22.723 BL= 389,ESS= 256, 04-13 11:31:22.734 BL= 381,ESS= 256,
04-13 11:31:22.742  1022  1022 I SehLight: lcd : 93+
04-13 11:31:22.742  1022  1022 I SehLight: lcd : 93-
04-13 11:31:22.744  1237  1350 I AALCust : Backlight Bits: 10bit
04-13 11:31:22.745  1237  1350 D AAL     : onBacklightChanged: 381/1023 -> 373/1023(phy:1493/4095)
04-13 11:31:22.745  1237  1350 D AAL     : LABC: LABC after setTarget isSmoothBacklight=0
04-13 11:31:22.754  1022  1022 I SehLight: lcd : 91+
04-13 11:31:22.754  1022  1022 I SehLight: lcd : 91-
04-13 11:31:22.755  1237  1350 I AALCust : Backlight Bits: 10bit
04-13 11:31:22.756  1237  1350 D AAL     : onBacklightChanged: 373/1023 -> 365/1023(phy:1461/4095)
04-13 11:31:22.756  1237  1350 D AAL     : LABC: LABC after setTarget isSmoothBacklight=0
04-13 11:31:22.765  1022  1022 I SehLight: lcd : 89+
04-13 11:31:22.765  1022  1022 I SehLight: lcd : 89-
04-13 11:31:22.767  1237  1350 I AALCust : Backlight Bits: 10bit
04-13 11:31:22.767  1237  1350 D AAL     : onBacklightChanged: 365/1023 -> 357/1023(phy:1429/4095)
04-13 11:31:22.767  1237  1350 D AAL     : LABC: LABC after setTarget isSmoothBacklight=0
04-13 11:31:22.776  1022  1022 I SehLight: lcd : 87+
04-13 11:31:22.776  1022  1022 I SehLight: lcd : 87-
04-13 11:31:22.778  1237  1350 I AALCust : Backlight Bits: 10bit
04-13 11:31:22.778  1237  1350 D AAL     : onBacklightChanged: 357/1023 -> 349/1023(phy:1397/4095)
04-13 11:31:22.778  1237  1350 D AAL     : LABC: LABC after setTarget isSmoothBacklight=0
04-13 11:31:22.787  1022  1022 I SehLight: lcd : 85+
04-13 11:31:22.787  1022  1022 I SehLight: lcd : 85-
04-13 11:31:22.789  1237  1350 I AALCust : Backlight Bits: 10bit
04-13 11:31:22.789  1237  1350 D AAL     : onBacklightChanged: 349/1023 -> 341/1023(phy:1365/4095)
04-13 11:31:22.789  1237  1350 D AAL     : LABC: LABC after setTarget isSmoothBacklight=0
04-13 11:31:22.789  1237  1350 D AAL     : 04-13 11:31:22.745 BL= 373,ESS= 256, 04-13 11:31:22.756 BL= 365,ESS= 256, 04-13 11:31:22.767 BL= 357,ESS= 256, 04-13 11:31:22.778 BL= 349,ESS= 256, 04-13 11:31:22.789 BL= 341,ESS= 256,
04-13 11:31:22.798  1022  1022 I SehLight: lcd : 83+
04-13 11:31:22.798  1022  1022 I SehLight: lcd : 83-
04-13 11:31:22.800  1237  1350 I AALCust : Backlight Bits: 10bit
04-13 11:31:22.800  1237  1350 D AAL     : onBacklightChanged: 341/1023 -> 333/1023(phy:1333/4095)
04-13 11:31:22.800  1237  1350 D AAL     : LABC: LABC after setTarget isSmoothBacklight=0
04-13 11:31:22.809  1022  1022 I SehLight: lcd : 81+
04-13 11:31:22.809  1022  1022 I SehLight: lcd : 81-
04-13 11:31:22.811  1237  1350 I AALCust : Backlight Bits: 10bit
04-13 11:31:22.811  1237  1350 D AAL     : onBacklightChanged: 333/1023 -> 325/1023(phy:1301/4095)
04-13 11:31:22.811  1237  1350 D AAL     : LABC: LABC after setTarget isSmoothBacklight=0
04-13 11:31:22.820  1022  1022 I SehLight: lcd : 79+
04-13 11:31:22.820  1022  1022 I SehLight: lcd : 79-
04-13 11:31:22.822  1237  1350 I AALCust : Backlight Bits: 10bit
04-13 11:31:22.822  1237  1350 D AAL     : onBacklightChanged: 325/1023 -> 317/1023(phy:1269/4095)
04-13 11:31:22.822  1237  1350 D AAL     : LABC: LABC after setTarget isSmoothBacklight=0
04-13 11:31:22.830  1022  1022 I SehLight: lcd : 77+
04-13 11:31:22.831  1022  1022 I SehLight: lcd : 77-
04-13 11:31:22.833  1237  1350 I AALCust : Backlight Bits: 10bit
04-13 11:31:22.833  1237  1350 D AAL     : onBacklightChanged: 317/1023 -> 309/1023(phy:1237/4095)
04-13 11:31:22.833  1237  1350 D AAL     : LABC: LABC after setTarget isSmoothBacklight=0
04-13 11:31:22.842  1022  1022 I SehLight: lcd : 75+
04-13 11:31:22.842  1022  1022 I SehLight: lcd : 75-
04-13 11:31:22.844  1237  1350 I AALCust : Backlight Bits: 10bit
04-13 11:31:22.844  1237  1350 D AAL     : onBacklightChanged: 309/1023 -> 301/1023(phy:1205/4095)
04-13 11:31:22.844  1237  1350 D AAL     : LABC: LABC after setTarget isSmoothBacklight=0
04-13 11:31:22.844  1237  1350 D AAL     : 04-13 11:31:22.800 BL= 333,ESS= 256, 04-13 11:31:22.811 BL= 325,ESS= 256, 04-13 11:31:22.822 BL= 317,ESS= 256, 04-13 11:31:22.833 BL= 309,ESS= 256, 04-13 11:31:22.844 BL= 301,ESS= 256,
04-13 11:31:22.853  1022  1022 I SehLight: lcd : 73+
04-13 11:31:22.853  1022  1022 I SehLight: lcd : 73-
04-13 11:31:22.855  1237  1350 I AALCust : Backlight Bits: 10bit
04-13 11:31:22.855  1237  1350 D AAL     : onBacklightChanged: 301/1023 -> 293/1023(phy:1173/4095)
04-13 11:31:22.855  1237  1350 D AAL     : LABC: LABC after setTarget isSmoothBacklight=0
04-13 11:31:22.864  1022  1022 I SehLight: lcd : 71+
04-13 11:31:22.864  1022  1022 I SehLight: lcd : 71-
04-13 11:31:22.866  1237  1350 I AALCust : Backlight Bits: 10bit
04-13 11:31:22.866  1237  1350 D AAL     : onBacklightChanged: 293/1023 -> 285/1023(phy:1141/4095)
04-13 11:31:22.866  1237  1350 D AAL     : LABC: LABC after setTarget isSmoothBacklight=0
04-13 11:31:22.875  1022  1022 I SehLight: lcd : 69+
04-13 11:31:22.875  1022  1022 I SehLight: lcd : 69-
04-13 11:31:22.877  1237  1350 I AALCust : Backlight Bits: 10bit
04-13 11:31:22.877  1237  1350 D AAL     : onBacklightChanged: 285/1023 -> 277/1023(phy:1109/4095)
04-13 11:31:22.877  1237  1350 D AAL     : LABC: LABC after setTarget isSmoothBacklight=0
04-13 11:31:22.881  1194  1273 E HfLooper: eventConvertAll, lux = 527.000000
04-13 11:31:22.886  1022  1022 I SehLight: lcd : 67+
04-13 11:31:22.886  1022  1022 I SehLight: lcd : 67-
04-13 11:31:22.888  1237  1350 I AALCust : Backlight Bits: 10bit
04-13 11:31:22.888  1237  1350 D AAL     : onBacklightChanged: 277/1023 -> 269/1023(phy:1077/4095)
04-13 11:31:22.888  1237  1350 D AAL     : LABC: LABC after setTarget isSmoothBacklight=0
04-13 11:31:22.897  1022  1022 I SehLight: lcd : 65+
04-13 11:31:22.897  1022  1022 I SehLight: lcd : 65-
04-13 11:31:22.899  1237  1350 I AALCust : Backlight Bits: 10bit
04-13 11:31:22.899  1237  1350 D AAL     : onBacklightChanged: 269/1023 -> 261/1023(phy:1045/4095)
04-13 11:31:22.900  1237  1350 D AAL     : LABC: LABC after setTarget isSmoothBacklight=0
04-13 11:31:22.900  1237  1350 D AAL     : 04-13 11:31:22.855 BL= 293,ESS= 256, 04-13 11:31:22.866 BL= 285,ESS= 256, 04-13 11:31:22.878 BL= 277,ESS= 256, 04-13 11:31:22.889 BL= 269,ESS= 256, 04-13 11:31:22.900 BL= 261,ESS= 256,
04-13 11:31:22.908  1022  1022 I SehLight: lcd : 63+
04-13 11:31:22.908  1022  1022 I SehLight: lcd : 63-
04-13 11:31:22.910  1237  1350 I AALCust : Backlight Bits: 10bit
04-13 11:31:22.911  1237  1350 D AAL     : onBacklightChanged: 261/1023 -> 253/1023(phy:1012/4095)
04-13 11:31:22.911  1237  1350 D AAL     : LABC: LABC after setTarget isSmoothBacklight=0
04-13 11:31:22.919  1022  1022 I SehLight: lcd : 61+
04-13 11:31:22.919  1022  1022 I SehLight: lcd : 61-
04-13 11:31:22.922  1237  1350 I AALCust : Backlight Bits: 10bit
04-13 11:31:22.922  1237  1350 D AAL     : onBacklightChanged: 253/1023 -> 245/1023(phy:980/4095)
04-13 11:31:22.922  1237  1350 D AAL     : LABC: LABC after setTarget isSmoothBacklight=0
04-13 11:31:22.930  1022  1022 I SehLight: lcd : 59+
04-13 11:31:22.930  1022  1022 I SehLight: lcd : 59-
04-13 11:31:22.933  1237  1350 I AALCust : Backlight Bits: 10bit
04-13 11:31:22.933  1237  1350 D AAL     : onBacklightChanged: 245/1023 -> 237/1023(phy:948/4095)
04-13 11:31:22.933  1237  1350 D AAL     : LABC: LABC after setTarget isSmoothBacklight=0
04-13 11:31:22.941  1022  1022 I SehLight: lcd : 57+
04-13 11:31:22.941  1022  1022 I SehLight: lcd : 57-
04-13 11:31:22.944  1237  1350 I AALCust : Backlight Bits: 10bit
04-13 11:31:22.944  1237  1350 D AAL     : onBacklightChanged: 237/1023 -> 229/1023(phy:916/4095)
04-13 11:31:22.944  1237  1350 D AAL     : LABC: LABC after setTarget isSmoothBacklight=0
04-13 11:31:22.953  1022  1022 I SehLight: lcd : 55+
04-13 11:31:22.953  1022  1022 I SehLight: lcd : 55-
04-13 11:31:22.955  1237  1350 I AALCust : Backlight Bits: 10bit
04-13 11:31:22.955  1237  1350 D AAL     : onBacklightChanged: 229/1023 -> 221/1023(phy:884/4095)
04-13 11:31:22.955  1237  1350 D AAL     : LABC: LABC after setTarget isSmoothBacklight=0
04-13 11:31:22.955  1237  1350 D AAL     : 04-13 11:31:22.911 BL= 253,ESS= 256, 04-13 11:31:22.922 BL= 245,ESS= 256, 04-13 11:31:22.933 BL= 237,ESS= 256, 04-13 11:31:22.944 BL= 229,ESS= 256, 04-13 11:31:22.955 BL= 221,ESS= 256,
04-13 11:31:22.964  1022  1022 I SehLight: lcd : 53+
04-13 11:31:22.964  1022  1022 I SehLight: lcd : 53-
04-13 11:31:22.966  1237  1350 I AALCust : Backlight Bits: 10bit
04-13 11:31:22.966  1237  1350 D AAL     : onBacklightChanged: 221/1023 -> 213/1023(phy:852/4095)
04-13 11:31:22.966  1237  1350 D AAL     : LABC: LABC after setTarget isSmoothBacklight=0
04-13 11:31:22.975  1022  1022 I SehLight: lcd : 51+
04-13 11:31:22.975  1022  1022 I SehLight: lcd : 51-
04-13 11:31:22.977  1237  1350 I AALCust : Backlight Bits: 10bit
04-13 11:31:22.977  1237  1350 D AAL     : onBacklightChanged: 213/1023 -> 205/1023(phy:820/4095)
04-13 11:31:22.977  1237  1350 D AAL     : LABC: LABC after setTarget isSmoothBacklight=0
04-13 11:31:22.986  1022  1022 I SehLight: lcd : 49+
04-13 11:31:22.986  1022  1022 I SehLight: lcd : 49-
04-13 11:31:22.988  1237  1350 I AALCust : Backlight Bits: 10bit
04-13 11:31:22.988  1237  1350 D AAL     : onBacklightChanged: 205/1023 -> 197/1023(phy:788/4095)
04-13 11:31:22.988  1237  1350 D AAL     : LABC: LABC after setTarget isSmoothBacklight=0
04-13 11:31:22.997  1022  1022 I SehLight: lcd : 47+
04-13 11:31:22.997  1022  1022 I SehLight: lcd : 47-
04-13 11:31:22.999  1237  1350 I AALCust : Backlight Bits: 10bit
04-13 11:31:22.999  1237  1350 D AAL     : onBacklightChanged: 197/1023 -> 189/1023(phy:756/4095)
04-13 11:31:22.999  1237  1350 D AAL     : LABC: LABC after setTarget isSmoothBacklight=0
04-13 11:31:23.008  1022  1022 I SehLight: lcd : 45+
04-13 11:31:23.008  1022  1022 I SehLight: lcd : 45-
04-13 11:31:23.010  1237  1350 I AALCust : Backlight Bits: 10bit
04-13 11:31:23.010  1237  1350 D AAL     : onBacklightChanged: 189/1023 -> 181/1023(phy:724/4095)
04-13 11:31:23.010  1237  1350 D AAL     : LABC: LABC after setTarget isSmoothBacklight=0
04-13 11:31:23.011  1237  1350 D AAL     : 04-13 11:31:22.967 BL= 213,ESS= 256, 04-13 11:31:22.977 BL= 205,ESS= 256, 04-13 11:31:22.988 BL= 197,ESS= 256, 04-13 11:31:22.999 BL= 189,ESS= 256, 04-13 11:31:23.011 BL= 181,ESS= 256,
04-13 11:31:23.019  1022  1022 I SehLight: lcd : 43+
04-13 11:31:23.019  1022  1022 I SehLight: lcd : 43-
04-13 11:31:23.021  1237  1350 I AALCust : Backlight Bits: 10bit
04-13 11:31:23.021  1237  1350 D AAL     : onBacklightChanged: 181/1023 -> 173/1023(phy:692/4095)
04-13 11:31:23.021  1237  1350 D AAL     : LABC: LABC after setTarget isSmoothBacklight=0
04-13 11:31:23.030  1022  1022 I SehLight: lcd : 41+
04-13 11:31:23.030  1022  1022 I SehLight: lcd : 41-
04-13 11:31:23.032  1237  1350 I AALCust : Backlight Bits: 10bit
04-13 11:31:23.032  1237  1350 D AAL     : onBacklightChanged: 173/1023 -> 164/1023(phy:656/4095)
04-13 11:31:23.032  1237  1350 D AAL     : LABC: LABC after setTarget isSmoothBacklight=0
04-13 11:31:23.041  1194  1273 E HfLooper: eventConvertAll, lux = 527.000000
04-13 11:31:23.041  1022  1022 I SehLight: lcd : 39+
04-13 11:31:23.041  1022  1022 I SehLight: lcd : 39-
04-13 11:31:23.043  1237  1350 I AALCust : Backlight Bits: 10bit
04-13 11:31:23.043  1237  1350 D AAL     : onBacklightChanged: 164/1023 -> 156/1023(phy:624/4095)
04-13 11:31:23.044  1237  1350 D AAL     : LABC: LABC after setTarget isSmoothBacklight=0
04-13 11:31:23.052  1022  1022 I SehLight: lcd : 37+
04-13 11:31:23.052  1022  1022 I SehLight: lcd : 37-
04-13 11:31:23.055  1237  1350 I AALCust : Backlight Bits: 10bit
04-13 11:31:23.055  1237  1350 D AAL     : onBacklightChanged: 156/1023 -> 148/1023(phy:592/4095)
04-13 11:31:23.055  1237  1350 D AAL     : LABC: LABC after setTarget isSmoothBacklight=0
04-13 11:31:23.054  1616  1749 I AppOps  : updateUidProcState uid: 10105 procState: 0 capability:15
04-13 11:31:23.062  1616  1749 I AppOps  : updateUidProcState uid: 1000 procState: 0 capability:15
04-13 11:31:23.063  1022  1022 I SehLight: lcd : 35+
04-13 11:31:23.063  1022  1022 I SehLight: lcd : 35-
04-13 11:31:23.066  1237  1350 I AALCust : Backlight Bits: 10bit
04-13 11:31:23.066  1237  1350 D AAL     : onBacklightChanged: 148/1023 -> 140/1023(phy:560/4095)
04-13 11:31:23.066  1237  1350 D AAL     : LABC: LABC after setTarget isSmoothBacklight=0
04-13 11:31:23.066  1237  1350 D AAL     : 04-13 11:31:23.022 BL= 173,ESS= 256, 04-13 11:31:23.033 BL= 164,ESS= 256, 04-13 11:31:23.044 BL= 156,ESS= 256, 04-13 11:31:23.055 BL= 148,ESS= 256, 04-13 11:31:23.066 BL= 140,ESS= 256,
04-13 11:31:23.074  1022  1022 I SehLight: lcd : 33+
04-13 11:31:23.075  1022  1022 I SehLight: lcd : 33-
04-13 11:31:23.077  1237  1350 I AALCust : Backlight Bits: 10bit
04-13 11:31:23.077  1237  1350 D AAL     : onBacklightChanged: 140/1023 -> 132/1023(phy:528/4095)
04-13 11:31:23.077  1237  1350 D AAL     : LABC: LABC after setTarget isSmoothBacklight=0
04-13 11:31:23.086  1022  1022 I SehLight: lcd : 31+
04-13 11:31:23.086  1022  1022 I SehLight: lcd : 31-
04-13 11:31:23.088  1237  1350 I AALCust : Backlight Bits: 10bit
04-13 11:31:23.088  1237  1350 D AAL     : onBacklightChanged: 132/1023 -> 124/1023(phy:496/4095)
04-13 11:31:23.088  1237  1350 D AAL     : LABC: LABC after setTarget isSmoothBacklight=0
04-13 11:31:23.097  1022  1022 I SehLight: lcd : 29+
04-13 11:31:23.097  1022  1022 I SehLight: lcd : 29-
04-13 11:31:23.099  1237  1350 I AALCust : Backlight Bits: 10bit
04-13 11:31:23.099  1237  1350 D AAL     : onBacklightChanged: 124/1023 -> 116/1023(phy:464/4095)
04-13 11:31:23.099  1237  1350 D AAL     : LABC: LABC after setTarget isSmoothBacklight=0
04-13 11:31:23.108  1022  1022 I SehLight: lcd : 27+
04-13 11:31:23.108  1022  1022 I SehLight: lcd : 27-
04-13 11:31:23.110  1237  1350 I AALCust : Backlight Bits: 10bit
04-13 11:31:23.110  1237  1350 D AAL     : onBacklightChanged: 116/1023 -> 108/1023(phy:432/4095)
04-13 11:31:23.110  1237  1350 D AAL     : LABC: LABC after setTarget isSmoothBacklight=0
04-13 11:31:23.119  1022  1022 I SehLight: lcd : 25+
04-13 11:31:23.119  1022  1022 I SehLight: lcd : 25-
04-13 11:31:23.121  1237  1350 I AALCust : Backlight Bits: 10bit
04-13 11:31:23.121  1237  1350 D AAL     : onBacklightChanged: 108/1023 -> 100/1023(phy:400/4095)
04-13 11:31:23.121  1237  1350 D AAL     : LABC: LABC after setTarget isSmoothBacklight=0
04-13 11:31:23.122  1237  1350 D AAL     : 04-13 11:31:23.077 BL= 132,ESS= 256, 04-13 11:31:23.088 BL= 124,ESS= 256, 04-13 11:31:23.099 BL= 116,ESS= 256, 04-13 11:31:23.111 BL= 108,ESS= 256, 04-13 11:31:23.122 BL= 100,ESS= 256,
04-13 11:31:23.130  1022  1022 I SehLight: lcd : 23+
04-13 11:31:23.130  1022  1022 I SehLight: lcd : 23-
04-13 11:31:23.132  1237  1350 I AALCust : Backlight Bits: 10bit
04-13 11:31:23.132  1237  1350 D AAL     : onBacklightChanged: 100/1023 -> 92/1023(phy:368/4095)
04-13 11:31:23.132  1237  1350 D AAL     : LABC: LABC after setTarget isSmoothBacklight=0
04-13 11:31:23.141  1022  1022 I SehLight: lcd : 21+
04-13 11:31:23.141  1022  1022 I SehLight: lcd : 21-
04-13 11:31:23.143  1237  1350 I AALCust : Backlight Bits: 10bit
04-13 11:31:23.143  1237  1350 D AAL     : onBacklightChanged: 92/1023 -> 84/1023(phy:336/4095)
04-13 11:31:23.143  1237  1350 D AAL     : LABC: LABC after setTarget isSmoothBacklight=0
04-13 11:31:23.152  1022  1022 I SehLight: lcd : 19+
04-13 11:31:23.153  1022  1022 I SehLight: lcd : 19-
04-13 11:31:23.154  1237  1350 I AALCust : Backlight Bits: 10bit
04-13 11:31:23.154  1237  1350 D AAL     : onBacklightChanged: 84/1023 -> 76/1023(phy:304/4095)
04-13 11:31:23.155  1237  1350 D AAL     : LABC: LABC after setTarget isSmoothBacklight=0
04-13 11:31:23.163  1022  1022 I SehLight: lcd : 17+
04-13 11:31:23.163  1022  1022 I SehLight: lcd : 17-
04-13 11:31:23.165  1237  1350 I AALCust : Backlight Bits: 10bit
04-13 11:31:23.166  1237  1350 D AAL     : onBacklightChanged: 76/1023 -> 68/1023(phy:272/4095)
04-13 11:31:23.166  1237  1350 D AAL     : LABC: LABC after setTarget isSmoothBacklight=0
04-13 11:31:23.174  1022  1022 I SehLight: lcd : 15+
04-13 11:31:23.174  1022  1022 I SehLight: lcd : 15-
04-13 11:31:23.176  1237  1350 I AALCust : Backlight Bits: 10bit
04-13 11:31:23.177  1237  1350 D AAL     : onBacklightChanged: 68/1023 -> 60/1023(phy:240/4095)
04-13 11:31:23.177  1237  1350 D AAL     : LABC: LABC after setTarget isSmoothBacklight=0
04-13 11:31:23.177  1237  1350 D AAL     : 04-13 11:31:23.133 BL=  92,ESS= 256, 04-13 11:31:23.144 BL=  84,ESS= 256, 04-13 11:31:23.155 BL=  76,ESS= 256, 04-13 11:31:23.166 BL=  68,ESS= 256, 04-13 11:31:23.177 BL=  60,ESS= 256,
04-13 11:31:23.185  1022  1022 I SehLight: lcd : 13+
04-13 11:31:23.185  1022  1022 I SehLight: lcd : 13-
04-13 11:31:23.188  1237  1350 I AALCust : Backlight Bits: 10bit
04-13 11:31:23.188  1237  1350 D AAL     : onBacklightChanged: 60/1023 -> 52/1023(phy:208/4095)
04-13 11:31:23.188  1237  1350 D AAL     : LABC: LABC after setTarget isSmoothBacklight=0
04-13 11:31:23.196  1616  1687 D DisplayPowerController[0]: animateScreenStateChange: target=2, mLogicalDisplay.isEnabled()=true
04-13 11:31:23.196  1616  1687 D DisplayPowerController[0]: getFinalBrightness : Summary is  13 (0.05) ->  13 (0.05)
04-13 11:31:23.199  1237  1350 D AAL     : 04-13 11:31:23.188 BL=  52,ESS= 256,
04-13 11:31:23.201  1194  1273 E HfLooper: eventConvertAll, lux = 527.000000
04-13 11:31:23.361  1194  1273 E HfLooper: eventConvertAll, lux = 528.000000
04-13 11:31:23.521  1194  1273 E HfLooper: eventConvertAll, lux = 528.000000
04-13 11:31:23.681  1194  1273 E HfLooper: eventConvertAll, lux = 530.000000
04-13 11:31:23.842  1194  1273 E HfLooper: eventConvertAll, lux = 536.000000
04-13 11:31:24.001  1194  1273 E HfLooper: eventConvertAll, lux = 546.000000
04-13 11:31:24.161  1194  1273 E HfLooper: eventConvertAll, lux = 557.000000
04-13 11:31:24.321  1194  1273 E HfLooper: eventConvertAll, lux = 562.000000
04-13 11:31:24.482  1194  1273 E HfLooper: eventConvertAll, lux = 566.000000
04-13 11:31:24.641  1194  1273 E HfLooper: eventConvertAll, lux = 565.000000
04-13 11:31:24.801  1194  1273 E HfLooper: eventConvertAll, lux = 559.000000
04-13 11:31:24.809  2094  2237 D NetworkController: SignalStrength from intent slotId=0
04-13 11:31:24.809  2094  2237 D NetworkController.MobileSignalController(0/2147483647): new mSignalStrength=SignalStrength:{mCdma=Invalid,mGsm=Invalid,mWcdma=CellSignalStrengthWcdma: ss=-69 ber=99 rscp=-68 ecno=0 level=4,mTdscdma=Invalid,mLte=Invalid,mNr=Invalid,SignalBarInfo{ wcdmaLevel=4 },rat=3,primary=CellSignalStrengthWcdma}
04-13 11:31:24.809  2094  2237 D NetworkController.MobileSignalController(0/2147483647): Display signal bar by emergency only[true][true]
04-13 11:31:24.961  1194  1273 E HfLooper: eventConvertAll, lux = 553.000000
04-13 11:31:25.121  1194  1273 E HfLooper: eventConvertAll, lux = 550.000000
04-13 11:31:25.281  1194  1273 E HfLooper: eventConvertAll, lux = 542.000000
04-13 11:31:25.300  1213  1213 I thermal_repeater: socket -1
04-13 11:31:25.441  1194  1273 E HfLooper: eventConvertAll, lux = 540.000000
04-13 11:31:25.601  1194  1273 E HfLooper: eventConvertAll, lux = 536.000000
04-13 11:31:25.761  1194  1273 E HfLooper: eventConvertAll, lux = 536.000000
04-13 11:31:25.762  1237  2014 D AALLightSensor: oldLux=702 [SA:536 LA:541] newLux=702 (oriLux: 536)
04-13 11:31:25.921  1194  1273 E HfLooper: eventConvertAll, lux = 536.000000
04-13 11:31:26.004 19929 19929 I MCFQS   : (DeviceConnectionServiceViewModelImpl) shouldStopService()-[td:main] Phone visibility: true
04-13 11:31:26.081  1194  1273 E HfLooper: eventConvertAll, lux = 536.000000
04-13 11:31:26.241  1194  1273 E HfLooper: eventConvertAll, lux = 537.000000
04-13 11:31:26.402  1194  1273 E HfLooper: eventConvertAll, lux = 537.000000
04-13 11:31:26.561  1194  1273 E HfLooper: eventConvertAll, lux = 538.000000
04-13 11:31:26.721  1194  1273 E HfLooper: eventConvertAll, lux = 538.000000
04-13 11:31:26.881  1194  1273 E HfLooper: eventConvertAll, lux = 538.000000
04-13 11:31:27.042  1194  1273 E HfLooper: eventConvertAll, lux = 538.000000
04-13 11:31:27.201  1194  1273 E HfLooper: eventConvertAll, lux = 538.000000
04-13 11:31:27.361  1194  1273 E HfLooper: eventConvertAll, lux = 538.000000
04-13 11:31:27.521  1194  1273 E HfLooper: eventConvertAll, lux = 538.000000
04-13 11:31:27.681  1194  1273 E HfLooper: eventConvertAll, lux = 538.000000
04-13 11:31:27.726   561   561 D io_stats: !@ 179,0 r 1255599 34312962 w 617076 23618472 d 0 0 f 0 0 iot 659472 0 th 0 0 0 pt 0 inp 0 0 19795.830
04-13 11:31:27.841  1194  1273 E HfLooper: eventConvertAll, lux = 538.000000
04-13 11:31:28.001  1194  1273 E HfLooper: eventConvertAll, lux = 539.000000
04-13 11:31:28.162  1194  1273 E HfLooper: eventConvertAll, lux = 540.000000
04-13 11:31:28.322  1194  1273 E HfLooper: eventConvertAll, lux = 540.000000
04-13 11:31:28.482  1194  1273 E HfLooper: eventConvertAll, lux = 540.000000
04-13 11:31:28.641  1194  1273 E HfLooper: eventConvertAll, lux = 540.000000
04-13 11:31:28.801  1194  1273 E HfLooper: eventConvertAll, lux = 540.000000
04-13 11:31:28.961  1194  1273 E HfLooper: eventConvertAll, lux = 540.000000
04-13 11:31:29.121  1194  1273 E HfLooper: eventConvertAll, lux = 540.000000
04-13 11:31:29.281  1194  1273 E HfLooper: eventConvertAll, lux = 539.000000
04-13 11:31:29.441  1194  1273 E HfLooper: eventConvertAll, lux = 538.000000
04-13 11:31:29.601  1194  1273 E HfLooper: eventConvertAll, lux = 538.000000
04-13 11:31:29.761  1194  1273 E HfLooper: eventConvertAll, lux = 538.000000
04-13 11:31:29.762  1237  2014 D AALLightSensor: oldLux=702 [SA:538 LA:537] newLux=702 (oriLux: 538)
04-13 11:31:29.921  1194  1273 E HfLooper: eventConvertAll, lux = 538.000000
04-13 11:31:30.082  1194  1273 E HfLooper: eventConvertAll, lux = 538.000000
04-13 11:31:30.242  1194  1273 E HfLooper: eventConvertAll, lux = 538.000000
04-13 11:31:30.302  1213  1213 I thermal_repeater: socket -1
04-13 11:31:30.402  1194  1273 E HfLooper: eventConvertAll, lux = 537.000000
04-13 11:31:30.561  1194  1273 E HfLooper: eventConvertAll, lux = 537.000000
04-13 11:31:30.721  1194  1273 E HfLooper: eventConvertAll, lux = 536.000000
04-13 11:31:30.881  1194  1273 E HfLooper: eventConvertAll, lux = 535.000000
04-13 11:31:30.908 31185 31185 I wpa_supplicant: Heartbeat 3010
04-13 11:31:31.042  1194  1273 E HfLooper: eventConvertAll, lux = 536.000000
04-13 11:31:31.202  1194  1273 E HfLooper: eventConvertAll, lux = 537.000000
04-13 11:31:31.362  1194  1273 E HfLooper: eventConvertAll, lux = 539.000000
04-13 11:31:31.521  1194  1273 E HfLooper: eventConvertAll, lux = 540.000000
04-13 11:31:31.682  1194  1273 E HfLooper: eventConvertAll, lux = 541.000000
04-13 11:31:31.698  1616  1748 D SensorService: [SO] 0.093 0.133 9.677
04-13 11:31:31.841  1194  1273 E HfLooper: eventConvertAll, lux = 541.000000
04-13 11:31:32.001  1194  1273 E HfLooper: eventConvertAll, lux = 542.000000
04-13 11:31:32.162  1194  1273 E HfLooper: eventConvertAll, lux = 545.000000
04-13 11:31:32.204  1616  1676 I WifiService: getSupportedFeatures uid=1000 returns d8106ac881459
04-13 11:31:32.207  1616  1676 D BatteryExternalStatsWorker: update stats : write (63)
04-13 11:31:32.209  1007  1029 D [BT]    : mtk_bt_op: BT_VND_OP_LPM_WAKE_SET_STATE
04-13 11:31:32.216  1616  1676 D BatteryExternalStatsWorker: BluetoothActivityEnergyInfo was updated
04-13 11:31:32.242  1616  2191 D TelephonyManager: requestModemActivityInfo: Sending result to app: ModemActivityInfo{ mTimestamp=72513221 mSleepTimeMs=32905451 mIdleTimeMs=932504 mTxTimeMs[]=[0, 0, 0, 0, 0] mRxTimeMs=93744}
04-13 11:31:32.242  1616  1676 D BatteryExternalStatsWorker: ModemActivityInfo was updated
04-13 11:31:32.279  1616  1676 E system_server: Cannot read thread CPU times for PID 1616
04-13 11:31:32.302   585   591 E android.system.suspend@1.0-service: Error opening event_count for wakeup27: Original kwl [Path]=../../devices/platform/finger_fp/wakeup/wakeup27: Permission denied
04-13 11:31:32.302   991   991 E audit   : type=1400 audit(1681381892.297:6286): avc:  denied  { read } for  pid=585 comm="Binder:585_2" name="event_count" dev="sysfs" ino=46469 scontext=u:r:system_suspend:s0 tcontext=u:object_r:sysfs:s0 tclass=file permissive=0 SEPF_SM-A226B_12_0001 audit_filtered
04-13 11:31:32.302   991   991 E audit   : type=1400 audit(1681381892.297:6287): avc:  denied  { read } for  pid=585 comm="Binder:585_2" name="max_time_ms" dev="sysfs" ino=46474 scontext=u:r:system_suspend:s0 tcontext=u:object_r:sysfs:s0 tclass=file permissive=0 SEPF_SM-A226B_12_0001 audit_filtered
04-13 11:31:32.302   991   991 E audit   : type=1400 audit(1681381892.297:6288): avc:  denied  { read } for  pid=585 comm="Binder:585_2" name="wakeup_count" dev="sysfs" ino=46470 scontext=u:r:system_suspend:s0 tcontext=u:object_r:sysfs:s0 tclass=file permissive=0 SEPF_SM-A226B_12_0001 audit_filtered
04-13 11:31:32.302   991   991 E audit   : type=1400 audit(1681381892.297:6289): avc:  denied  { read } for  pid=585 comm="Binder:585_2" name="total_time_ms" dev="sysfs" ino=46473 scontext=u:r:system_suspend:s0 tcontext=u:object_r:sysfs:s0 tclass=file permissive=0 SEPF_SM-A226B_12_0001 audit_filtered
04-13 11:31:32.302   991   991 E audit   : type=1400 audit(1681381892.297:6290): avc:  denied  { read } for  pid=585 comm="Binder:585_2" name="expire_count" dev="sysfs" ino=46471 scontext=u:r:system_suspend:s0 tcontext=u:object_r:sysfs:s0 tclass=file permissive=0 SEPF_SM-A226B_12_0001 audit_filtered
04-13 11:31:32.302   991   991 E audit   : type=1400 audit(1681381892.297:6291): avc:  denied  { read } for  pid=585 comm="Binder:585_2" name="active_count" dev="sysfs" ino=46468 scontext=u:r:system_suspend:s0 tcontext=u:object_r:sysfs:s0 tclass=file permissive=0 SEPF_SM-A226B_12_0001 audit_filtered
04-13 11:31:32.302   991   991 E audit   : type=1400 audit(1681381892.297:6292): avc:  denied  { read } for  pid=585 comm="Binder:585_2" name="last_change_ms" dev="sysfs" ino=46475 scontext=u:r:system_suspend:s0 tcontext=u:object_r:sysfs:s0 tclass=file permissive=0 SEPF_SM-A226B_12_0001 audit_filtered
04-13 11:31:32.302   991   991 E audit   : type=1400 audit(1681381892.297:6293): avc:  denied  { read } for  pid=585 comm="Binder:585_2" name="prevent_suspend_time_ms" dev="sysfs" ino=46476 scontext=u:r:system_suspend:s0 tcontext=u:object_r:sysfs:s0 tclass=file permissive=0 SEPF_SM-A226B_12_0001 audit_filtered
04-13 11:31:32.302   991   991 E audit   : type=1400 audit(1681381892.297:6294): avc:  denied  { read } for  pid=585 comm="Binder:585_2" name="name" dev="sysfs" ino=46467 scontext=u:r:system_suspend:s0 tcontext=u:object_r:sysfs:s0 tclass=file permissive=0 SEPF_SM-A226B_12_0001 audit_filtered
04-13 11:31:32.311   585   591 E android.system.suspend@1.0-service: wakelockFd error: wakeup11: Original kwl [Path]=../../devices/virtual/input/input2/wakeup11: Permission denied
04-13 11:31:32.313  1616  1676 D BatteryExternalStatsWorker: done updateExternalStatsLocked
04-13 11:31:32.319  1616  1687 D PowerManagerService: UserActivityState : 2 -> 4 groupId=0
04-13 11:31:32.319  1616  1687 I PowerManagerService: [PWL] On : 18458457 (1341966 ms ago)
04-13 11:31:32.319  1616  1687 I PowerManagerService: [PWL]  mStayOn: true  mWakeLockSummary & WAKE_LOCK_STAY_AWAKE: 0  mUserActivitySummary: 0x4
04-13 11:31:32.320  1616  1616 I MdnieScenarioControlService: action  :  com.samsung.server.PowerManagerService.action.USER_ACTIVITY
04-13 11:31:32.321  1194  1273 E HfLooper: eventConvertAll, lux = 547.000000
04-13 11:31:32.481  1194  1273 E HfLooper: eventConvertAll, lux = 549.000000
04-13 11:31:32.641  1194  1273 E HfLooper: eventConvertAll, lux = 536.000000
04-13 11:31:32.801  1194  1273 E HfLooper: eventConvertAll, lux = 510.000000
04-13 11:31:32.961  1194  1273 E HfLooper: eventConvertAll, lux = 498.000000
04-13 11:31:33.121  1194  1273 E HfLooper: eventConvertAll, lux = 480.000000
04-13 11:31:33.282  1194  1273 E HfLooper: eventConvertAll, lux = 493.000000
04-13 11:31:33.442  1194  1273 E HfLooper: eventConvertAll, lux = 484.000000
04-13 11:31:33.601  1194  1273 E HfLooper: eventConvertAll, lux = 497.000000
04-13 11:31:33.730   561   561 D io_stats: !@ 179,0 r 1255600 34312966 w 617085 23618588 d 0 0 f 0 0 iot 659480 0 th 0 0 0 pt 0 inp 0 0 19801.834
04-13 11:31:33.761  1194  1273 E HfLooper: eventConvertAll, lux = 514.000000
04-13 11:31:33.763  1237  2014 D AALLightSensor: oldLux=702 [SA:505 LA:503] newLux=702 (oriLux: 514)
04-13 11:31:33.921  1194  1273 E HfLooper: eventConvertAll, lux = 536.000000
04-13 11:31:34.081  1194  1273 E HfLooper: eventConvertAll, lux = 536.000000
04-13 11:31:34.164  1070  1070 I GBE     : GBE_BOOST_UNKNOWN cmd:-1
04-13 11:31:34.164  1025  1072 I libPerfCtl: xgfGetFPS pid:-1 fps:0
04-13 11:31:34.165  1025  1072 I libPerfCtl: xgfGetFPS ioctl_ret:-1
04-13 11:31:34.241  1194  1273 E HfLooper: eventConvertAll, lux = 537.000000
04-13 11:31:34.402  1194  1273 E HfLooper: eventConvertAll, lux = 537.000000
04-13 11:31:34.561  1194  1273 E HfLooper: eventConvertAll, lux = 537.000000
04-13 11:31:34.721  1194  1273 E HfLooper: eventConvertAll, lux = 536.000000
04-13 11:31:34.881  1194  1273 E HfLooper: eventConvertAll, lux = 536.000000
04-13 11:31:34.990  1047  1047 I SurfaceFlinger: SFWD update time=19803094233179
04-13 11:31:35.041  1194  1273 E HfLooper: eventConvertAll, lux = 535.000000
04-13 11:31:35.202  1194  1273 E HfLooper: eventConvertAll, lux = 534.000000
04-13 11:31:35.303  1213  1213 I thermal_repeater: socket -1
04-13 11:31:35.361  1194  1273 E HfLooper: eventConvertAll, lux = 535.000000
04-13 11:31:35.521  1194  1273 E HfLooper: eventConvertAll, lux = 535.000000
04-13 11:31:35.681  1194  1273 E HfLooper: eventConvertAll, lux = 535.000000
04-13 11:31:35.841  1194  1273 E HfLooper: eventConvertAll, lux = 536.000000
04-13 11:31:36.001  1194  1273 E HfLooper: eventConvertAll, lux = 536.000000
04-13 11:31:36.162  1194  1273 E HfLooper: eventConvertAll, lux = 536.000000
04-13 11:31:36.322  1194  1273 E HfLooper: eventConvertAll, lux = 536.000000
04-13 11:31:36.481  1194  1273 E HfLooper: eventConvertAll, lux = 536.000000
04-13 11:31:36.641  1194  1273 E HfLooper: eventConvertAll, lux = 537.000000
04-13 11:31:36.801  1194  1273 E HfLooper: eventConvertAll, lux = 537.000000
04-13 11:31:36.962  1194  1273 E HfLooper: eventConvertAll, lux = 537.000000
04-13 11:31:37.122  1194  1273 E HfLooper: eventConvertAll, lux = 537.000000
04-13 11:31:37.282  1194  1273 E HfLooper: eventConvertAll, lux = 537.000000
04-13 11:31:37.441  1194  1273 E HfLooper: eventConvertAll, lux = 537.000000
04-13 11:31:37.601  1194  1273 E HfLooper: eventConvertAll, lux = 537.000000
04-13 11:31:37.608  2094  2237 D NetworkController: SignalStrength from intent slotId=0
04-13 11:31:37.610  2094  2237 D NetworkController.MobileSignalController(0/2147483647): new mSignalStrength=SignalStrength:{mCdma=Invalid,mGsm=Invalid,mWcdma=CellSignalStrengthWcdma: ss=-67 ber=99 rscp=-67 ecno=0 level=4,mTdscdma=Invalid,mLte=Invalid,mNr=Invalid,SignalBarInfo{ wcdmaLevel=4 },rat=3,primary=CellSignalStrengthWcdma}
04-13 11:31:37.610  2094  2237 D NetworkController.MobileSignalController(0/2147483647): Display signal bar by emergency only[true][true]
04-13 11:31:37.762  1194  1273 E HfLooper: eventConvertAll, lux = 537.000000
04-13 11:31:37.763  1237  2014 D AALLightSensor: oldLux=702 [SA:536 LA:533] newLux=702 (oriLux: 537)
04-13 11:31:37.921  1194  1273 E HfLooper: eventConvertAll, lux = 537.000000
04-13 11:31:38.082  1194  1273 E HfLooper: eventConvertAll, lux = 537.000000
04-13 11:31:38.242  1194  1273 E HfLooper: eventConvertAll, lux = 537.000000
04-13 11:31:38.402  1194  1273 E HfLooper: eventConvertAll, lux = 538.000000
04-13 11:31:38.498  1616  2220 V MdnieScenarioControlService: burn_in_prevention_mode(), enabled : true, mBurnInDisableAppEnabled : false , mAutoBrightnessMode : true, mHighBrightnessModeEnabled : false , mBurnInPreventionACL : false , platform_brightness_value : 167 , BURN_IN_PREVENTION_SUPPORT_VALUE : 143 , mBurnInPreventionEnabled : false , mGameAppLauncher : false
04-13 11:31:38.498  1616  2220 V MdnieScenarioControlService: Enabled Burn-In Prevention Mode 1
04-13 11:31:38.498  1616  2220 D SemDisplaySolutionManagerService: uid : 1000 , pid : 1616 , name : burnin_prevention_on_1
04-13 11:31:38.499  1616  2220 D SemDisplaySolutionManagerService: where : application what : BurnInPrevention_1 setScreenBrightnessScaleFactor(0.98) , mBrightnessCompensation : 1.0 , PMS value : 0.98
04-13 11:31:38.499  1616  2220 D PowerManagerService: [api] setScreenBrightnessScaleFactor: scaleFactor: 0.98 (uid: 1000 pid: 1616)
04-13 11:31:38.499  1616  2220 D PowerManagerService: displayReady: false groupId=0
04-13 11:31:38.499  1616  2220 D SemDisplaySolutionManagerService: setMultipleScreenBrightness , application, BurnInPrevention_1, 0.98
04-13 11:31:38.500  1616  1687 D DisplayPowerController[0]: animateScreenStateChange: target=2, mLogicalDisplay.isEnabled()=true
04-13 11:31:38.500  1616  1687 D DisplayPowerController[0]: getFinalBrightness: screenBrightnessScaleFactor:  13 (0.05) ->  12 (0.05)
04-13 11:31:38.501  1616  1687 D DisplayPowerController[0]: getFinalBrightness : Summary is  13 (0.05) ->  12 (0.05)
04-13 11:31:38.502  1616  1687 D DisplayPowerController[0]: Animating brightness: target= 12 (0.05), sdrTarget=0.049000002, rate=0.0(hbm:0.0) mDisplayId=0, (PSM:, AB limit:( -1 (NaN) ~  -1 (NaN)) MB Limit:( -1 (NaN) ~  -1 (NaN)), sf=0.98
04-13 11:31:38.505  1616  1687 D DisplayPowerController[0]: animateScreenStateChange: target=2, mLogicalDisplay.isEnabled()=true
04-13 11:31:38.505  1616  1687 D DisplayPowerController[0]: getFinalBrightness: screenBrightnessScaleFactor:  13 (0.05) ->  12 (0.05)
04-13 11:31:38.505  1616  1687 D DisplayPowerController[0]: getFinalBrightness : Summary is  13 (0.05) ->  12 (0.05)
04-13 11:31:38.506  1616  1687 D PowerManagerService: displayReady: true groupId=0
04-13 11:31:38.562  1194  1273 E HfLooper: eventConvertAll, lux = 538.000000
04-13 11:31:38.722  1194  1273 E HfLooper: eventConvertAll, lux = 538.000000
04-13 11:31:38.881  1194  1273 E HfLooper: eventConvertAll, lux = 538.000000
04-13 11:31:39.042  1194  1273 E HfLooper: eventConvertAll, lux = 538.000000
04-13 11:31:39.202  1194  1273 E HfLooper: eventConvertAll, lux = 538.000000
04-13 11:31:39.362  1194  1273 E HfLooper: eventConvertAll, lux = 538.000000
04-13 11:31:39.522  1194  1273 E HfLooper: eventConvertAll, lux = 539.000000
04-13 11:31:39.682  1194  1273 E HfLooper: eventConvertAll, lux = 536.000000
04-13 11:31:39.842  1194  1273 E HfLooper: eventConvertAll, lux = 529.000000
04-13 11:31:40.001  1194  1273 E HfLooper: eventConvertAll, lux = 533.000000
04-13 11:31:40.039  2079  2703 W bt_btm_ble: SetRandAddr : xx:xx:xx:xx:a1:a1
04-13 11:31:40.160  1194  1273 E HfLooper: eventConvertAll, lux = 528.000000
04-13 11:31:40.304  1213  1213 I thermal_repeater: socket -1
04-13 11:31:40.321  1194  1273 E HfLooper: eventConvertAll, lux = 519.000000
04-13 11:31:40.481  1194  1273 E HfLooper: eventConvertAll, lux = 508.000000
04-13 11:31:40.642  1194  1273 E HfLooper: eventConvertAll, lux = 474.000000
04-13 11:31:40.802  1194  1273 E HfLooper: eventConvertAll, lux = 480.000000
04-13 11:31:40.902  1052  1067 D ccci_mdinit: (1):monitor_time_update_thread round:2754 ########
04-13 11:31:40.919 31185 31185 I wpa_supplicant: Heartbeat 3011
04-13 11:31:40.962  1194  1273 E HfLooper: eventConvertAll, lux = 486.000000
04-13 11:31:41.122  1194  1273 E HfLooper: eventConvertAll, lux = 490.000000
04-13 11:31:41.282  1194  1273 E HfLooper: eventConvertAll, lux = 497.000000
04-13 11:31:41.442  1194  1273 E HfLooper: eventConvertAll, lux = 501.000000
04-13 11:31:41.602  1194  1273 E HfLooper: eventConvertAll, lux = 506.000000
04-13 11:31:41.761  1194  1273 E HfLooper: eventConvertAll, lux = 505.000000
04-13 11:31:41.763  1237  2014 D AALLightSensor: oldLux=702 [SA:503 LA:500] newLux=702 (oriLux: 505)
04-13 11:31:41.921  1194  1273 E HfLooper: eventConvertAll, lux = 504.000000
04-13 11:31:42.081  1194  1273 E HfLooper: eventConvertAll, lux = 509.000000
04-13 11:31:42.241  1194  1273 E HfLooper: eventConvertAll, lux = 509.000000
04-13 11:31:42.375  1616  1786 D InputReader: Btn_touch(3): value=1 when=19810.478934
04-13 11:31:42.377  1616  1786 I InputReader: Touch event's action is 0x0 (id=3, t=0) [pCnt=1, s=0.454 ] when=19810.478934
04-13 11:31:42.377  1616  1785 I InputDispatcher: Delivering touch to (2094): action: 0x4, f=0x0, d=0, '2acd79a', t=1
04-13 11:31:42.377  1616  1785 I InputDispatcher: Delivering touch to (7718): action: 0x0, f=0x0, d=0, 'e09c881', t=1
04-13 11:31:42.378  1616  1655 I GestureDetector: obtain mCurrentDownEvent. id: 234346769 caller: com.android.server.wm.SystemGesturesPointerEventListener.onPointerEvent:179 com.android.server.wm.PointerEventDispatcher.onInputEvent:71 android.view.InputEventReceiver.dispatchInputEvent:259
04-13 11:31:42.378  1616  1655 I GestureDetector: obtain mCurrentDownEvent. id: 234346769 caller: com.android.server.wm.SystemPerformancePointerEventListener.onPointerEvent:89 com.android.server.wm.PointerEventDispatcher.onInputEvent:71 android.view.InputEventReceiver.dispatchInputEvent:259
04-13 11:31:42.378  7718  7718 I ViewRootImpl@4317bd[SubSettings]: ViewPostIme pointer 0
04-13 11:31:42.378  1616  1785 D PowerManagerService: UserActivityStateListenerState: 1
04-13 11:31:42.379  1616  1785 D PowerManagerService: UserActivityState : 4 -> 1 groupId=0
04-13 11:31:42.379  1616  1785 D PowerManagerService: displayReady: false groupId=0
04-13 11:31:42.379  1616  1687 D DisplayPowerController[0]: animateScreenStateChange: target=2, mLogicalDisplay.isEnabled()=true
04-13 11:31:42.379  1616  1687 D DisplayPowerController[0]: getFinalBrightness: screenBrightnessScaleFactor: 167 (0.65) -> 164 (0.64)
04-13 11:31:42.379  1616  1687 D DisplayPowerController[0]: getFinalBrightness : Summary is 167 (0.65) -> 164 (0.64)
04-13 11:31:42.380  1616  1687 D DisplayPowerController[0]: Animating brightness: target=164 (0.64), sdrTarget=0.641804, rate=0.7058824 mDisplayId=0, (PSM:, AB limit:( -1 (NaN) ~  -1 (NaN)) MB Limit:( -1 (NaN) ~  -1 (NaN)), sf=0.98
04-13 11:31:42.381  1616  1655 I GestureDetector: obtain mCurrentMotionEventRaw. action: 2 id: 829202872
04-13 11:31:42.381  1616  1687 V DisplayPowerController[0]: Brightness [0.641804] reason changing to: 'automatic', previous reason: 'automatic [ dim ]'.
04-13 11:31:42.381  1616  1655 I GestureDetector: obtain mCurrentMotionEventRaw. action: 2 id: 829202872
04-13 11:31:42.381  1616  1616 D PowerManagerService: [api] setScreenDimDurationOverrideFromSqdInternal: mScreenDimDurationOverrideFromSQD: -1
04-13 11:31:42.381  1015  1485 I hwcomposer: [DRMDEV] (0) failed to waitNextVsync: -1
04-13 11:31:42.382  1616  1616 D PowerManagerService: displayReady: true groupId=0
04-13 11:31:42.382  1616  1616 I MdnieScenarioControlService: action  :  com.samsung.server.PowerManagerService.action.USER_ACTIVITY
04-13 11:31:42.385  1015  1485 I hwcomposer: [DRMDEV] (0) failed to waitNextVsync: -1
04-13 11:31:42.388  1022  1022 I SehLight: lcd : 14+
04-13 11:31:42.388  1022  1022 I SehLight: lcd : 14-
04-13 11:31:42.388  1237  1350 I AALCust : Backlight Bits: 10bit
04-13 11:31:42.388  1237  1350 D AAL     : onBacklightChanged: 52/1023 -> 56/1023(phy:224/4095)
04-13 11:31:42.388  1237  1350 D AAL     : LABC: LABC after setTarget isSmoothBacklight=0
04-13 11:31:42.398  1237  1350 D AAL     : 04-13 11:31:42.389 BL=  56,ESS= 256,
04-13 11:31:42.399  1022  1022 I SehLight: lcd : 16+
04-13 11:31:42.399  1022  1022 I SehLight: lcd : 16-
04-13 11:31:42.401  1194  1273 E HfLooper: eventConvertAll, lux = 510.000000
04-13 11:31:42.406  1022  1022 I SehLight: lcd : 17+
04-13 11:31:42.406  1022  1022 I SehLight: lcd : 17-
04-13 11:31:42.409  1237  1350 I AALCust : Backlight Bits: 10bit
04-13 11:31:42.409  1237  1350 D AAL     : onBacklightChanged: 56/1023 -> 68/1023(phy:272/4095)
04-13 11:31:42.409  1237  1350 D AAL     : LABC: LABC after setTarget isSmoothBacklight=0
04-13 11:31:42.417  1022  1022 I SehLight: lcd : 19+
04-13 11:31:42.417  1022  1022 I SehLight: lcd : 19-
04-13 11:31:42.420  1237  1350 I AALCust : Backlight Bits: 10bit
04-13 11:31:42.420  1237  1350 D AAL     : onBacklightChanged: 68/1023 -> 76/1023(phy:304/4095)
04-13 11:31:42.420  1237  1350 D AAL     : LABC: LABC after setTarget isSmoothBacklight=0
04-13 11:31:42.428  1022  1022 I SehLight: lcd : 21+
04-13 11:31:42.428  1022  1022 I SehLight: lcd : 21-
04-13 11:31:42.431  1237  1350 I AALCust : Backlight Bits: 10bit
04-13 11:31:42.431  1237  1350 D AAL     : onBacklightChanged: 76/1023 -> 84/1023(phy:336/4095)
04-13 11:31:42.431  1237  1350 D AAL     : LABC: LABC after setTarget isSmoothBacklight=0
04-13 11:31:42.439  1022  1022 I SehLight: lcd : 23+
04-13 11:31:42.440  1022  1022 I SehLight: lcd : 23-
04-13 11:31:42.442  1237  1350 I AALCust : Backlight Bits: 10bit
04-13 11:31:42.442  1237  1350 D AAL     : onBacklightChanged: 84/1023 -> 92/1023(phy:368/4095)
04-13 11:31:42.442  1237  1350 D AAL     : LABC: LABC after setTarget isSmoothBacklight=0
04-13 11:31:42.451  1022  1022 I SehLight: lcd : 25+
04-13 11:31:42.451  1022  1022 I SehLight: lcd : 25-
04-13 11:31:42.453  1237  1350 I AALCust : Backlight Bits: 10bit
04-13 11:31:42.453  1237  1350 D AAL     : onBacklightChanged: 92/1023 -> 100/1023(phy:400/4095)
04-13 11:31:42.453  1237  1350 D AAL     : LABC: LABC after setTarget isSmoothBacklight=0
04-13 11:31:42.453  1237  1350 D AAL     : 04-13 11:31:42.409 BL=  68,ESS= 256, 04-13 11:31:42.420 BL=  76,ESS= 256, 04-13 11:31:42.431 BL=  84,ESS= 256, 04-13 11:31:42.442 BL=  92,ESS= 256, 04-13 11:31:42.453 BL= 100,ESS= 256,
04-13 11:31:42.454  1616  4908 D SamsungAlarmManager: Cancel Alarm calling from uid:10199 pid :17092 / OP:PendingIntent{acdd6e8: PendingIntentRecord{5702680 com.google.android.gms/com.google.android.gms.tron broadcastIntent}}
04-13 11:31:42.455  1616  4908 V SamsungAlarmManager: setLocked to kernel - W:72591746, now=72581397
04-13 11:31:42.457  1616  4908 D SamsungAlarmManager: setInexact (T:3/F:0/AC:false) 20230413T143142 now=72581399 - CU:10199/CP:17092/OP:PendingIntent{3a779e7: PendingIntentRecord{5702680 com.google.android.gms/com.google.android.gms.tron broadcastIntent}}
04-13 11:31:42.458  1616  4908 V SamsungAlarmManager: setLocked to kernel - W:72591746, now=72581400
04-13 11:31:42.462  1022  1022 I SehLight: lcd : 27+
04-13 11:31:42.462  1022  1022 I SehLight: lcd : 27-
04-13 11:31:42.464  1237  1350 I AALCust : Backlight Bits: 10bit
04-13 11:31:42.464  1237  1350 D AAL     : onBacklightChanged: 100/1023 -> 108/1023(phy:432/4095)
04-13 11:31:42.464  1237  1350 D AAL     : LABC: LABC after setTarget isSmoothBacklight=0
04-13 11:31:42.473  1022  1022 I SehLight: lcd : 29+
04-13 11:31:42.473  1022  1022 I SehLight: lcd : 29-
04-13 11:31:42.475  1237  1350 I AALCust : Backlight Bits: 10bit
04-13 11:31:42.475  1237  1350 D AAL     : onBacklightChanged: 108/1023 -> 116/1023(phy:464/4095)
04-13 11:31:42.475  1237  1350 D AAL     : LABC: LABC after setTarget isSmoothBacklight=0
04-13 11:31:42.479  1616  1785 D PowerManagerService: [api] userActivityFromNative : 870 (event: 2 flags: 0 displayId: 0) eventTime = 19810582
04-13 11:31:42.484  1022  1022 I SehLight: lcd : 31+
04-13 11:31:42.484  1022  1022 I SehLight: lcd : 31-
04-13 11:31:42.486  1237  1350 I AALCust : Backlight Bits: 10bit
04-13 11:31:42.486  1237  1350 D AAL     : onBacklightChanged: 116/1023 -> 124/1023(phy:496/4095)
04-13 11:31:42.486  1237  1350 D AAL     : LABC: LABC after setTarget isSmoothBacklight=0
04-13 11:31:42.490  1616  1786 D InputReader: Btn_touch(3): value=0 when=19810.593829
04-13 11:31:42.490  1616  1786 I InputReader: Touch event's action is 0x1 (id=3, t=0) [pCnt=1, s=] when=19810.593829
04-13 11:31:42.490  1616  1785 I InputDispatcher: Delivering touch to (7718): action: 0x1, f=0x0, d=0, 'e09c881', t=1
04-13 11:31:42.491  7718  7718 I ViewRootImpl@4317bd[SubSettings]: ViewPostIme pointer 1
04-13 11:31:42.491  7718  7718 D AbsListView: onTouchUp() mTouchMode : 2
04-13 11:31:42.494  7718  7718 I DeviceListPreferenceFragment: onDevicePreferenceClick :: (N) HUAWEI P20 Pro, mIsPickerDialog = false
04-13 11:31:42.495  1022  1022 I SehLight: lcd : 33+
04-13 11:31:42.495  1022  1022 I SehLight: lcd : 33-
04-13 11:31:42.497  1237  1350 I AALCust : Backlight Bits: 10bit
04-13 11:31:42.497  1237  1350 D AAL     : onBacklightChanged: 124/1023 -> 132/1023(phy:528/4095)
04-13 11:31:42.497  1237  1350 D AAL     : LABC: LABC after setTarget isSmoothBacklight=0
04-13 11:31:42.499  7718  7718 D SamsungAnalytics605015: user do not agree
04-13 11:31:42.499  7718  7718 D SamsungAnalytics605015: user do not agree
04-13 11:31:42.500  7718  7718 D BluetoothDevicePreference: onClicked :: [(N) HUAWEI P20 Pro], [12], [false], [5a020c], [0], [1]
04-13 11:31:42.501  7718  7718 D SamsungAnalytics605015: user do not agree
04-13 11:31:42.501  7718  7718 D CachedBluetoothDevice: getBtClassDrawable :: (N) HUAWEI P20 Pro, BluetoothClass = 5a020c, Appearance = 0
04-13 11:31:42.503  2079  2288 D BtConfig.SecureMode: isSecureModeOn:false
04-13 11:31:42.503  2079  2288 V BluetoothDatabase: getProfileConnectionPolicy: xx:xx:xx:xx:xx:xx, profile=1, connectionPolicy = -1
04-13 11:31:42.503  1047  1047 I BufferQueueProducer: [com.android.settings/com.android.settings.SubSettings$_7718#1](this:0xb40000773f743950,id:-1,api:0,p:-1,c:1047) queueBuffer: fps=0.07 dur=40325.14 max=40181.27 min=55.22
04-13 11:31:42.503  2079  2288 V BluetoothDatabase: getProfileConnectionPolicy: xx:xx:xx:xx:xx:xx, profile=2, connectionPolicy = -1
04-13 11:31:42.503  2079  2288 V BluetoothDatabase: getProfileConnectionPolicy: xx:xx:xx:xx:xx:xx, profile=4, connectionPolicy = -1
04-13 11:31:42.503  2079  2288 V BluetoothDatabase: getProfileConnectionPolicy: xx:xx:xx:xx:xx:xx, profile=5, connectionPolicy = 100
04-13 11:31:42.503  2079  2288 V BluetoothDatabase: getProfileConnectionPolicy: xx:xx:xx:xx:xx:xx, profile=5, connectionPolicy = 100
04-13 11:31:42.503  2079  2288 I BluetoothAdapterService: connectEnabledProfiles: Connecting Pan Profile
04-13 11:31:42.504  1015  1141 I hwcomposer: [HWCDisplay] [Display_0 (type:1)] fps:0.791623,dur:40423.27,max:40091.24,min:4.33
04-13 11:31:42.505  1616  2191 D SecContentProvider: query(), uri = 4 selection = isProfileAuthorizedBySecurityPolicy
04-13 11:31:42.505  1616  2191 D SecContentProvider: called from android.uid.bluetooth:1002
04-13 11:31:42.506  1022  1022 I SehLight: lcd : 35+
04-13 11:31:42.506  1022  1022 I SehLight: lcd : 35-
04-13 11:31:42.507  2079  2079 D BluetoothPanServiceJni: connectPanNative(L202): in
04-13 11:31:42.507  2079  2703 I bt_stack: [INFO:pan_api.cc(315)] PAN_Connect for BD Addr: dc:72:9b:8a:8d:34
04-13 11:31:42.507  2079  2703 I bt_stack: [INFO:bnep_api.cc(136)] BNEP_Connect BDA:dc:72:9b:8a:8d:34
04-13 11:31:42.508  2079  2703 W btm_acl : Unable to find active acl
04-13 11:31:42.509  1237  1350 I AALCust : Backlight Bits: 10bit
04-13 11:31:42.509  1237  1350 D AAL     : onBacklightChanged: 132/1023 -> 140/1023(phy:560/4095)
04-13 11:31:42.509  1237  1350 D AAL     : LABC: LABC after setTarget isSmoothBacklight=0
