04-13 11:30:41.850  1616  2006 V WindowManager: removeIfPossible 2, Window{ee06d68 u0 com.android.systemui/com.android.systemui.usb.UsbDebuggingActivity}: mAnimatingExit=true caller=com.android.server.wm.WindowState.removeIfPossible:2984 com.android.server.wm.WindowManagerService.removeWindow:2265 com.android.server.wm.Session.remove:225 android.view.IWindowSession$Stub.onTransact:746 com.android.server.wm.Session.onTransact:176
04-13 11:30:41.852  2094  2094 D InputTransport: Input channel destroyed: 'ee06d68', fd=183
04-13 11:30:41.852  2094  2094 W Looper  : Slow dispatch took 14ms main h=android.app.ActivityThread$H c=null m=159
04-13 11:30:41.853  1616  2006 I ActivityTaskManager: Removing activity ActivityRecord{cc46450 u0 com.android.systemui/.usb.UsbDebuggingActivity t894 f}}(activityDestroyed)  from stack callers=com.android.server.wm.ActivityRecord.destroyed:4099 com.android.server.wm.ActivityClientController.activityDestroyed:288 android.app.IActivityClientController$Stub.onTransact:604 com.android.server.wm.ActivityClientController.onTransact:130 android.os.Binder.execTransactInternal:1220
04-13 11:30:41.862  2094  2094 D SystemUIService: SYSUI_RAM_OPTIMIZATION onTrimMemory=20
04-13 11:30:41.862  2094  2094 D StatusBar: SYSUI_RAM_OPTIMIZATION onTrimMemory=20
04-13 11:30:41.862  2094  2094 D SystemUIService: onTrimMemory : 20
04-13 11:30:41.864  2094  2108 I BLASTBufferQueue: [ViewRootImpl@bc1d18e[UsbDebuggingActivity]#71] destructor()
04-13 11:30:41.864  2094  2108 I BufferQueueConsumer: [ViewRootImpl@bc1d18e[UsbDebuggingActivity]#71(BLAST Consumer)71](id:82e00000047,api:0,p:-1,c:2094) disconnect
04-13 11:30:41.921  1194  1273 E HfLooper: eventConvertAll, lux = 707.000000
04-13 11:30:41.923  2660  3915 I RecentModel: onTaskStackChangedBackground
04-13 11:30:41.927  1616  1658 I WindowManager: Reparenting to original parent: Surface(name=DefaultTaskDisplayArea)/@0xea17b9d, destroy=true, surface=Surface(name=Task=894)/@0x1b8920a
04-13 11:30:41.927  1616  1658 V WindowManager: Setting visibility of Window{ee06d68 u0 com.android.systemui/com.android.systemui.usb.UsbDebuggingActivity EXITING}: false, caller=com.android.server.wm.WindowContainer.sendAppVisibilityToClients:1110 com.android.server.wm.WindowToken.setClientVisible:448 com.android.server.wm.ActivityRecord.setClientVisible:7027 com.android.server.wm.ActivityRecord.onAnimationFinished:7914 com.android.server.wm.WindowContainer.doAnimationFinished:3107
04-13 11:30:41.929  2094  2094 I ViewRootImpl@bc1d18e[UsbDebuggingActivity]: handleAppVisibility mAppVisible=true visible=false
04-13 11:30:41.942  1047  1047 D SurfaceFlinger: Display 0 HWC layers:
04-13 11:30:41.942  1047  1047 D SurfaceFlinger:      DEVICE | 0xb40000771fd66c80 | 0100 | RGBA_8888    |    0.0    0.0 1080.0 2408.0 |    0    0 1080 2408 | com.android.settings/com.android.settings.SubSettings$_7718#1
04-13 11:30:41.942  1047  1047 D SurfaceFlinger:  SOLID_COLOR |              | 0000 |  Unknown  |    0.0    0.0    0.0    0.0 |    0    0 1080 2408 | Dim Layer for - WindowedMagnification:0:31#0
04-13 11:30:41.942  1047  1047 D SurfaceFlinger:      DEVICE | 0xb40000773f623580 | 0100 | RGBA_8888    |    6.0    0.0 1086.0  658.0 |    0 1621 1080 2279 | com.android.settings/com.android.set[...]tooth.BluetoothPairingDialog$_7718#0
04-13 11:30:41.942  1047  1047 D SurfaceFlinger:      DEVICE | 0xb40000773f623e80 | 0100 | RGBA_8888    |    0.0    0.0 1080.0  113.0 |    0    0 1080  113 | StatusBar$_2094#0
04-13 11:30:41.942  1047  1047 D SurfaceFlinger:      DEVICE | 0xb40000773f623700 | 0100 | RGBA_8888    |    0.0    0.0 1080.0  135.0 |    0 2273 1080 2408 | NavigationBar0$_2094#0
04-13 11:30:41.942  1047  1047 D SurfaceFlinger:
04-13 11:30:41.949  1047  1047 I SurfaceFlinger: id=2880 Removed Surface(name=Task=894)/@0x1b8920a - animation-leash of app_transition#0 (128)
04-13 11:30:41.949  1047  1047 I Layer   : id=2880 Destroyed Surface(name=Task=894)/@0x1b8920a - animation-leash of app_transition#0
04-13 11:30:42.003  1616  1655 I GestureDetector: handleMessage TAP
04-13 11:30:42.004  1616  1616 I GestureDetector: handleMessage TAP
04-13 11:30:42.081  1194  1273 E HfLooper: eventConvertAll, lux = 715.000000
04-13 11:30:42.170  1616  1658 I WindowManager: Reparenting to original parent: Surface(name=ActivityRecord{cc46450 u0 com.android.systemui/.usb.UsbDebuggingActivity t894})/@0x6de8e44, destroy=true, surface=Surface(name=ee06d68 com.android.systemui/com.android.systemui.usb.UsbDebuggingActivity)/@0x6023357
04-13 11:30:42.171  1616  1658 E WindowManager: win=Window{ee06d68 u0 com.android.systemui/com.android.systemui.usb.UsbDebuggingActivity EXITING} destroySurfaces: appStopped=false win.mWindowRemovalAllowed=true win.mRemoveOnExit=true win.mViewVisibility=0 caller=com.android.server.wm.ActivityRecord.destroySurfaces:5860 com.android.server.wm.ActivityRecord.destroySurfaces:5841 com.android.server.wm.WindowState.onExitAnimationDone:5989 com.android.server.wm.WindowStateAnimator.onAnimationFinished:242 com.android.server.wm.WindowState.onAnimationFinished:6242 com.android.server.wm.WindowContainer$$ExternalSyntheticLambda0.onAnimationFinished:2 com.android.server.wm.SurfaceAnimator.lambda$getFinishedCallback$0$SurfaceAnimator:113
04-13 11:30:42.171  1616  1658 I WindowManager: Destroying surface Surface(name=com.android.systemui/com.android.systemui.usb.UsbDebuggingActivity$_2094)/@0xd799d29 called by com.android.server.wm.WindowStateAnimator.destroySurface:987 com.android.server.wm.WindowStateAnimator.destroySurfaceLocked:518 com.android.server.wm.WindowState.destroySurfaceUnchecked:4246 com.android.server.wm.WindowState.destroySurface:4220 com.android.server.wm.ActivityRecord.destroySurfaces:5860 com.android.server.wm.ActivityRecord.destroySurfaces:5841 com.android.server.wm.WindowState.onExitAnimationDone:5989 com.android.server.wm.WindowStateAnimator.onAnimationFinished:242
04-13 11:30:42.181  1047  1047 I SurfaceFlinger: id=2874 Removed ee06d68 com.android.systemui/com.android.systemui.usb.UsbDebuggingActivity#0 (127)
04-13 11:30:42.181  1047  1047 I SurfaceFlinger: id=2875 Removed com.android.systemui/com.android.systemui.usb.UsbDebuggingActivity$_2094#0 (127)
04-13 11:30:42.181  1047  1047 I SurfaceFlinger: id=2881 Removed Surface(name=ee06d68 com.android.systemui/com.android.systemui.usb.UsbDebuggingActivity)/@0x6023357 - animation-leash of window_animation#0 (127)
04-13 11:30:42.181  1047  1047 I Layer   : id=2881 Destroyed Surface(name=ee06d68 com.android.systemui/com.android.systemui.usb.UsbDebuggingActivity)/@0x6023357 - animation-leash of window_animation#0
04-13 11:30:42.181  1047  1047 I Layer   : id=2874 Destroyed ee06d68 com.android.systemui/com.android.systemui.usb.UsbDebuggingActivity#0
04-13 11:30:42.182  1047  1047 I BufferQueueDebug: [com.android.systemui/com.android.systemui.usb.UsbDebuggingActivity$_2094#0](this:0xb40000770f8bf950,id:-1,api:0,p:-1,c:1047) onDestructor()
04-13 11:30:42.182  1047  1047 I Layer   : id=2875 Destroyed com.android.systemui/com.android.systemui.usb.UsbDebuggingActivity$_2094#0
04-13 11:30:42.182  1047  1537 I SurfaceFlinger: id=2882 createSurf (0x0),-1 flag=24004, Task=894#1
04-13 11:30:42.184  1616  1658 W ActivityTaskManager: Can't find TaskDisplayArea to determine support for multi window. Task id=894 attached=false
04-13 11:30:42.184  1616  1658 W ActivityTaskManager: Can't find TaskDisplayArea to determine support for multi window. Task id=894 attached=false
04-13 11:30:42.184  1616  1658 W ActivityTaskManager: Can't find TaskDisplayArea to determine support for multi window. Task id=894 attached=false
04-13 11:30:42.186  2660  2660 I RecentsView: onTaskRemoved() taskId : 894
04-13 11:30:42.186  2660  2660 I RecentsView: onTaskRemoved() taskId : 894
04-13 11:30:42.192  1047  1047 I SurfaceFlinger: id=2871 Removed ActivityRecord{cc46450 u0 com.android.systemui/.usb.UsbDebuggingActivity t894}#0 (125)
04-13 11:30:42.192  1047  1047 I SurfaceFlinger: id=2882 Removed Task=894#1 (125)
04-13 11:30:42.192  1047  1047 I Layer   : id=2882 Destroyed Task=894#1
04-13 11:30:42.192  1047  1047 I Layer   : id=2871 Destroyed ActivityRecord{cc46450 u0 com.android.systemui/.usb.UsbDebuggingActivity t894}#0
04-13 11:30:42.241  1194  1273 E HfLooper: eventConvertAll, lux = 719.000000
04-13 11:30:42.401  1194  1273 E HfLooper: eventConvertAll, lux = 737.000000
04-13 11:30:42.561  1194  1273 E HfLooper: eventConvertAll, lux = 745.000000
04-13 11:30:42.721  1194  1273 E HfLooper: eventConvertAll, lux = 743.000000
04-13 11:30:42.817  1616  2657 D ActivityManagerPerformance: AMP_release() ACT_RESUME
04-13 11:30:42.817  1021  1060 I mtkpower_client: perf_lock_rel, hdl:2148, tid:1060
04-13 11:30:42.817  1021  1060 I mtkpower_client: perf_lock_rel, hdl:2149, tid:1060
04-13 11:30:42.818  1025  1079 I libPowerHal: [perfLockRel] hdl:2148, idx:0
04-13 11:30:42.818  1025  1079 I libPowerHal: vendor.samsung.: cpu_ctrl set cpu freq: -1 -1 1719000 -1
04-13 11:30:42.818  1021  1060 I mtkpower_client: perf_lock_rel, hdl:2150, tid:1060
04-13 11:30:42.818  1025  1079 I libPowerHal: [perfLockRel] hdl:2149, idx:1
04-13 11:30:42.819  1021  1060 I mtkpower_client: perf_lock_rel, hdl:2151, tid:1060
04-13 11:30:42.819  1025  1079 I libPowerHal: [perfLockRel] hdl:2150, idx:2
04-13 11:30:42.819  1025  1079 I libPowerHal: vendor.samsung.: set gpu opp level: 33
04-13 11:30:42.819  1025  1079 I libPowerHal: vendor.samsung.: set gpu opp level max: 0
04-13 11:30:42.819  1021  1060 I mtkpower_client: perf_lock_rel, hdl:2152, tid:1060
04-13 11:30:42.819  1025  1079 I libPowerHal: [perfLockRel] hdl:2151, idx:3
04-13 11:30:42.819  1025  1079 I libPowerHal: [PD] vendor.samsung. update cmd:1000000, param:-1
04-13 11:30:42.820  1025  1079 I libPowerHal: [PD] vendor.samsung. update cmd:1000000 param:-1
04-13 11:30:42.820  1025  1079 I libPowerHal: [perfLockRel] hdl:2152, idx:4
04-13 11:30:42.820  1021  1060 I HYPER-HAL: [RequestManager.cpp]releaseLocked(): Released ID : 1327648
04-13 11:30:42.820  1025  1079 I libPowerHal: vendor.samsung.: cpu_ctrl set cpu freq: -1 -1 -1 -1
04-13 11:30:42.881  1194  1273 E HfLooper: eventConvertAll, lux = 735.000000
04-13 11:30:43.041  1194  1273 E HfLooper: eventConvertAll, lux = 715.000000
04-13 11:30:43.201  1194  1273 E HfLooper: eventConvertAll, lux = 698.000000
04-13 11:30:43.361  1194  1273 E HfLooper: eventConvertAll, lux = 693.000000
04-13 11:30:43.406  1616  2064 I Pageboost: Launcher App Execution
04-13 11:30:43.521  1194  1273 E HfLooper: eventConvertAll, lux = 686.000000
04-13 11:30:43.681  1194  1273 E HfLooper: eventConvertAll, lux = 684.000000
04-13 11:30:43.760  1016  1043 D BatteryDump: wait_for_battery_event : occurred : change@/devices/virtual/misc/focaltech_fp
04-13 11:30:43.761  1302  1633 I focaltech:hal:core: [1436]:got the device interrupt.
04-13 11:30:43.823  1302  1633 I focaltech:fw: [ 982]:Chip int type: 0x4(1=idle 2=down 4=up 8=man 10=inv 20=data 40=afeD 80=halfF 100=fullE 200=rst 400=esd)
04-13 11:30:43.824  1302  1633 I focaltech:ta:core: [1215]:got gesture leave event.
04-13 11:30:43.824  1302  1633 I focaltech:fw: [ 721]:switch to 'FF_DEVICE_MODE_GESTURE' mode.
04-13 11:30:43.824  1302  1633 I focaltech:hal:core: [1528]:finger state gesture leave
04-13 11:30:43.824  1302  1633 I focaltech:hal:core: [1607]:HAL report ctx1->synced_event_state = 10.
04-13 11:30:43.824  1302  1633 I focaltech:hal:core: [1625]:HAL report ctx1->info_type = 0.
04-13 11:30:43.836  1616  2657 W libprocessgroup: Failed to find DoNothingOlaftask profile: Success
04-13 11:30:43.841  1194  1273 E HfLooper: eventConvertAll, lux = 677.000000
04-13 11:30:43.845  2094  2237 D NetworkController: SignalStrength from intent slotId=0
04-13 11:30:43.846  2094  2237 D NetworkController.MobileSignalController(0/2147483647): new mSignalStrength=SignalStrength:{mCdma=Invalid,mGsm=Invalid,mWcdma=CellSignalStrengthWcdma: ss=-67 ber=99 rscp=-67 ecno=0 level=4,mTdscdma=Invalid,mLte=Invalid,mNr=Invalid,SignalBarInfo{ wcdmaLevel=4 },rat=3,primary=CellSignalStrengthWcdma}
04-13 11:30:43.846  2094  2237 D NetworkController.MobileSignalController(0/2147483647): Display signal bar by emergency only[true][true]
04-13 11:30:44.001  1194  1273 E HfLooper: eventConvertAll, lux = 689.000000
04-13 11:30:44.161  1194  1273 E HfLooper: eventConvertAll, lux = 697.000000
04-13 11:30:44.260  1007  2698 D [BT]    : mtk_bt_op: BT_VND_OP_LPM_WAKE_SET_STATE
04-13 11:30:44.265  1616  1748 D SensorService: [SO] 0.273 1.169 9.337
04-13 11:30:44.265  1616  1748 D SensorService: [SO] [0 -> 255]
04-13 11:30:44.266  1616  1655 I WindowOrientationListener: OrientationSensorJudge.onSensorChanged, Rotation: -1
04-13 11:30:44.267  2094  2094 V NavigationBar: onRotationProposal proposedRotation=-1, winRotation=ROTATION_0, isValid=false, mNavBarWindowState=WINDOW_STATE_SHOWING, rotateSuggestionsDisabled=false, isRotateButtonVisible=false
04-13 11:30:44.268  2094  2094 V Navbar.Store: handleEvent [EventType] GET_BOOL_ROTATE_BUTTON_DISABLE_POLICY [Module] NavigationBar  KEYS_DEFAULT=false
04-13 11:30:44.268  2094  2094 V Navbar.Store: --[Band]ROTATION_PACK_CHECK_ROTATION_BUTTON_DISABLE_POLICY
04-13 11:30:44.321  1194  1273 E HfLooper: eventConvertAll, lux = 736.000000
04-13 11:30:44.481  1194  1273 E HfLooper: eventConvertAll, lux = 718.000000
04-13 11:30:44.641  1194  1273 E HfLooper: eventConvertAll, lux = 689.000000
04-13 11:30:44.703  1616  1687 D PowerManagerService: UserActivityStateListenerState: 0
04-13 11:30:44.801  1194  1273 E HfLooper: eventConvertAll, lux = 691.000000
04-13 11:30:44.878  1616  1662 E Watchdog: !@Sync: 656 heap: 77 / 92 [2023-04-13 11:30:44.878] sdogWay: softdog FD: 799
04-13 11:30:44.961  1194  1273 E HfLooper: eventConvertAll, lux = 734.000000
04-13 11:30:44.962  1237  2014 D AALLightSensor: oldLux=702 [SA:718 LA:706] newLux=702 (oriLux: 734)
04-13 11:30:45.121  1194  1273 E HfLooper: eventConvertAll, lux = 749.000000
04-13 11:30:45.281  1194  1273 E HfLooper: eventConvertAll, lux = 761.000000
04-13 11:30:45.290  1213  1213 I thermal_repeater: socket -1
04-13 11:30:45.441  1194  1273 E HfLooper: eventConvertAll, lux = 733.000000
04-13 11:30:45.601  1194  1273 E HfLooper: eventConvertAll, lux = 695.000000
04-13 11:30:45.761  1194  1273 E HfLooper: eventConvertAll, lux = 691.000000
04-13 11:30:45.921  1194  1273 E HfLooper: eventConvertAll, lux = 695.000000
04-13 11:30:46.081  1194  1273 E HfLooper: eventConvertAll, lux = 713.000000
04-13 11:30:46.241  1194  1273 E HfLooper: eventConvertAll, lux = 689.000000
04-13 11:30:46.401  1194  1273 E HfLooper: eventConvertAll, lux = 556.000000
04-13 11:30:46.404  2094  2237 D NetworkController: SignalStrength from intent slotId=0
04-13 11:30:46.404  2094  2237 D NetworkController.MobileSignalController(0/2147483647): new mSignalStrength=SignalStrength:{mCdma=Invalid,mGsm=Invalid,mWcdma=CellSignalStrengthWcdma: ss=-69 ber=99 rscp=-68 ecno=0 level=4,mTdscdma=Invalid,mLte=Invalid,mNr=Invalid,SignalBarInfo{ wcdmaLevel=4 },rat=3,primary=CellSignalStrengthWcdma}
04-13 11:30:46.404  2094  2237 D NetworkController.MobileSignalController(0/2147483647): Display signal bar by emergency only[true][true]
04-13 11:30:46.561  1194  1273 E HfLooper: eventConvertAll, lux = 519.000000
04-13 11:30:46.663  1194  1291 I android.hardware.sensors@2.0-service-mediatek: GripSensor_wifi: grip data = TOUCH
04-13 11:30:46.665  1616  1616 I SemWifiBackOff.Sar: TripleBodySarManager : gripped grip sensor2
04-13 11:30:46.666  1616  1616 I SemWifiBackOff.Sar: TripleBodySarManager : enable sensor monitoring : true
04-13 11:30:46.666  1616  1616 D SemWifiBackOff.Sar: TripleBodySarManager : update : mIsGripping1:true mIsGripping2:true mIsGripLteSubSensor:false
04-13 11:30:46.666  1616  1616 I SemWifiBackOff.Sar: setPowerBackoff(3 ant) mode=2
04-13 11:30:46.667 31185 31185 D wpa_supplicant: doDriverCommand SET_TX_POWER_CALLING 2
04-13 11:30:46.667 31185 31185 I wpa_supplicant: wpa_driver_nl80211_driver_cmd: wlan0 recv cmd SET_TX_POWER_CALLING 2
04-13 11:30:46.667 31185 31185 E wpa_supplicant: parameter -SET_TX_POWER_CALLING 2-
04-13 11:30:46.667 31185 31185 E wpa_supplicant: cmdBuf -2-
04-13 11:30:46.667 31185 31185 I wpa_supplicant: wpa_driver_nl80211_driver_cmd: MySAR 2
04-13 11:30:46.667 31185 31185 I wpa_supplicant: wpa_driver_mediatek_dynamic_tx_power_ctrl: dynamic tx power control scenario:MySAR subIdx:3
04-13 11:30:46.670 31185 31185 I wpa_supplicant: succeed to execute SET_TX_POWER_CALLING 2
04-13 11:30:46.721  1194  1273 E HfLooper: eventConvertAll, lux = 453.000000
04-13 11:30:46.881  1194  1273 E HfLooper: eventConvertAll, lux = 491.000000
04-13 11:30:46.925  1616  1748 D SensorService: [SO] -1.869 -0.032 9.478
04-13 11:30:46.983  1194  1291 I android.hardware.sensors@2.0-service-mediatek: GripSensor_sub: grip data = TOUCH
04-13 11:30:46.985  1616  1616 I SemWifiBackOff.Sar: TripleBodySarManager : gripped grip LteSubSensor
04-13 11:30:46.986  1616  1616 I SemWifiBackOff.Sar: TripleBodySarManager : enable sensor monitoring : true
04-13 11:30:46.986  1616  1616 D SemWifiBackOff.Sar: TripleBodySarManager : update : mIsGripping1:true mIsGripping2:true mIsGripLteSubSensor:true
04-13 11:30:46.986  1616  1616 I SemWifiBackOff.Sar: setPowerBackoff(3 ant) mode=3
04-13 11:30:46.986 31185 31185 D wpa_supplicant: doDriverCommand SET_TX_POWER_CALLING 3
04-13 11:30:46.986 31185 31185 I wpa_supplicant: wpa_driver_nl80211_driver_cmd: wlan0 recv cmd SET_TX_POWER_CALLING 3
04-13 11:30:46.986 31185 31185 E wpa_supplicant: parameter -SET_TX_POWER_CALLING 3-
04-13 11:30:46.986 31185 31185 E wpa_supplicant: cmdBuf -3-
04-13 11:30:46.986 31185 31185 I wpa_supplicant: wpa_driver_nl80211_driver_cmd: MySAR 3
04-13 11:30:46.986 31185 31185 I wpa_supplicant: wpa_driver_mediatek_dynamic_tx_power_ctrl: dynamic tx power control scenario:MySAR subIdx:4
04-13 11:30:46.989 31185 31185 I wpa_supplicant: succeed to execute SET_TX_POWER_CALLING 3
04-13 11:30:47.041  1194  1273 E HfLooper: eventConvertAll, lux = 496.000000
04-13 11:30:47.201  1194  1273 E HfLooper: eventConvertAll, lux = 518.000000
04-13 11:30:47.361  1194  1273 E HfLooper: eventConvertAll, lux = 544.000000
04-13 11:30:47.521  1194  1273 E HfLooper: eventConvertAll, lux = 550.000000
04-13 11:30:47.681  1194  1273 E HfLooper: eventConvertAll, lux = 556.000000
04-13 11:30:47.700   561   561 D io_stats: !@ 179,0 r 1255468 34309634 w 616944 23617908 d 0 0 f 0 0 iot 659404 0 th 0 0 0 pt 0 inp 0 0 19755.803
04-13 11:30:47.841  1194  1273 E HfLooper: eventConvertAll, lux = 553.000000
04-13 11:30:48.001  1194  1273 E HfLooper: eventConvertAll, lux = 554.000000
04-13 11:30:48.161  1194  1273 E HfLooper: eventConvertAll, lux = 556.000000
04-13 11:30:48.281 11900 11900 D CompatibilityChangeReporter: Compat change id reported: 150939131; UID 10254; state: ENABLED
04-13 11:30:48.321  1194  1273 E HfLooper: eventConvertAll, lux = 558.000000
04-13 11:30:48.482  1194  1273 E HfLooper: eventConvertAll, lux = 560.000000
04-13 11:30:48.534  1025  1056 D power@timer: [mtkPowerTimer] visRead:0
04-13 11:30:48.641  1194  1273 E HfLooper: eventConvertAll, lux = 563.000000
04-13 11:30:48.800  1194  1273 E HfLooper: eventConvertAll, lux = 564.000000
04-13 11:30:48.961  1194  1273 E HfLooper: eventConvertAll, lux = 564.000000
04-13 11:30:48.963  1237  2014 D AALLightSensor: oldLux=702 [SA:563 LA:558] newLux=702 (oriLux: 564)
04-13 11:30:48.968  2094  2237 D NetworkController: SignalStrength from intent slotId=0
04-13 11:30:48.968  2094  2237 D NetworkController.MobileSignalController(0/2147483647): new mSignalStrength=SignalStrength:{mCdma=Invalid,mGsm=Invalid,mWcdma=CellSignalStrengthWcdma: ss=-69 ber=99 rscp=-69 ecno=0 level=4,mTdscdma=Invalid,mLte=Invalid,mNr=Invalid,SignalBarInfo{ wcdmaLevel=4 },rat=3,primary=CellSignalStrengthWcdma}
04-13 11:30:48.968  2094  2237 D NetworkController.MobileSignalController(0/2147483647): Display signal bar by emergency only[true][true]
04-13 11:30:49.122  1194  1273 E HfLooper: eventConvertAll, lux = 565.000000
04-13 11:30:49.281  1194  1273 E HfLooper: eventConvertAll, lux = 563.000000
04-13 11:30:49.349 17092 17092 D BoundBrokerSvc: onUnbind: Intent { act=com.google.android.gms.clearcut.bootcount.service.START dat=chimera-action: cmp=com.google.android.gms/.chimera.PersistentBoundBrokerService }
04-13 11:30:49.373 17092 17092 D BoundBrokerSvc: onUnbind: Intent { act=com.google.android.gms.phenotype.service.START dat=chimera-action: cmp=com.google.android.gms/.chimera.PersistentApiService }
04-13 11:30:49.442  1194  1273 E HfLooper: eventConvertAll, lux = 562.000000
04-13 11:30:49.540 11372 11372 D BoundBrokerSvc: onUnbind: Intent { act=com.google.android.gms.checkin.START pkg=com.google.android.gms }
04-13 11:30:49.602  1194  1273 E HfLooper: eventConvertAll, lux = 560.000000
04-13 11:30:49.762  1194  1273 E HfLooper: eventConvertAll, lux = 559.000000
04-13 11:30:49.922  1194  1273 E HfLooper: eventConvertAll, lux = 558.000000
04-13 11:30:50.082  1194  1273 E HfLooper: eventConvertAll, lux = 557.000000
04-13 11:30:50.242  1194  1273 E HfLooper: eventConvertAll, lux = 558.000000
04-13 11:30:50.292  1213  1213 I thermal_repeater: socket -1
04-13 11:30:50.401  1194  1273 E HfLooper: eventConvertAll, lux = 556.000000
04-13 11:30:50.561  1194  1273 E HfLooper: eventConvertAll, lux = 556.000000
04-13 11:30:50.722  1194  1273 E HfLooper: eventConvertAll, lux = 556.000000
04-13 11:30:50.877 31185 31185 I wpa_supplicant: Heartbeat 3006
04-13 11:30:50.882  1194  1273 E HfLooper: eventConvertAll, lux = 556.000000
04-13 11:30:51.042  1194  1273 E HfLooper: eventConvertAll, lux = 556.000000
04-13 11:30:51.202  1194  1273 E HfLooper: eventConvertAll, lux = 557.000000
04-13 11:30:51.362  1194  1273 E HfLooper: eventConvertAll, lux = 557.000000
04-13 11:30:51.519  1194  1273 E HfLooper: eventConvertAll, lux = 558.000000
04-13 11:30:51.524  2094  2237 D NetworkController: SignalStrength from intent slotId=0
04-13 11:30:51.525  2094  2237 D NetworkController.MobileSignalController(0/2147483647): new mSignalStrength=SignalStrength:{mCdma=Invalid,mGsm=Invalid,mWcdma=CellSignalStrengthWcdma: ss=-69 ber=99 rscp=-68 ecno=0 level=4,mTdscdma=Invalid,mLte=Invalid,mNr=Invalid,SignalBarInfo{ wcdmaLevel=4 },rat=3,primary=CellSignalStrengthWcdma}
04-13 11:30:51.525  2094  2237 D NetworkController.MobileSignalController(0/2147483647): Display signal bar by emergency only[true][true]
04-13 11:30:51.682  1194  1273 E HfLooper: eventConvertAll, lux = 556.000000
04-13 11:30:51.745  1616  1749 I AppOps  : updateUidProcState uid: 1002 procState: 0 capability:15
04-13 11:30:51.763  1616  1749 I AppOps  : updateUidProcState uid: 10201 procState: 5 capability:15
04-13 11:30:51.842  1194  1273 E HfLooper: eventConvertAll, lux = 547.000000
04-13 11:30:51.958  1616  1749 I AppOps  : updateUidProcState uid: 10105 procState: 0 capability:15
04-13 11:30:52.001  1194  1273 E HfLooper: eventConvertAll, lux = 543.000000
04-13 11:30:52.005  1616  1749 I AppOps  : updateUidProcState uid: 1000 procState: 0 capability:15
04-13 11:30:52.161  1194  1273 E HfLooper: eventConvertAll, lux = 542.000000
04-13 11:30:52.169 22758 22818 I ContactsProvider_EventLog: contents_sample_state: [CONTACT contacts(116) data(783) accounts({com.google.android.apps.tachyon (16)=1, com.google (3)=118, com.skype.raider (15)=22}) accounts deleted({}) in_trash(in_trash(0), in_trash_for_sync(0)) calls([logtype:100 cnt:2000]) countryIso(PT) userId(0)  ]
04-13 11:30:52.169 22758 22818 I ContactsProvider_EventLog: contents_sample_state: [ agr({[3 ,15]=13, [15]=8, [3]=93, [3 ,3 ,3 ,3 ,3 ,3 ,3 ,3 ,3 ,3 ,3]=1, [3 ,15 ,16]=1})  ]
04-13 11:30:52.169 22758 22818 I ContactsProvider_EventLog: contents_sample_state: [ actCnt({android.process.acore(22758)=1})  ]
04-13 11:30:52.169 22758 22818 I ContactsProvider_EventLog: contents_sample_state: [PROFILE contacts(0) data(0) accounts({})  ] [SAPROFILE contacts(0) data(0) accounts({})  ]
04-13 11:30:52.169 22758 22818 I ContactsProvider_EventLog: contents_sample_state: [STORAGE Contacts(CE) Profile(CE) SAProfile(CE) CallLog(CE)  ]
04-13 11:30:52.169 22758 22818 I ContactsProvider_EventLog: contents_sample_state: [STATE R(F) ]
04-13 11:30:52.321  1194  1273 E HfLooper: eventConvertAll, lux = 543.000000
04-13 11:30:52.481  1194  1273 E HfLooper: eventConvertAll, lux = 544.000000
04-13 11:30:52.641  1194  1273 E HfLooper: eventConvertAll, lux = 543.000000
04-13 11:30:52.801  1194  1273 E HfLooper: eventConvertAll, lux = 544.000000
04-13 11:30:52.962  1194  1273 E HfLooper: eventConvertAll, lux = 545.000000
04-13 11:30:52.964  1237  2014 D AALLightSensor: oldLux=702 [SA:544 LA:544] newLux=702 (oriLux: 545)
04-13 11:30:53.122  1194  1273 E HfLooper: eventConvertAll, lux = 556.000000
04-13 11:30:53.282  1194  1273 E HfLooper: eventConvertAll, lux = 564.000000
04-13 11:30:53.442  1194  1273 E HfLooper: eventConvertAll, lux = 564.000000
04-13 11:30:53.602  1194  1273 E HfLooper: eventConvertAll, lux = 565.000000
04-13 11:30:53.703   561   561 D io_stats: !@ 179,0 r 1255468 34309634 w 616949 23617932 d 0 0 f 0 0 iot 659408 0 th 0 0 0 pt 0 inp 0 0 19761.806
04-13 11:30:53.762  1194  1273 E HfLooper: eventConvertAll, lux = 566.000000
04-13 11:30:53.922  1194  1273 E HfLooper: eventConvertAll, lux = 566.000000
04-13 11:30:54.081  1194  1273 E HfLooper: eventConvertAll, lux = 565.000000
04-13 11:30:54.240  1194  1273 E HfLooper: eventConvertAll, lux = 565.000000
04-13 11:30:54.369 17092 14153 W ejqa    : [{0}] Failed to resolve name. status={1}
04-13 11:30:54.369  1616  1983 D NetdEventListenerService: DNS Requested by : 0, 10199, 7
04-13 11:30:54.402  1194  1273 E HfLooper: eventConvertAll, lux = 560.000000
04-13 11:30:54.562  1194  1273 E HfLooper: eventConvertAll, lux = 561.000000
04-13 11:30:54.721  1194  1273 E HfLooper: eventConvertAll, lux = 562.000000
04-13 11:30:54.881  1194  1273 E HfLooper: eventConvertAll, lux = 562.000000
04-13 11:30:55.042  1194  1273 E HfLooper: eventConvertAll, lux = 562.000000
04-13 11:30:55.202  1194  1273 E HfLooper: eventConvertAll, lux = 562.000000
04-13 11:30:55.293  1213  1213 I thermal_repeater: socket -1
04-13 11:30:55.361  1194  1273 E HfLooper: eventConvertAll, lux = 562.000000
04-13 11:30:55.522  1194  1273 E HfLooper: eventConvertAll, lux = 563.000000
04-13 11:30:55.681  1194  1273 E HfLooper: eventConvertAll, lux = 563.000000
04-13 11:30:55.842  1194  1273 E HfLooper: eventConvertAll, lux = 562.000000
04-13 11:30:55.993  1616  1748 D SensorService: [SO] 0.093 0.135 9.670
04-13 11:30:56.002  1194  1273 E HfLooper: eventConvertAll, lux = 562.000000
04-13 11:30:56.162  1194  1273 E HfLooper: eventConvertAll, lux = 561.000000
04-13 11:30:56.322  1194  1273 E HfLooper: eventConvertAll, lux = 560.000000
04-13 11:30:56.482  1194  1273 E HfLooper: eventConvertAll, lux = 560.000000
04-13 11:30:56.641  1194  1273 E HfLooper: eventConvertAll, lux = 559.000000
04-13 11:30:56.645  2094  2237 D NetworkController: SignalStrength from intent slotId=0
04-13 11:30:56.646  2094  2237 D NetworkController.MobileSignalController(0/2147483647): new mSignalStrength=SignalStrength:{mCdma=Invalid,mGsm=Invalid,mWcdma=CellSignalStrengthWcdma: ss=-69 ber=99 rscp=-69 ecno=0 level=4,mTdscdma=Invalid,mLte=Invalid,mNr=Invalid,SignalBarInfo{ wcdmaLevel=4 },rat=3,primary=CellSignalStrengthWcdma}
04-13 11:30:56.646  2094  2237 D NetworkController.MobileSignalController(0/2147483647): Display signal bar by emergency only[true][true]
04-13 11:30:56.699 17092 17677 I PhenotypeProcessReaper: Memory state is: 125
04-13 11:30:56.802  1194  1273 E HfLooper: eventConvertAll, lux = 559.000000
04-13 11:30:56.959  1194  1273 E HfLooper: eventConvertAll, lux = 558.000000
04-13 11:30:57.122  1194  1273 E HfLooper: eventConvertAll, lux = 556.000000
04-13 11:30:57.124  1237  2014 D AALLightSensor: oldLux=702 [SA:556 LA:557] newLux=702 (oriLux: 556)
04-13 11:30:57.281  1194  1273 E HfLooper: eventConvertAll, lux = 557.000000
04-13 11:30:57.442  1194  1273 E HfLooper: eventConvertAll, lux = 561.000000
04-13 11:30:57.602  1194  1273 E HfLooper: eventConvertAll, lux = 562.000000
04-13 11:30:57.762  1194  1273 E HfLooper: eventConvertAll, lux = 562.000000
04-13 11:30:57.922  1194  1273 E HfLooper: eventConvertAll, lux = 563.000000
04-13 11:30:58.082  1194  1273 E HfLooper: eventConvertAll, lux = 564.000000
04-13 11:30:58.241  1194  1273 E HfLooper: eventConvertAll, lux = 566.000000
04-13 11:30:58.401  1194  1273 E HfLooper: eventConvertAll, lux = 566.000000
04-13 11:30:58.562  1194  1273 E HfLooper: eventConvertAll, lux = 566.000000
04-13 11:30:58.722  1194  1273 E HfLooper: eventConvertAll, lux = 567.000000
04-13 11:30:58.882  1194  1273 E HfLooper: eventConvertAll, lux = 567.000000
04-13 11:30:59.041  1194  1273 E HfLooper: eventConvertAll, lux = 567.000000
04-13 11:30:59.201  1194  1273 E HfLooper: eventConvertAll, lux = 566.000000
04-13 11:30:59.211  2094  2237 D NetworkController: SignalStrength from intent slotId=0
04-13 11:30:59.212  2094  2237 D NetworkController.MobileSignalController(0/2147483647): new mSignalStrength=SignalStrength:{mCdma=Invalid,mGsm=Invalid,mWcdma=CellSignalStrengthWcdma: ss=-69 ber=99 rscp=-68 ecno=0 level=4,mTdscdma=Invalid,mLte=Invalid,mNr=Invalid,SignalBarInfo{ wcdmaLevel=4 },rat=3,primary=CellSignalStrengthWcdma}
04-13 11:30:59.212  2094  2237 D NetworkController.MobileSignalController(0/2147483647): Display signal bar by emergency only[true][true]
04-13 11:30:59.361  1194  1273 E HfLooper: eventConvertAll, lux = 566.000000
04-13 11:30:59.522  1194  1273 E HfLooper: eventConvertAll, lux = 567.000000
04-13 11:30:59.682  1194  1273 E HfLooper: eventConvertAll, lux = 566.000000
04-13 11:30:59.842  1194  1273 E HfLooper: eventConvertAll, lux = 566.000000
04-13 11:31:00.001  1616  1770 D SamsungAlarmManager: Expired : 8
04-13 11:31:00.001  1194  1273 E HfLooper: eventConvertAll, lux = 566.000000
04-13 11:31:00.002  1616  1770 V SamsungAlarmManager: Sending to uid : 1000 L=9b26671:TIME_TICK alarm=Alarm{93a364f type 3 origWhen 72538942 whenElapsed 72538942 android}
04-13 11:31:00.002  1616  1770 D SamsungAlarmManager: setExact (T:3/F:9/AC:false) 20230413T113200 now=72538944 - CU:1000/CP:1616/L:9b26671:TIME_TICK
04-13 11:31:00.005  2094  2094 D KeyguardUpdateMonitor: received broadcast android.intent.action.TIME_TICK
04-13 11:31:00.005  1616  1770 V SamsungAlarmManager: setLocked to kernel - W:72591746 / NW:72549492, now=72538947
04-13 11:31:00.005  2094  2729 D QSClockBellTower: onReceive(android.intent.action.TIME_TICK) mTimeZoneString:null
04-13 11:31:00.006  1616  1770 V SamsungAlarmManager: setLocked to kernel - W:72591746 / NW:72549492, now=72538948
04-13 11:31:00.009  1015  1485 I hwcomposer: [DRMDEV] (0) failed to waitNextVsync: -1
04-13 11:31:00.013  2094  2094 D KeyguardUpdateMonitor: handleTimeUpdate
04-13 11:31:00.016  2094  2094 D FaceWidgetPagesController: onTimeChanged()
04-13 11:31:00.018  1015  1485 I hwcomposer: [DRMDEV] (0) failed to waitNextVsync: -1
04-13 11:31:00.019  2094  2094 D QSClockBellTower: He is ready to ring the bell. (((QSClockBellSound - TimeText:11:31, TimeContentDescription:11:31, DateText:Thu, April 13, ShortDateText:Thu, Apr 13, Demofalse)))
04-13 11:31:00.021  2094  2094 D QSClockHomeIndicatorView: Home Indicator status_bar_clock notifyTimeChanged(QSClockBellSound - TimeText:11:31, TimeContentDescription:11:31, DateText:Thu, April 13, ShortDateText:Thu, Apr 13, Demofalse) ClockVisibleByPolicy:true, ClockVisibleByUser:true, visible?true, parent:android.widget.LinearLayout{e2934b3 V.E...... ......ID 0,0-98,113 #7f0b0472 app:id/left_clock_container}
04-13 11:31:00.021  2094  2094 D QSClockBellTower: Everyone heard the bell. run(currentTime:1681381860016,   getTime():Thu Apr 13 11:31:00 GMT+01:00 2023,   getTimeZone():libcore.util.ZoneInfo[mDstSavings=3600000,mUseDst=true,mDelegate=[id="Europe/Lisbon",mRawOffset=0,mEarliestRawOffset=-2205000,transitions=224]])
04-13 11:31:00.029  1015  1485 I hwcomposer: [DRMDEV] (0) failed to waitNextVsync: -1
04-13 11:31:00.038  2094  2094 D QS      : setQSExpansion 0.0 -194.25
04-13 11:31:00.040  1015  1485 I hwcomposer: [DRMDEV] (0) failed to waitNextVsync: -1
04-13 11:31:00.045  2094  2094 D QS      : setQSExpansion 0.0 -194.25
04-13 11:31:00.045  2094  2094 V SecQSFragmentAnimatorBase: setQsExpansionPosition 0.0
04-13 11:31:00.045  2094  2094 V QsExpandAnimator: setQsExpansionPosition 0.0 0
04-13 11:31:00.046  2094  2094 D QS      : setQSExpansion 0.0 -194.25
04-13 11:31:00.051  2094  2094 D IndicatorGardenInputProperty: updateRotation() prv:-1 >> new:0
04-13 11:31:00.051  1015  1485 I hwcomposer: [DRMDEV] (0) failed to waitNextVsync: -1
04-13 11:31:00.052  2094  2094 D DeviceState: getDeviceResolutionPixelSize - currentDensity = 450 deviceDensity = 450 initialDisplaySizeFactor = 1080 currentDisplaySizeFactor = 1080 initialDisplayDensity = 450 proportionalDensity = 450 proportionalPixel = 77
04-13 11:31:00.052  2094  2094 D DeviceState: getDeviceResolutionPixelSize - currentDensity = 450 deviceDensity = 450 initialDisplaySizeFactor = 1080 currentDisplaySizeFactor = 1080 initialDisplayDensity = 450 proportionalDensity = 450 proportionalPixel = 0
04-13 11:31:00.052  2094  2094 D DeviceState: getDeviceResolutionPixelSize - currentDensity = 450 deviceDensity = 450 initialDisplaySizeFactor = 1080 currentDisplaySizeFactor = 1080 initialDisplayDensity = 450 proportionalDensity = 450 proportionalPixel = 0
04-13 11:31:00.054  2094  2094 W Looper  : Slow dispatch took 32ms main h=android.view.Choreographer$FrameHandler c=android.view.Choreographer$FrameDisplayEventReceiver@41ea3ef m=0
04-13 11:31:00.055  2094  2094 V QsExpandAnimator: updateAnimators
04-13 11:31:00.055  2094  2094 V QsExpandAnimator: clearAnimationState
04-13 11:31:00.058  2094  2094 V QsExpandAnimator: setQsExpansionPosition 0.0 0
04-13 11:31:00.063  1015  1485 I hwcomposer: [DRMDEV] (0) failed to waitNextVsync: -1
04-13 11:31:00.068  1047  1047 I SurfaceFlinger: SFWD update time=19768172491562
04-13 11:31:00.069  1047  1047 I BufferQueueProducer: [StatusBar$_2094#0](this:0xb40000770f8ce950,id:-1,api:0,p:-1,c:1047) queueBuffer: fps=0.16 dur=25745.18 max=25554.31 min=22.31
04-13 11:31:00.072  1015  1141 I hwcomposer: [HWCDisplay] [Display_0 (type:1)] fps:1.971801,dur:18257.42,max:17867.51,min:9.89
04-13 11:31:00.074  1015  1485 I hwcomposer: [DRMDEV] (0) failed to waitNextVsync: -1
04-13 11:31:00.081 17092 17527 I NearbyDiscovery: Show notifications: 0 total, no changes since last shown, no-op. [CONTEXT service_id=265 ]
04-13 11:31:00.161  1194  1273 E HfLooper: eventConvertAll, lux = 566.000000
04-13 11:31:00.294  1213  1213 I thermal_repeater: socket -1
04-13 11:31:00.322  1194  1273 E HfLooper: eventConvertAll, lux = 564.000000
04-13 11:31:00.482  1194  1273 E HfLooper: eventConvertAll, lux = 564.000000
04-13 11:31:00.642  1194  1273 E HfLooper: eventConvertAll, lux = 563.000000
04-13 11:31:00.802  1194  1273 E HfLooper: eventConvertAll, lux = 562.000000
04-13 11:31:00.880 31185 31185 I wpa_supplicant: Heartbeat 3007
04-13 11:31:00.962  1194  1273 E HfLooper: eventConvertAll, lux = 562.000000
04-13 11:31:01.122  1194  1273 E HfLooper: eventConvertAll, lux = 559.000000
04-13 11:31:01.124  1237  2014 D AALLightSensor: oldLux=702 [SA:560 LA:561] newLux=702 (oriLux: 559)
04-13 11:31:01.281  1194  1273 E HfLooper: eventConvertAll, lux = 556.000000
04-13 11:31:01.441  1194  1273 E HfLooper: eventConvertAll, lux = 552.000000
04-13 11:31:01.601  1194  1273 E HfLooper: eventConvertAll, lux = 547.000000
04-13 11:31:01.714  1616  1687 D PowerManagerService: UserActivityState : 1 -> 2 groupId=0
04-13 11:31:01.716  1616  1616 I MdnieScenarioControlService: action  :  com.samsung.server.PowerManagerService.action.USER_ACTIVITY
04-13 11:31:01.761  1194  1273 E HfLooper: eventConvertAll, lux = 547.000000
04-13 11:31:01.767  2094  2237 D NetworkController: SignalStrength from intent slotId=0
04-13 11:31:01.767  2094  2237 D NetworkController.MobileSignalController(0/2147483647): new mSignalStrength=SignalStrength:{mCdma=Invalid,mGsm=Invalid,mWcdma=CellSignalStrengthWcdma: ss=-69 ber=99 rscp=-69 ecno=0 level=4,mTdscdma=Invalid,mLte=Invalid,mNr=Invalid,SignalBarInfo{ wcdmaLevel=4 },rat=3,primary=CellSignalStrengthWcdma}
04-13 11:31:01.768  2094  2237 D NetworkController.MobileSignalController(0/2147483647): Display signal bar by emergency only[true][true]
04-13 11:31:01.922  1194  1273 E HfLooper: eventConvertAll, lux = 552.000000
04-13 11:31:01.996  2079  2703 E bt_stack: [ERROR:metric_id_allocator.cc(181)] BluetoothMetricIdAllocatorFailed to forget device because device is not in paired_device_cache_
04-13 11:31:01.996  2079  2703 W bt_bta_dm: Deleting device record as authentication failed entry:xx:xx:xx:xx:65:fa reason:Authentication Failure
04-13 11:31:01.997  2079  2703 W bt_btif : virtual bool BtifAvStateMachine::StateIdle::ProcessEvent(uint32_t, void *): Peer cc1531_a : event=BTIF_AV_DEVICE_REMOVED(0x2f)
04-13 11:31:01.997  2079  2179 I BluetoothBondStateMachine: bondStateChangeCallback: Status: 9 Address: CC:15:31:E9:65:FA newState: 0
04-13 11:31:01.997  2079  2179 I BluetoothBondStateMachine: bondStateChangeCallback notifyBondFailReason
04-13 11:31:01.997  1007  1029 D [BT]    : mtk_bt_op: BT_VND_OP_LPM_WAKE_SET_STATE
04-13 11:31:01.998  2079  2179 D BluetoothRemoteDevices: Property type: 1
04-13 11:31:01.999  1616  2547 D SecContentProvider: insert(), uri = 2
04-13 11:31:02.000  1616  2547 D SecContentProvider: called from android.uid.bluetooth:1002
04-13 11:31:02.001  2079  2179 D BluetoothRemoteDevices: Remote Device name is: SOLDAH
04-13 11:31:02.001  2079  2179 D BluetoothRemoteDevices: Property type: 4
04-13 11:31:02.007  2079  2639 D AdapterProperties: Failed to remove device: CC:15:31:E9:65:FA
04-13 11:31:02.012  1616  1667 I ActivityManager: Killing 10121:com.samsung.android.privacydashboard/u0a280 (adj 999): empty #25
04-13 11:31:02.013  1616  2190 D SecContentProvider: query(), uri = 4 selection = bluetoothLogForRemote
04-13 11:31:02.013  1616  2190 D SecContentProvider: called from android.uid.bluetooth:1002
04-13 11:31:02.015  2079  2639 D BluetoothAdapterService: updateDataBase() bondstate : 10
04-13 11:31:02.016  2079  2639 D BluetoothSettingsProvider: query
04-13 11:31:02.017  2079  2639 D BluetoothSettingsProvider: Created cursor android.database.sqlite.SQLiteCursor@90a2ab1
04-13 11:31:02.017  1616  1667 I AppOps  : updateUidProcState uid: 10105 procState: 0 capability:15
04-13 11:31:02.018  2094  2237 V BluetoothEventManager: onReceive :: android.bluetooth.device.action.NAME_CHANGED
04-13 11:31:02.021  1616  1667 I AppOps  : updateUidProcState uid: 1000 procState: 0 capability:15
04-13 11:31:02.022  7718  7718 V BluetoothEventManager: onReceive :: android.bluetooth.device.action.NAME_CHANGED
04-13 11:31:02.023  2079  2179 D BluetoothRemoteDevices: Remote class is:2752780
04-13 11:31:02.023  2079  2179 D BluetoothRemoteDevices: Property type: 5
04-13 11:31:02.023  2079  2179 D BluetoothRemoteDevices: Property type: 180
04-13 11:31:02.023  7718  7718 I BluetoothAdapter: STATE_ON
04-13 11:31:02.023  2079  2179 D BluetoothRemoteDevices: Property type: 181
04-13 11:31:02.023  2079  2179 D BluetoothRemoteDevices: Property type: 182
04-13 11:31:02.023  2079  2179 D BluetoothRemoteDevices: Property type: 183
04-13 11:31:02.023  2079  2179 D BluetoothRemoteDevices: Property type: 184
04-13 11:31:02.023  2079  2179 D BluetoothRemoteDevices: Property type: 185
04-13 11:31:02.023  1616  1669 I libprocessgroup: Successfully killed process cgroup uid 10280 pid 10121 in 6ms
04-13 11:31:02.024  2094  2237 V BluetoothEventManager: onReceive :: android.bluetooth.device.action.CLASS_CHANGED
04-13 11:31:02.034  7718  7718 D CachedBluetoothDeviceManager: onDeviceNameUpdated :: skip same name update
04-13 11:31:02.034  7718  7718 V BluetoothEventManager: onReceive :: android.bluetooth.device.action.CLASS_CHANGED
04-13 11:31:02.034  2079  2639 W BluetoothAdapterService: updateDataBase - prevState : 0, newState : 10
04-13 11:31:02.039  2079  2639 D SamsungAnalytics200003: user do not agree
04-13 11:31:02.040  2079  2639 I BluetoothBondStateMachine: Bond State Change Intent:CC:15:31:E9:65:FA BOND_BONDING => BOND_NONE
04-13 11:31:02.041  1616  1616 I SemWifiApSmartD2DGattClient: BOND FAILED mPendingDeviceAddress:null,device.getAddress():CC:15:31:E9:65:FA
04-13 11:31:02.042  2079  2639 D BtConfig.SecureMode: isSecureModeOn:false
04-13 11:31:02.042  2079  2639 W HeadsetClientService: getHeadsetClientService(): service is null
04-13 11:31:02.042  2079  2639 W PbapClientService: getPbapClientService(): service is null
04-13 11:31:02.043  2079  2639 D BluetoothHidHostService: setConnectionPolicy: CC:15:31:E9:65:FA
04-13 11:31:02.043  2079  2639 V BluetoothDatabase: setProfileConnectionPolicy connection policy not changed.
04-13 11:31:02.043  2079  2639 D BluetoothHidHostService: Saved connectionPolicy CC:15:31:E9:65:FA = -1
04-13 11:31:02.043  2079  2639 V BluetoothDatabase: setProfileConnectionPolicy connection policy not changed.
04-13 11:31:02.043  2079  2639 I HeadsetService: setConnectionPolicy: device=CC1531_A, connectionPolicy=-1, uid/pid=1002/2079
04-13 11:31:02.043  2079  2639 V BluetoothDatabase: setProfileConnectionPolicy connection policy not changed.
04-13 11:31:02.043  1616  1667 I AppOps  : updateUidProcState uid: 1002 procState: 0 capability:15
04-13 11:31:02.045  2079  2639 I BluetoothBondStateMachine: result : false.
04-13 11:31:02.045  2079  2639 I BluetoothBondStateMachine: StableState(): Entering Off State
04-13 11:31:02.045  2094  2237 V BluetoothEventManager: onReceive :: android.bluetooth.device.action.BOND_STATE_CHANGED
04-13 11:31:02.046  2079  2079 D BluetoothSettingsProvider: query
04-13 11:31:02.046  2079  2079 D BluetoothSettingsProvider: Created cursor android.database.sqlite.SQLiteCursor@95c9b70
04-13 11:31:02.047  7718  7718 V BluetoothEventManager: onReceive :: android.bluetooth.device.action.BOND_STATE_CHANGED
04-13 11:31:02.047  7718  7718 D BluetoothEventManager: CachedBluetoothDevice was created from paired devices. It will be refreshed.
04-13 11:31:02.047  7718  7718 D CachedBluetoothDevice: onBondingStateChanged :: Device [(N) SOLDAH], bond state change to 11 -> 10
04-13 11:31:02.047  7718  7718 D CachedBluetoothDevice:  Clearing all connection state for dev:(N) SOLDAH
04-13 11:31:02.049  2079  2079 E BluetoothAdapterService: getRestoredDevices() :: cursor count: 0
04-13 11:31:02.049  2079  2079 E BluetoothAdapterService: getRestoredDevices :: will be cursor close
04-13 11:31:02.050  2079  2195 E SemBluetoothDatabase: handleMessage : 2
04-13 11:31:02.050  2079  2079 E SemBluetoothDatabase: deleteDatabase CC1531_A
04-13 11:31:02.051  1003  1003 I Zygote  : Process 10121 exited due to signal 9 (Killed)
04-13 11:31:02.052  2079 12992 D BluetoothDatabase: getCustomMeta: device xx:xx:xx:xx:xx:xx is not in cache
04-13 11:31:02.052  1616  1667 I AppOps  : updateUidProcState uid: 10201 procState: 5 capability:15
04-13 11:31:02.052  2079  2079 D AvrcpVolumeManager: RemoveStoredVolume: Remove stored stream volume level for device CC1531_A
04-13 11:31:02.053  2079  2288 D BluetoothDatabase: getCustomMeta: device xx:xx:xx:xx:xx:xx is not in cache
04-13 11:31:02.054 26559 26559 I GsaVoiceInteractionSrv: (REDACTED) O received %s
04-13 11:31:02.054  7718  7718 I BluetoothDevicePreference: semOnDeviceBondStateChanged :: Device = (N) SOLDAH, bondState = 10
04-13 11:31:02.054  1616  1667 W BroadcastQueue: Background execution not allowed: receiving Intent { act=android.bluetooth.device.action.BOND_STATE_CHANGED flg=0x10 (has extras) } to com.google.android.gms/.chimera.GmsIntentOperationService$PersistentTrustedReceiver
04-13 11:31:02.054  7718  7718 I BluetoothDevicePreference: semOnDeviceBondStateChanged :: reason = 1
04-13 11:31:02.055  7718  7718 D BluetoothSettings: onDeviceBondStateChanged :: bondState = 10
04-13 11:31:02.055  1015  1485 I hwcomposer: [DRMDEV] (0) failed to waitNextVsync: -1
04-13 11:31:02.056  7718  7718 D BluetoothSettings: init pref:SOLDAH
04-13 11:31:02.056  7718  7718 D BluetoothExpListController: readyToInsertAnimation :: mIsOnProgressAddVI = false
04-13 11:31:02.056  7718  7718 E BluetoothExpListController: readyToInsertAnimation :: exist preference already
04-13 11:31:02.056  7718  7718 D BluetoothExpListController: readyToDeleteAnimation :: mIsOnProgressAddVI = false
04-13 11:31:02.056  7718  7718 E BluetoothExpListController: readyToDeleteAnimation :: not exist preference already
04-13 11:31:02.056  7718  7718 W BluetoothSettings: updateContent : 12, startScan = false
04-13 11:31:02.056  2079 12992 D BluetoothDatabase: getCustomMeta: device xx:xx:xx:xx:xx:xx is not in cache
04-13 11:31:02.058  2079  2288 D BluetoothAdapterService: getBondedDevices, remove custom devices:
04-13 11:31:02.058  1616  1667 W BroadcastQueue: Background execution not allowed: receiving Intent { act=android.bluetooth.device.action.BOND_STATE_CHANGED flg=0x10 (has extras) } to com.google.android.googlequicksearchbox/com.google.android.apps.gsa.broadcastreceiver.external.ExternalCommonBroadcastReceiver
04-13 11:31:02.058  2079 12992 D BluetoothDatabase: getCustomMeta: device xx:xx:xx:xx:xx:xx is not in cache
04-13 11:31:02.063  1015  1485 I hwcomposer: [DRMDEV] (0) failed to waitNextVsync: -1
04-13 11:31:02.064  7718  7718 D BluetoothSettings: setGuideMessage :: my device name set to James's A22
04-13 11:31:02.065  7718  7718 D BluetoothSettings: init pref:JLab GO Air Pop
04-13 11:31:02.065  7718  7718 D BluetoothSettings: init pref:QCOM-BTD
04-13 11:31:02.065  7718  7718 D BluetoothSettings: init pref:iPhone de doske
04-13 11:31:02.065  7718  7718 D BluetoothSettings: init pref:HUAWEI P20 Pro
04-13 11:31:02.070  1616  1667 W BroadcastQueue: Background execution not allowed: receiving Intent { act=android.bluetooth.device.action.BOND_STATE_CHANGED flg=0x10 (has extras) } to com.samsung.android.app.watchmanagerstub/com.sec.android.applicationmgr.WMStubBroadCastReceiver
04-13 11:31:02.071  1616  1667 W BroadcastQueue: Background execution not allowed: receiving Intent { act=android.bluetooth.device.action.BOND_STATE_CHANGED flg=0x10 (has extras) } to com.samsung.android.easysetup/.icmanager.IcBtStatusBroadcastReceiver
04-13 11:31:02.071  1616  4033 D SamsungAlarmManager: setInexact (T:3/F:0/AC:false) 20330410T113102 now=72541013 - CU:10199/CP:17092/OP:PendingIntent{296899d: PendingIntentRecord{4749e12 com.google.android.gms/ startService}}
04-13 11:31:02.071  7718  7718 D BluetoothSettings: init pref:SOLDAH
04-13 11:31:02.071  7718  7718 D BluetoothSettings: init pref:LusoVU1
04-13 11:31:02.072  7718  7718 I BluetoothDevicePreference: onDeviceAttributesChanged :: Device = (N) SOLDAH, isBonded = 10 , mIsOnProgressAddVI = false
04-13 11:31:02.072  1616  4033 V SamsungAlarmManager: setLocked to kernel - W:72591746 / NW:72549492, now=72541014
04-13 11:31:02.074  1015  1485 I hwcomposer: [DRMDEV] (0) failed to waitNextVsync: -1
04-13 11:31:02.074  7718  7718 D BTPairingDialog: onReceive :: action = android.bluetooth.device.action.BOND_STATE_CHANGED
04-13 11:31:02.074  5854  5905 I BistoWorker: (REDACTED) bluetoothConnectionStateChanged. Action: %s
04-13 11:31:02.075  2079  2079 D HidDeviceService: handleMessage(): msg.what=8
04-13 11:31:02.075  7718  7823 D OpenGLRenderer: setSurface called with nullptr
04-13 11:31:02.075  7718  7823 D OpenGLRenderer: setSurface() destroyed EGLSurface
04-13 11:31:02.075  7718  7823 D OpenGLRenderer: destroyEglSurface
04-13 11:31:02.076  7718  7823 I BufferQueueProducer: [ViewRootImpl@cfff920[BluetoothPairingDialog]#45(BLAST Consumer)45](id:1e260000002d,api:1,p:7718,c:7718) disconnect: api 1
04-13 11:31:02.077  7718  7718 I ViewRootImpl@cfff920[BluetoothPairingDialog]: dispatchDetachedFromWindow
04-13 11:31:02.077  7718  7718 I BLASTBufferQueue: [ViewRootImpl@cfff920[BluetoothPairingDialog]#45] destructor()
04-13 11:31:02.077  7718  7718 I BufferQueueConsumer: [ViewRootImpl@cfff920[BluetoothPairingDialog]#45(BLAST Consumer)45](id:1e260000002d,api:0,p:-1,c:7718) disconnect
04-13 11:31:02.078  1616  5560 D InputTransport: Input channel destroyed: '1b110f3', fd=598
04-13 11:31:02.078  1616  5560 W InputManager-JNI: Input channel object '1b110f3 com.android.settings/com.android.settings.bluetooth.BluetoothPairingDialog (client)' was disposed without first being removed with the input manager!
04-13 11:31:02.078  1616  5560 D InputTransport: Input channel destroyed: '1b110f3', fd=633
04-13 11:31:02.079  1616  5560 I WindowManager: Reparenting to leash, surface=Surface(name=1b110f3 com.android.settings/com.android.settings.bluetooth.BluetoothPairingDialog)/@0x4d26d12, leashParent=Surface(name=ActivityRecord{b7591db u0 com.android.settings/.bluetooth.BluetoothPairingDialog t891})/@0x8c01ce3
04-13 11:31:02.079  5854  5880 I BistoWorker: (REDACTED) Failed to get bistoDeviceInfo %s
04-13 11:31:02.079  1047  1537 I SurfaceFlinger: id=2883 createSurf (0x0),-1 flag=24000, Surface(name=1b110f3 com.android.settings/com.android.settings.bluetooth.BluetoothPairingDialog)/@0x4d26d12 - animation-leash of window_animation#0
04-13 11:31:02.080  1616  5560 D WindowManager: makeSurface duration=2 leash=Surface(name=Surface(name=1b110f3 com.android.settings/com.android.settings.bluetooth.BluetoothPairingDialog)/@0x4d26d12 - animation-leash of window_animation)/@0xa2bbfe0
04-13 11:31:02.081  1194  1273 E HfLooper: eventConvertAll, lux = 553.000000
04-13 11:31:02.081  1616  5560 V WindowManager: removeIfPossible 2, Window{1b110f3 u0 com.android.settings/com.android.settings.bluetooth.BluetoothPairingDialog}: mAnimatingExit=true caller=com.android.server.wm.WindowState.removeIfPossible:2984 com.android.server.wm.WindowManagerService.removeWindow:2265 com.android.server.wm.Session.remove:225 android.view.IWindowSession$Stub.onTransact:746 com.android.server.wm.Session.onTransact:176
04-13 11:31:02.081  1616  4033 D InputDispatcher: Focus left window (0): 1b110f3 com.android.settings/com.android.settings.bluetooth.BluetoothPairingDialog
