04-13 11:31:42.509  1237  1350 D AAL     : 04-13 11:31:42.464 BL= 108,ESS= 256, 04-13 11:31:42.476 BL= 116,ESS= 256, 04-13 11:31:42.487 BL= 124,ESS= 256, 04-13 11:31:42.498 BL= 132,ESS= 256, 04-13 11:31:42.509 BL= 140,ESS= 256,
04-13 11:31:42.509  2079  2179 D BluetoothPanServiceJni: connection_state_callback(L84): state:1, local_role:2, remote_role:1
04-13 11:31:42.510  2079  2079 I PanService: state 1 Num of connected pan devices: 0
04-13 11:31:42.510  2079  2079 D PanService: handlePanDeviceStateChange preState: 0 state: 1
04-13 11:31:42.510  2079  2079 D PanService: handlePanDeviceStateChange LOCAL_PANU_ROLE:REMOTE_NAP_ROLE state = 1, prevState = 0
04-13 11:31:42.510  2079  2079 D PanService: Pan Device state : device: DC:72:9B:8A:8D:34 State:0->1
04-13 11:31:42.511  2079  2079 D AdapterProperties: PROFILE_CONNECTION_STATE_CHANGE: profile=5, device=DC:72:9B:8A:8D:34, 0 -> 1
04-13 11:31:42.512  7718  7718 V BluetoothEventManager: onReceive :: android.bluetooth.pan.profile.action.CONNECTION_STATE_CHANGED
04-13 11:31:42.512  2094  2237 V BluetoothEventManager: onReceive :: android.bluetooth.pan.profile.action.CONNECTION_STATE_CHANGED
04-13 11:31:42.513  2079  2079 D AdapterProperties: ADAPTER_CONNECTION_STATE_CHANGE: DC:72:9B:8A:8D:34: 0 -> 1
04-13 11:31:42.513  2094  2237 D LocalBluetoothProfileManager: Profiles StateChangedHandler device : (N) HUAWEI P20 Pro, mProfile : PAN, new state : 1, old state : 0, normally type : false
04-13 11:31:42.514  7718  7718 D LocalBluetoothProfileManager: Profiles StateChangedHandler device : (N) HUAWEI P20 Pro, mProfile : PAN, new state : 1, old state : 0, normally type : false
04-13 11:31:42.514  2094  2237 D BluetoothController: updateConnected = 1mConnectionState = 0
04-13 11:31:42.514  7718  7718 D BluetoothSettings: onProfileStateChanged :: cachedDevice - DC:72:9B:8A:8D:XX, profile - PAN, newState - 1, oldState - 0
04-13 11:31:42.515  7718  7718 I BluetoothEnabler: onProfileStateChanged(), profile - PAN, newState - 1
04-13 11:31:42.515  7718  7718 I BluetoothDevicePreference: onDeviceAttributesChanged :: Device = (N) HUAWEI P20 Pro, isBonded = 12 , mIsOnProgressAddVI = false
04-13 11:31:42.516  2094  2094 D BluetoothController: updateConnected = 1mConnectionState = 1
04-13 11:31:42.516  2094  2094 D BluetoothController: updateConnected = 1mConnectionState = 1
04-13 11:31:42.517  7718  7718 I BluetoothDevicePreference: onDeviceAttributesChanged :: Device = (N) HUAWEI P20 Pro, isBonded = 12 , mIsOnProgressAddVI = false
04-13 11:31:42.517  2079  2079 D AdapterProperties: Change to : mProfilesConnecting = 1, mProfilesConnected = 0, mProfilesDisconnecting = 0
04-13 11:31:42.517  1022  1022 I SehLight: lcd : 37+
04-13 11:31:42.517  1022  1022 I SehLight: lcd : 37-
04-13 11:31:42.518  1616  1667 I AppOps  : updateUidProcState uid: 10105 procState: 0 capability:15
04-13 11:31:42.519  7718  7718 D BluetoothExpListAdapter: getGroupView :: groupPosition = 0,  getPreferenceCount = 0 , isExpanded = true
04-13 11:31:42.519  2094  2237 V BluetoothEventManager: onReceive :: android.bluetooth.adapter.action.CONNECTION_STATE_CHANGED
04-13 11:31:42.519  2094  2237 D BluetoothController: updateConnected = 1mConnectionState = 1
04-13 11:31:42.519  1237  1350 I AALCust : Backlight Bits: 10bit
04-13 11:31:42.519  1237  1350 D AAL     : onBacklightChanged: 140/1023 -> 148/1023(phy:592/4095)
04-13 11:31:42.519  1237  1350 D AAL     : LABC: LABC after setTarget isSmoothBacklight=0
04-13 11:31:42.520  1616  1667 I AppOps  : updateUidProcState uid: 1000 procState: 0 capability:15
04-13 11:31:42.521 31185 31185 I wpa_supplicant: wpa_driver_nl80211_driver_cmd: wlan0 recv cmd BTCOEXSCAN-START
04-13 11:31:42.522  7718  7718 D BluetoothExpListAdapter: getGroupView :: groupPosition = 0,  getPreferenceCount = 0 , isExpanded = true
04-13 11:31:42.522  1616  1896 D SupplicantStaIfaceHal: ISupplicantStaIface.setBtCoexistenceScanModeEnabled succeeded
04-13 11:31:42.522  1616  1896 D WifiClientModeImpl[wlan0]:  ConnectableState screen=on 0 0
04-13 11:31:42.525  7718  7718 D BluetoothExpListAdapter: getGroupView :: groupPosition = 0,  getPreferenceCount = 0 , isExpanded = true
04-13 11:31:42.528  1022  1022 I SehLight: lcd : 39+
04-13 11:31:42.528  1022  1022 I SehLight: lcd : 39-
04-13 11:31:42.528  7718  7718 D BluetoothExpListAdapter: getGroupView :: groupPosition = 0,  getPreferenceCount = 0 , isExpanded = true
04-13 11:31:42.531  1237  1350 I AALCust : Backlight Bits: 10bit
04-13 11:31:42.531  1237  1350 D AAL     : onBacklightChanged: 148/1023 -> 156/1023(phy:624/4095)
04-13 11:31:42.531  1237  1350 D AAL     : LABC: LABC after setTarget isSmoothBacklight=0
04-13 11:31:42.531  7718  7718 D BluetoothExpListAdapter: getGroupView :: groupPosition = 1,  getPreferenceCount = 4 , isExpanded = true
04-13 11:31:42.533  1616  2547 D SamsungAlarmManager: setInexact (T:3/F:0/AC:false) 20330410T113142 now=72581475 - CU:10199/CP:11372/OP:PendingIntent{767cd83: PendingIntentRecord{e229b00 com.google.android.gms/ startService}}
04-13 11:31:42.533  7718  7718 D BluetoothExpListAdapter: getChildView :: groupPosition - 1, childPosition - 0, isLastChild - false
04-13 11:31:42.534  1616  2547 V SamsungAlarmManager: setLocked to kernel - W:72591746, now=72581475
04-13 11:31:42.534  7718  7718 D BluetoothExpListAdapter: getChildView :: (N) HUAWEI P20 ProisBonded = 12
04-13 11:31:42.534  7718  7718 D CachedBluetoothDevice: getConnectionSummary :: profile ::OPP  connectionStatus::0
04-13 11:31:42.534  7718  7718 D CachedBluetoothDevice: getConnectionSummary :: profile ::PAN  connectionStatus::1
04-13 11:31:42.534  7718  7718 D CachedBluetoothDevice: getBtClassDrawable :: (N) HUAWEI P20 Pro, BluetoothClass = 5a020c, Appearance = 0
04-13 11:31:42.536  7718  7718 D BluetoothExpListAdapter: getChildView :: groupPosition - 1, childPosition - 1, isLastChild - false
04-13 11:31:42.536  7718  7718 D BluetoothExpListAdapter: getChildView :: (N) QCOM-BTDisBonded = 12
04-13 11:31:42.537  7718  7718 D CachedBluetoothDevice: getConnectionSummary :: profile ::OPP  connectionStatus::0
04-13 11:31:42.537  7718  7718 D CachedBluetoothDevice: getConnectionSummary :: profile ::PAN  connectionStatus::0
04-13 11:31:42.538  2079  2093 I BluetoothRemoteDevices: getBatteryLevel : -1
04-13 11:31:42.538  7718  7718 D CachedBluetoothDevice: getBtClassDrawable :: (N) QCOM-BTD, BluetoothClass = 5a020c, Appearance = 0
04-13 11:31:42.538  7718  7718 D BluetoothExpListAdapter: getChildView :: groupPosition - 1, childPosition - 2, isLastChild - false
04-13 11:31:42.538  7718  7718 D BluetoothExpListAdapter: getChildView :: (N) iPhone de doskeisBonded = 12
04-13 11:31:42.539  7718  7718 D CachedBluetoothDevice: getConnectionSummary :: profile ::PAN  connectionStatus::0
04-13 11:31:42.539  1022  1022 I SehLight: lcd : 41+
04-13 11:31:42.539  1022  1022 I SehLight: lcd : 41-
04-13 11:31:42.539  2079  2093 I BluetoothRemoteDevices: getBatteryLevel : -1
04-13 11:31:42.539  7718  7718 D CachedBluetoothDevice: getBtClassDrawable :: (N) iPhone de doske, BluetoothClass = 7a020c, Appearance = 0
04-13 11:31:42.540  7718  7718 D BluetoothExpListAdapter: getGroupView :: groupPosition = 0,  getPreferenceCount = 0 , isExpanded = true
04-13 11:31:42.541  7718  7718 D BluetoothExpListAdapter: getGroupView :: groupPosition = 0,  getPreferenceCount = 0 , isExpanded = true
04-13 11:31:42.541  1237  1350 I AALCust : Backlight Bits: 10bit
04-13 11:31:42.541  1237  1350 D AAL     : onBacklightChanged: 156/1023 -> 164/1023(phy:656/4095)
04-13 11:31:42.541  1237  1350 D AAL     : LABC: LABC after setTarget isSmoothBacklight=0
04-13 11:31:42.542  7718  7718 D BluetoothExpListAdapter: getGroupView :: groupPosition = 1,  getPreferenceCount = 4 , isExpanded = true
04-13 11:31:42.544  7718  7718 D BluetoothExpListAdapter: getChildView :: groupPosition - 1, childPosition - 0, isLastChild - false
04-13 11:31:42.544  7718  7718 D BluetoothExpListAdapter: getChildView :: (N) HUAWEI P20 ProisBonded = 12
04-13 11:31:42.544  7718  7718 D CachedBluetoothDevice: getConnectionSummary :: profile ::OPP  connectionStatus::0
04-13 11:31:42.544  7718  7718 D CachedBluetoothDevice: getConnectionSummary :: profile ::PAN  connectionStatus::1
04-13 11:31:42.544  7718  7718 D CachedBluetoothDevice: getBtClassDrawable :: (N) HUAWEI P20 Pro, BluetoothClass = 5a020c, Appearance = 0
04-13 11:31:42.545  7718  7718 D BluetoothExpListAdapter: getChildView :: groupPosition - 1, childPosition - 1, isLastChild - false
04-13 11:31:42.545  7718  7718 D BluetoothExpListAdapter: getChildView :: (N) QCOM-BTDisBonded = 12
04-13 11:31:42.545  7718  7718 D CachedBluetoothDevice: getConnectionSummary :: profile ::OPP  connectionStatus::0
04-13 11:31:42.545  7718  7718 D CachedBluetoothDevice: getConnectionSummary :: profile ::PAN  connectionStatus::0
04-13 11:31:42.546  2079  2093 I BluetoothRemoteDevices: getBatteryLevel : -1
04-13 11:31:42.546  7718  7718 D CachedBluetoothDevice: getBtClassDrawable :: (N) QCOM-BTD, BluetoothClass = 5a020c, Appearance = 0
04-13 11:31:42.547  7718  7718 D BluetoothExpListAdapter: getChildView :: groupPosition - 1, childPosition - 2, isLastChild - false
04-13 11:31:42.548  7718  7718 D BluetoothExpListAdapter: getChildView :: (N) iPhone de doskeisBonded = 12
04-13 11:31:42.548  7718  7718 D CachedBluetoothDevice: getConnectionSummary :: profile ::PAN  connectionStatus::0
04-13 11:31:42.549  2079  2093 I BluetoothRemoteDevices: getBatteryLevel : -1
04-13 11:31:42.549  7718  7718 D CachedBluetoothDevice: getBtClassDrawable :: (N) iPhone de doske, BluetoothClass = 7a020c, Appearance = 0
04-13 11:31:42.549  7718  7718 D BluetoothExpListAdapter: getChildView :: groupPosition - 1, childPosition - 3, isLastChild - true
04-13 11:31:42.550  7718  7718 D BluetoothExpListAdapter: getChildView :: (N) JLab GO Air PopisBonded = 12
04-13 11:31:42.550  1022  1022 I SehLight: lcd : 43+
04-13 11:31:42.550  7718  7718 D CachedBluetoothDevice: getConnectionSummary :: profile ::HEADSET  connectionStatus::0
04-13 11:31:42.550  7718  7718 D CachedBluetoothDevice: getConnectionSummary :: profile ::A2DP  connectionStatus::0
04-13 11:31:42.550  1022  1022 I SehLight: lcd : 43-
04-13 11:31:42.550  2079  2093 I BluetoothRemoteDevices: getBatteryLevel : -1
04-13 11:31:42.551  7718  7718 D CachedBluetoothDevice: getBtClassDrawable :: (N) JLab GO Air Pop, BluetoothClass = 240404, Appearance = 0
04-13 11:31:42.551  7718  7718 D BluetoothExpListAdapter: getGroupView :: groupPosition = 2,  getPreferenceCount = 2 , isExpanded = true
04-13 11:31:42.552  7718  7718 D BluetoothExpListAdapter: getChildView :: groupPosition - 2, childPosition - 0, isLastChild - false
04-13 11:31:42.553  7718  7718 D BluetoothExpListAdapter: getChildView :: (N) SOLDAHisBonded = 10
04-13 11:31:42.553  2079  2093 I BluetoothRemoteDevices: getBatteryLevel : -1
04-13 11:31:42.554  7718  7718 D CachedBluetoothDevice: getBtClassDrawable :: (N) SOLDAH, BluetoothClass = 2a010c, Appearance = 0
04-13 11:31:42.554  7718  7718 D BluetoothExpListAdapter: getChildView :: groupPosition - 2, childPosition - 1, isLastChild - true
04-13 11:31:42.554  7718  7718 D BluetoothExpListAdapter: getChildView :: (N) LusoVU1isBonded = 10
04-13 11:31:42.555  1237  1350 I AALCust : Backlight Bits: 10bit
04-13 11:31:42.555  1237  1350 D AAL     : onBacklightChanged: 164/1023 -> 173/1023(phy:692/4095)
04-13 11:31:42.555  1237  1350 D AAL     : LABC: LABC after setTarget isSmoothBacklight=0
04-13 11:31:42.555  2079  2093 I BluetoothRemoteDevices: getBatteryLevel : -1
04-13 11:31:42.555  7718  7718 D CachedBluetoothDevice: getBtClassDrawable :: (N) LusoVU1, BluetoothClass = 1a011c, Appearance = 0
04-13 11:31:42.556  7718  7718 D BluetoothExpListAdapter: getGroupView :: groupPosition = 0,  getPreferenceCount = 0 , isExpanded = true
04-13 11:31:42.558  7718  7718 D BluetoothExpListAdapter: getGroupView :: groupPosition = 1,  getPreferenceCount = 4 , isExpanded = true
04-13 11:31:42.559  7718  7718 D BluetoothExpListAdapter: getChildView :: groupPosition - 1, childPosition - 0, isLastChild - false
04-13 11:31:42.559  7718  7718 D BluetoothExpListAdapter: getChildView :: (N) HUAWEI P20 ProisBonded = 12
04-13 11:31:42.559  7718  7718 D CachedBluetoothDevice: getConnectionSummary :: profile ::OPP  connectionStatus::0
04-13 11:31:42.559  7718  7718 D CachedBluetoothDevice: getConnectionSummary :: profile ::PAN  connectionStatus::1
04-13 11:31:42.559  7718  7718 D CachedBluetoothDevice: getBtClassDrawable :: (N) HUAWEI P20 Pro, BluetoothClass = 5a020c, Appearance = 0
04-13 11:31:42.560  7718  7718 D BluetoothExpListAdapter: getChildView :: groupPosition - 1, childPosition - 1, isLastChild - false
04-13 11:31:42.560  7718  7718 D BluetoothExpListAdapter: getChildView :: (N) QCOM-BTDisBonded = 12
04-13 11:31:42.560  7718  7718 D CachedBluetoothDevice: getConnectionSummary :: profile ::OPP  connectionStatus::0
04-13 11:31:42.560  7718  7718 D CachedBluetoothDevice: getConnectionSummary :: profile ::PAN  connectionStatus::0
04-13 11:31:42.561  2079  2093 I BluetoothRemoteDevices: getBatteryLevel : -1
04-13 11:31:42.561  1194  1273 E HfLooper: eventConvertAll, lux = 512.000000
04-13 11:31:42.561  7718  7718 D CachedBluetoothDevice: getBtClassDrawable :: (N) QCOM-BTD, BluetoothClass = 5a020c, Appearance = 0
04-13 11:31:42.561  7718  7718 D BluetoothExpListAdapter: getChildView :: groupPosition - 1, childPosition - 2, isLastChild - false
04-13 11:31:42.561  1022  1022 I SehLight: lcd : 45+
04-13 11:31:42.561  7718  7718 D BluetoothExpListAdapter: getChildView :: (N) iPhone de doskeisBonded = 12
04-13 11:31:42.561  1022  1022 I SehLight: lcd : 45-
04-13 11:31:42.562  7718  7718 D CachedBluetoothDevice: getConnectionSummary :: profile ::PAN  connectionStatus::0
04-13 11:31:42.562  2079  2093 I BluetoothRemoteDevices: getBatteryLevel : -1
04-13 11:31:42.562  7718  7718 D CachedBluetoothDevice: getBtClassDrawable :: (N) iPhone de doske, BluetoothClass = 7a020c, Appearance = 0
04-13 11:31:42.563  7718  7718 D BluetoothExpListAdapter: getChildView :: groupPosition - 1, childPosition - 3, isLastChild - true
04-13 11:31:42.563  7718  7718 D BluetoothExpListAdapter: getChildView :: (N) JLab GO Air PopisBonded = 12
04-13 11:31:42.563  7718  7718 D CachedBluetoothDevice: getConnectionSummary :: profile ::HEADSET  connectionStatus::0
04-13 11:31:42.563  7718  7718 D CachedBluetoothDevice: getConnectionSummary :: profile ::A2DP  connectionStatus::0
04-13 11:31:42.564  1237  1350 I AALCust : Backlight Bits: 10bit
04-13 11:31:42.564  1237  1350 D AAL     : onBacklightChanged: 173/1023 -> 181/1023(phy:724/4095)
04-13 11:31:42.564  1237  1350 D AAL     : LABC: LABC after setTarget isSmoothBacklight=0
04-13 11:31:42.564  2079  2093 I BluetoothRemoteDevices: getBatteryLevel : -1
04-13 11:31:42.564  7718  7718 D CachedBluetoothDevice: getBtClassDrawable :: (N) JLab GO Air Pop, BluetoothClass = 240404, Appearance = 0
04-13 11:31:42.564  1237  1350 D AAL     : 04-13 11:31:42.520 BL= 148,ESS= 256, 04-13 11:31:42.531 BL= 156,ESS= 256, 04-13 11:31:42.542 BL= 164,ESS= 256, 04-13 11:31:42.555 BL= 173,ESS= 256, 04-13 11:31:42.564 BL= 181,ESS= 256,
04-13 11:31:42.564  7718  7718 D BluetoothExpListAdapter: getGroupView :: groupPosition = 2,  getPreferenceCount = 2 , isExpanded = true
04-13 11:31:42.565  7718  7718 D BluetoothExpListAdapter: getChildView :: groupPosition - 2, childPosition - 0, isLastChild - false
04-13 11:31:42.566  7718  7718 D BluetoothExpListAdapter: getChildView :: (N) SOLDAHisBonded = 10
04-13 11:31:42.566  2079  2093 I BluetoothRemoteDevices: getBatteryLevel : -1
04-13 11:31:42.567  7718  7718 D CachedBluetoothDevice: getBtClassDrawable :: (N) SOLDAH, BluetoothClass = 2a010c, Appearance = 0
04-13 11:31:42.567  7718  7718 D BluetoothExpListAdapter: getChildView :: groupPosition - 2, childPosition - 1, isLastChild - true
04-13 11:31:42.567  7718  7718 D BluetoothExpListAdapter: getChildView :: (N) LusoVU1isBonded = 10
04-13 11:31:42.568  2079  2093 I BluetoothRemoteDevices: getBatteryLevel : -1
04-13 11:31:42.568  7718  7718 D CachedBluetoothDevice: getBtClassDrawable :: (N) LusoVU1, BluetoothClass = 1a011c, Appearance = 0
04-13 11:31:42.572  1022  1022 I SehLight: lcd : 47+
04-13 11:31:42.572  1022  1022 I SehLight: lcd : 47-
04-13 11:31:42.572  7718  7718 V BluetoothEventManager: onReceive :: android.bluetooth.adapter.action.CONNECTION_STATE_CHANGED
04-13 11:31:42.575  1237  1350 I AALCust : Backlight Bits: 10bit
04-13 11:31:42.575  1237  1350 D AAL     : onBacklightChanged: 181/1023 -> 189/1023(phy:756/4095)
04-13 11:31:42.575  1237  1350 D AAL     : LABC: LABC after setTarget isSmoothBacklight=0
04-13 11:31:42.583  1022  1022 I SehLight: lcd : 49+
04-13 11:31:42.583  1022  1022 I SehLight: lcd : 49-
04-13 11:31:42.586  1237  1350 I AALCust : Backlight Bits: 10bit
04-13 11:31:42.586  1237  1350 D AAL     : onBacklightChanged: 189/1023 -> 197/1023(phy:788/4095)
04-13 11:31:42.586  1237  1350 D AAL     : LABC: LABC after setTarget isSmoothBacklight=0
04-13 11:31:42.594  1022  1022 I SehLight: lcd : 51+
04-13 11:31:42.595  1022  1022 I SehLight: lcd : 51-
04-13 11:31:42.597  1237  1350 I AALCust : Backlight Bits: 10bit
04-13 11:31:42.597  1237  1350 D AAL     : onBacklightChanged: 197/1023 -> 205/1023(phy:820/4095)
04-13 11:31:42.597  1237  1350 D AAL     : LABC: LABC after setTarget isSmoothBacklight=0
04-13 11:31:42.606  1022  1022 I SehLight: lcd : 53+
04-13 11:31:42.606  1022  1022 I SehLight: lcd : 53-
04-13 11:31:42.608  1237  1350 I AALCust : Backlight Bits: 10bit
04-13 11:31:42.608  1237  1350 D AAL     : onBacklightChanged: 205/1023 -> 213/1023(phy:852/4095)
04-13 11:31:42.608  1237  1350 D AAL     : LABC: LABC after setTarget isSmoothBacklight=0
04-13 11:31:42.616  1022  1022 I SehLight: lcd : 55+
04-13 11:31:42.616  1022  1022 I SehLight: lcd : 55-
04-13 11:31:42.619  1237  1350 I AALCust : Backlight Bits: 10bit
04-13 11:31:42.619  1237  1350 D AAL     : onBacklightChanged: 213/1023 -> 221/1023(phy:884/4095)
04-13 11:31:42.619  1237  1350 D AAL     : LABC: LABC after setTarget isSmoothBacklight=0
04-13 11:31:42.619  1237  1350 D AAL     : 04-13 11:31:42.575 BL= 189,ESS= 256, 04-13 11:31:42.587 BL= 197,ESS= 256, 04-13 11:31:42.598 BL= 205,ESS= 256, 04-13 11:31:42.608 BL= 213,ESS= 256, 04-13 11:31:42.619 BL= 221,ESS= 256,
04-13 11:31:42.628  1022  1022 I SehLight: lcd : 57+
04-13 11:31:42.628  1022  1022 I SehLight: lcd : 57-
04-13 11:31:42.630  1237  1350 I AALCust : Backlight Bits: 10bit
04-13 11:31:42.630  1237  1350 D AAL     : onBacklightChanged: 221/1023 -> 229/1023(phy:916/4095)
04-13 11:31:42.630  1237  1350 D AAL     : LABC: LABC after setTarget isSmoothBacklight=0
04-13 11:31:42.639  1022  1022 I SehLight: lcd : 59+
04-13 11:31:42.639  1022  1022 I SehLight: lcd : 59-
04-13 11:31:42.641  1237  1350 I AALCust : Backlight Bits: 10bit
04-13 11:31:42.641  1237  1350 D AAL     : onBacklightChanged: 229/1023 -> 237/1023(phy:948/4095)
04-13 11:31:42.641  1237  1350 D AAL     : LABC: LABC after setTarget isSmoothBacklight=0
04-13 11:31:42.650  1022  1022 I SehLight: lcd : 61+
04-13 11:31:42.650  1022  1022 I SehLight: lcd : 61-
04-13 11:31:42.652  1237  1350 I AALCust : Backlight Bits: 10bit
04-13 11:31:42.652  1237  1350 D AAL     : onBacklightChanged: 237/1023 -> 245/1023(phy:980/4095)
04-13 11:31:42.652  1237  1350 D AAL     : LABC: LABC after setTarget isSmoothBacklight=0
04-13 11:31:42.661  1022  1022 I SehLight: lcd : 63+
04-13 11:31:42.661  1022  1022 I SehLight: lcd : 63-
04-13 11:31:42.663  1237  1350 I AALCust : Backlight Bits: 10bit
04-13 11:31:42.663  1237  1350 D AAL     : onBacklightChanged: 245/1023 -> 253/1023(phy:1012/4095)
04-13 11:31:42.663  1237  1350 D AAL     : LABC: LABC after setTarget isSmoothBacklight=0
04-13 11:31:42.672  1022  1022 I SehLight: lcd : 65+
04-13 11:31:42.672  1022  1022 I SehLight: lcd : 65-
04-13 11:31:42.674  1237  1350 I AALCust : Backlight Bits: 10bit
04-13 11:31:42.674  1237  1350 D AAL     : onBacklightChanged: 253/1023 -> 261/1023(phy:1045/4095)
04-13 11:31:42.675  1237  1350 D AAL     : LABC: LABC after setTarget isSmoothBacklight=0
04-13 11:31:42.675  1237  1350 D AAL     : 04-13 11:31:42.631 BL= 229,ESS= 256, 04-13 11:31:42.642 BL= 237,ESS= 256, 04-13 11:31:42.653 BL= 245,ESS= 256, 04-13 11:31:42.664 BL= 253,ESS= 256, 04-13 11:31:42.675 BL= 261,ESS= 256,
04-13 11:31:42.678  1616  1655 I GestureDetector: handleMessage TAP
04-13 11:31:42.678  1616  1616 I GestureDetector: handleMessage TAP
04-13 11:31:42.683  1022  1022 I SehLight: lcd : 67+
04-13 11:31:42.683  1022  1022 I SehLight: lcd : 67-
04-13 11:31:42.685  1237  1350 I AALCust : Backlight Bits: 10bit
04-13 11:31:42.686  1237  1350 D AAL     : onBacklightChanged: 261/1023 -> 269/1023(phy:1077/4095)
04-13 11:31:42.686  1237  1350 D AAL     : LABC: LABC after setTarget isSmoothBacklight=0
04-13 11:31:42.694  1022  1022 I SehLight: lcd : 69+
04-13 11:31:42.694  1022  1022 I SehLight: lcd : 69-
04-13 11:31:42.697  1237  1350 I AALCust : Backlight Bits: 10bit
04-13 11:31:42.697  1237  1350 D AAL     : onBacklightChanged: 269/1023 -> 277/1023(phy:1109/4095)
04-13 11:31:42.697  1237  1350 D AAL     : LABC: LABC after setTarget isSmoothBacklight=0
04-13 11:31:42.705  1022  1022 I SehLight: lcd : 71+
04-13 11:31:42.705  1022  1022 I SehLight: lcd : 71-
04-13 11:31:42.708  1237  1350 I AALCust : Backlight Bits: 10bit
04-13 11:31:42.708  1237  1350 D AAL     : onBacklightChanged: 277/1023 -> 285/1023(phy:1141/4095)
04-13 11:31:42.708  1237  1350 D AAL     : LABC: LABC after setTarget isSmoothBacklight=0
04-13 11:31:42.716  1022  1022 I SehLight: lcd : 73+
04-13 11:31:42.716  1022  1022 I SehLight: lcd : 73-
04-13 11:31:42.719  1237  1350 I AALCust : Backlight Bits: 10bit
04-13 11:31:42.719  1237  1350 D AAL     : onBacklightChanged: 285/1023 -> 293/1023(phy:1173/4095)
04-13 11:31:42.719  1237  1350 D AAL     : LABC: LABC after setTarget isSmoothBacklight=0
04-13 11:31:42.721  2094  2237 D NetworkController: SignalStrength from intent slotId=0
04-13 11:31:42.721  1194  1273 E HfLooper: eventConvertAll, lux = 504.000000
04-13 11:31:42.721  2094  2237 D NetworkController.MobileSignalController(0/2147483647): new mSignalStrength=SignalStrength:{mCdma=Invalid,mGsm=Invalid,mWcdma=CellSignalStrengthWcdma: ss=-69 ber=99 rscp=-68 ecno=0 level=4,mTdscdma=Invalid,mLte=Invalid,mNr=Invalid,SignalBarInfo{ wcdmaLevel=4 },rat=3,primary=CellSignalStrengthWcdma}
04-13 11:31:42.721  2094  2237 D NetworkController.MobileSignalController(0/2147483647): Display signal bar by emergency only[true][true]
04-13 11:31:42.728  1022  1022 I SehLight: lcd : 75+
04-13 11:31:42.728  1022  1022 I SehLight: lcd : 75-
04-13 11:31:42.730  1237  1350 I AALCust : Backlight Bits: 10bit
04-13 11:31:42.730  1237  1350 D AAL     : onBacklightChanged: 293/1023 -> 301/1023(phy:1205/4095)
04-13 11:31:42.730  1237  1350 D AAL     : LABC: LABC after setTarget isSmoothBacklight=0
04-13 11:31:42.731  1237  1350 D AAL     : 04-13 11:31:42.686 BL= 269,ESS= 256, 04-13 11:31:42.697 BL= 277,ESS= 256, 04-13 11:31:42.708 BL= 285,ESS= 256, 04-13 11:31:42.719 BL= 293,ESS= 256, 04-13 11:31:42.731 BL= 301,ESS= 256,
04-13 11:31:42.739  1022  1022 I SehLight: lcd : 77+
04-13 11:31:42.739  1022  1022 I SehLight: lcd : 77-
04-13 11:31:42.741  1237  1350 I AALCust : Backlight Bits: 10bit
04-13 11:31:42.741  1237  1350 D AAL     : onBacklightChanged: 301/1023 -> 309/1023(phy:1237/4095)
04-13 11:31:42.741  1237  1350 D AAL     : LABC: LABC after setTarget isSmoothBacklight=0
04-13 11:31:42.750  1022  1022 I SehLight: lcd : 79+
04-13 11:31:42.750  1022  1022 I SehLight: lcd : 79-
04-13 11:31:42.752  1237  1350 I AALCust : Backlight Bits: 10bit
04-13 11:31:42.752  1237  1350 D AAL     : onBacklightChanged: 309/1023 -> 317/1023(phy:1269/4095)
04-13 11:31:42.752  1237  1350 D AAL     : LABC: LABC after setTarget isSmoothBacklight=0
04-13 11:31:42.761  1022  1022 I SehLight: lcd : 81+
04-13 11:31:42.761  1022  1022 I SehLight: lcd : 81-
04-13 11:31:42.763  1237  1350 I AALCust : Backlight Bits: 10bit
04-13 11:31:42.763  1237  1350 D AAL     : onBacklightChanged: 317/1023 -> 325/1023(phy:1301/4095)
04-13 11:31:42.763  1237  1350 D AAL     : LABC: LABC after setTarget isSmoothBacklight=0
04-13 11:31:42.772  1022  1022 I SehLight: lcd : 83+
04-13 11:31:42.772  1022  1022 I SehLight: lcd : 83-
04-13 11:31:42.774  1237  1350 I AALCust : Backlight Bits: 10bit
04-13 11:31:42.774  1237  1350 D AAL     : onBacklightChanged: 325/1023 -> 333/1023(phy:1333/4095)
04-13 11:31:42.774  1237  1350 D AAL     : LABC: LABC after setTarget isSmoothBacklight=0
04-13 11:31:42.783  1022  1022 I SehLight: lcd : 85+
04-13 11:31:42.783  1022  1022 I SehLight: lcd : 85-
04-13 11:31:42.785  1237  1350 I AALCust : Backlight Bits: 10bit
04-13 11:31:42.785  1237  1350 D AAL     : onBacklightChanged: 333/1023 -> 341/1023(phy:1365/4095)
04-13 11:31:42.785  1237  1350 D AAL     : LABC: LABC after setTarget isSmoothBacklight=0
04-13 11:31:42.786  1237  1350 D AAL     : 04-13 11:31:42.741 BL= 309,ESS= 256, 04-13 11:31:42.753 BL= 317,ESS= 256, 04-13 11:31:42.764 BL= 325,ESS= 256, 04-13 11:31:42.775 BL= 333,ESS= 256, 04-13 11:31:42.786 BL= 341,ESS= 256,
04-13 11:31:42.794  1022  1022 I SehLight: lcd : 87+
04-13 11:31:42.794  1022  1022 I SehLight: lcd : 87-
04-13 11:31:42.796  1237  1350 I AALCust : Backlight Bits: 10bit
04-13 11:31:42.796  1237  1350 D AAL     : onBacklightChanged: 341/1023 -> 349/1023(phy:1397/4095)
04-13 11:31:42.796  1237  1350 D AAL     : LABC: LABC after setTarget isSmoothBacklight=0
04-13 11:31:42.805  1022  1022 I SehLight: lcd : 89+
04-13 11:31:42.805  1022  1022 I SehLight: lcd : 89-
04-13 11:31:42.808  1237  1350 I AALCust : Backlight Bits: 10bit
04-13 11:31:42.808  1237  1350 D AAL     : onBacklightChanged: 349/1023 -> 357/1023(phy:1429/4095)
04-13 11:31:42.808  1237  1350 D AAL     : LABC: LABC after setTarget isSmoothBacklight=0
04-13 11:31:42.816  1022  1022 I SehLight: lcd : 91+
04-13 11:31:42.816  1022  1022 I SehLight: lcd : 91-
04-13 11:31:42.819  1237  1350 I AALCust : Backlight Bits: 10bit
04-13 11:31:42.819  1237  1350 D AAL     : onBacklightChanged: 357/1023 -> 365/1023(phy:1461/4095)
04-13 11:31:42.819  1237  1350 D AAL     : LABC: LABC after setTarget isSmoothBacklight=0
04-13 11:31:42.827  1022  1022 I SehLight: lcd : 93+
04-13 11:31:42.827  1022  1022 I SehLight: lcd : 93-
04-13 11:31:42.829  1237  1350 I AALCust : Backlight Bits: 10bit
04-13 11:31:42.830  1237  1350 D AAL     : onBacklightChanged: 365/1023 -> 373/1023(phy:1493/4095)
04-13 11:31:42.830  1237  1350 D AAL     : LABC: LABC after setTarget isSmoothBacklight=0
04-13 11:31:42.838  1022  1022 I SehLight: lcd : 95+
04-13 11:31:42.838  1022  1022 I SehLight: lcd : 95-
04-13 11:31:42.841  1237  1350 I AALCust : Backlight Bits: 10bit
04-13 11:31:42.841  1237  1350 D AAL     : onBacklightChanged: 373/1023 -> 381/1023(phy:1525/4095)
04-13 11:31:42.841  1237  1350 D AAL     : LABC: LABC after setTarget isSmoothBacklight=0
04-13 11:31:42.841  1237  1350 D AAL     : 04-13 11:31:42.797 BL= 349,ESS= 256, 04-13 11:31:42.808 BL= 357,ESS= 256, 04-13 11:31:42.819 BL= 365,ESS= 256, 04-13 11:31:42.830 BL= 373,ESS= 256, 04-13 11:31:42.841 BL= 381,ESS= 256,
04-13 11:31:42.849  1022  1022 I SehLight: lcd : 97+
04-13 11:31:42.849  1022  1022 I SehLight: lcd : 97-
04-13 11:31:42.852  1237  1350 I AALCust : Backlight Bits: 10bit
04-13 11:31:42.852  1237  1350 D AAL     : onBacklightChanged: 381/1023 -> 389/1023(phy:1557/4095)
04-13 11:31:42.852  1237  1350 D AAL     : LABC: LABC after setTarget isSmoothBacklight=0
04-13 11:31:42.860  1022  1022 I SehLight: lcd : 99+
04-13 11:31:42.861  1022  1022 I SehLight: lcd : 99-
04-13 11:31:42.863  1237  1350 I AALCust : Backlight Bits: 10bit
04-13 11:31:42.863  1237  1350 D AAL     : onBacklightChanged: 389/1023 -> 397/1023(phy:1589/4095)
04-13 11:31:42.863  1237  1350 D AAL     : LABC: LABC after setTarget isSmoothBacklight=0
04-13 11:31:42.871  1022  1022 I SehLight: lcd : 101+
04-13 11:31:42.871  1022  1022 I SehLight: lcd : 101-
04-13 11:31:42.874  1237  1350 I AALCust : Backlight Bits: 10bit
04-13 11:31:42.874  1237  1350 D AAL     : onBacklightChanged: 397/1023 -> 405/1023(phy:1621/4095)
04-13 11:31:42.874  1237  1350 D AAL     : LABC: LABC after setTarget isSmoothBacklight=0
04-13 11:31:42.881  1194  1273 E HfLooper: eventConvertAll, lux = 502.000000
04-13 11:31:42.882  1022  1022 I SehLight: lcd : 103+
04-13 11:31:42.883  1022  1022 I SehLight: lcd : 103-
04-13 11:31:42.885  1237  1350 I AALCust : Backlight Bits: 10bit
04-13 11:31:42.885  1237  1350 D AAL     : onBacklightChanged: 405/1023 -> 413/1023(phy:1653/4095)
04-13 11:31:42.885  1237  1350 D AAL     : LABC: LABC after setTarget isSmoothBacklight=0
04-13 11:31:42.894  1022  1022 I SehLight: lcd : 105+
04-13 11:31:42.894  1022  1022 I SehLight: lcd : 105-
04-13 11:31:42.896  1237  1350 I AALCust : Backlight Bits: 10bit
04-13 11:31:42.896  1237  1350 D AAL     : onBacklightChanged: 413/1023 -> 421/1023(phy:1685/4095)
04-13 11:31:42.896  1237  1350 D AAL     : LABC: LABC after setTarget isSmoothBacklight=0
04-13 11:31:42.897  1237  1350 D AAL     : 04-13 11:31:42.852 BL= 389,ESS= 256, 04-13 11:31:42.864 BL= 397,ESS= 256, 04-13 11:31:42.874 BL= 405,ESS= 256, 04-13 11:31:42.886 BL= 413,ESS= 256, 04-13 11:31:42.897 BL= 421,ESS= 256,
04-13 11:31:42.905  1022  1022 I SehLight: lcd : 107+
04-13 11:31:42.905  1022  1022 I SehLight: lcd : 107-
04-13 11:31:42.907  1237  1350 I AALCust : Backlight Bits: 10bit
04-13 11:31:42.907  1237  1350 D AAL     : onBacklightChanged: 421/1023 -> 429/1023(phy:1717/4095)
04-13 11:31:42.907  1237  1350 D AAL     : LABC: LABC after setTarget isSmoothBacklight=0
04-13 11:31:42.916  1022  1022 I SehLight: lcd : 109+
04-13 11:31:42.916  1022  1022 I SehLight: lcd : 109-
04-13 11:31:42.918  1237  1350 I AALCust : Backlight Bits: 10bit
04-13 11:31:42.918  1237  1350 D AAL     : onBacklightChanged: 429/1023 -> 437/1023(phy:1749/4095)
04-13 11:31:42.918  1237  1350 D AAL     : LABC: LABC after setTarget isSmoothBacklight=0
04-13 11:31:42.927  1022  1022 I SehLight: lcd : 111+
04-13 11:31:42.927  1022  1022 I SehLight: lcd : 111-
04-13 11:31:42.929  1237  1350 I AALCust : Backlight Bits: 10bit
04-13 11:31:42.929  1237  1350 D AAL     : onBacklightChanged: 437/1023 -> 445/1023(phy:1781/4095)
04-13 11:31:42.929  1237  1350 D AAL     : LABC: LABC after setTarget isSmoothBacklight=0
04-13 11:31:42.938  1022  1022 I SehLight: lcd : 113+
04-13 11:31:42.938  1022  1022 I SehLight: lcd : 113-
04-13 11:31:42.940  1237  1350 I AALCust : Backlight Bits: 10bit
04-13 11:31:42.940  1237  1350 D AAL     : onBacklightChanged: 445/1023 -> 453/1023(phy:1813/4095)
04-13 11:31:42.940  1237  1350 D AAL     : LABC: LABC after setTarget isSmoothBacklight=0
04-13 11:31:42.949  1022  1022 I SehLight: lcd : 115+
04-13 11:31:42.949  1022  1022 I SehLight: lcd : 115-
04-13 11:31:42.951  1237  1350 I AALCust : Backlight Bits: 10bit
04-13 11:31:42.952  1237  1350 D AAL     : onBacklightChanged: 453/1023 -> 461/1023(phy:1845/4095)
04-13 11:31:42.952  1237  1350 D AAL     : LABC: LABC after setTarget isSmoothBacklight=0
04-13 11:31:42.952  1237  1350 D AAL     : 04-13 11:31:42.907 BL= 429,ESS= 256, 04-13 11:31:42.919 BL= 437,ESS= 256, 04-13 11:31:42.930 BL= 445,ESS= 256, 04-13 11:31:42.941 BL= 453,ESS= 256, 04-13 11:31:42.952 BL= 461,ESS= 256,
04-13 11:31:42.960  1022  1022 I SehLight: lcd : 117+
04-13 11:31:42.960  1022  1022 I SehLight: lcd : 117-
04-13 11:31:42.963  1237  1350 I AALCust : Backlight Bits: 10bit
04-13 11:31:42.963  1237  1350 D AAL     : onBacklightChanged: 461/1023 -> 469/1023(phy:1877/4095)
04-13 11:31:42.963  1237  1350 D AAL     : LABC: LABC after setTarget isSmoothBacklight=0
04-13 11:31:42.971  1022  1022 I SehLight: lcd : 119+
04-13 11:31:42.971  1022  1022 I SehLight: lcd : 119-
04-13 11:31:42.974  1237  1350 I AALCust : Backlight Bits: 10bit
04-13 11:31:42.974  1237  1350 D AAL     : onBacklightChanged: 469/1023 -> 477/1023(phy:1909/4095)
04-13 11:31:42.974  1237  1350 D AAL     : LABC: LABC after setTarget isSmoothBacklight=0
04-13 11:31:42.982  1022  1022 I SehLight: lcd : 121+
04-13 11:31:42.982  1022  1022 I SehLight: lcd : 121-
04-13 11:31:42.985  1237  1350 I AALCust : Backlight Bits: 10bit
04-13 11:31:42.985  1237  1350 D AAL     : onBacklightChanged: 477/1023 -> 485/1023(phy:1941/4095)
04-13 11:31:42.985  1237  1350 D AAL     : LABC: LABC after setTarget isSmoothBacklight=0
04-13 11:31:42.993  1022  1022 I SehLight: lcd : 123+
04-13 11:31:42.993  1022  1022 I SehLight: lcd : 123-
04-13 11:31:42.996  1237  1350 I AALCust : Backlight Bits: 10bit
04-13 11:31:42.996  1237  1350 D AAL     : onBacklightChanged: 485/1023 -> 493/1023(phy:1973/4095)
04-13 11:31:42.996  1237  1350 D AAL     : LABC: LABC after setTarget isSmoothBacklight=0
04-13 11:31:43.004  1022  1022 I SehLight: lcd : 125+
04-13 11:31:43.004  1022  1022 I SehLight: lcd : 125-
04-13 11:31:43.007  1237  1350 I AALCust : Backlight Bits: 10bit
04-13 11:31:43.007  1237  1350 D AAL     : onBacklightChanged: 493/1023 -> 501/1023(phy:2005/4095)
04-13 11:31:43.007  1237  1350 D AAL     : LABC: LABC after setTarget isSmoothBacklight=0
04-13 11:31:43.007  1237  1350 D AAL     : 04-13 11:31:42.963 BL= 469,ESS= 256, 04-13 11:31:42.974 BL= 477,ESS= 256, 04-13 11:31:42.985 BL= 485,ESS= 256, 04-13 11:31:42.996 BL= 493,ESS= 256, 04-13 11:31:43.007 BL= 501,ESS= 256,
04-13 11:31:43.016  1022  1022 I SehLight: lcd : 127+
04-13 11:31:43.016  1022  1022 I SehLight: lcd : 127-
04-13 11:31:43.018  1237  1350 I AALCust : Backlight Bits: 10bit
04-13 11:31:43.018  1237  1350 D AAL     : onBacklightChanged: 501/1023 -> 509/1023(phy:2037/4095)
04-13 11:31:43.018  1237  1350 D AAL     : LABC: LABC after setTarget isSmoothBacklight=0
04-13 11:31:43.027  1022  1022 I SehLight: lcd : 129+
04-13 11:31:43.027  1022  1022 I SehLight: lcd : 129-
04-13 11:31:43.029  1237  1350 I AALCust : Backlight Bits: 10bit
04-13 11:31:43.029  1237  1350 D AAL     : onBacklightChanged: 509/1023 -> 518/1023(phy:2074/4095)
04-13 11:31:43.029  1237  1350 D AAL     : LABC: LABC after setTarget isSmoothBacklight=0
04-13 11:31:43.039  1022  1022 I SehLight: lcd : 131+
04-13 11:31:43.039  1022  1022 I SehLight: lcd : 131-
04-13 11:31:43.040  1237  1350 I AALCust : Backlight Bits: 10bit
04-13 11:31:43.040  1237  1350 D AAL     : onBacklightChanged: 518/1023 -> 526/1023(phy:2106/4095)
04-13 11:31:43.040  1237  1350 D AAL     : LABC: LABC after setTarget isSmoothBacklight=0
04-13 11:31:43.041  1194  1273 E HfLooper: eventConvertAll, lux = 501.000000
04-13 11:31:43.050  1022  1022 I SehLight: lcd : 133+
04-13 11:31:43.050  1022  1022 I SehLight: lcd : 133-
04-13 11:31:43.051  1237  1350 I AALCust : Backlight Bits: 10bit
04-13 11:31:43.051  1237  1350 D AAL     : onBacklightChanged: 526/1023 -> 534/1023(phy:2138/4095)
04-13 11:31:43.051  1237  1350 D AAL     : LABC: LABC after setTarget isSmoothBacklight=0
04-13 11:31:43.061  1022  1022 I SehLight: lcd : 135+
04-13 11:31:43.061  1022  1022 I SehLight: lcd : 135-
04-13 11:31:43.062  1237  1350 I AALCust : Backlight Bits: 10bit
04-13 11:31:43.063  1237  1350 D AAL     : onBacklightChanged: 534/1023 -> 542/1023(phy:2170/4095)
04-13 11:31:43.063  1237  1350 D AAL     : LABC: LABC after setTarget isSmoothBacklight=0
04-13 11:31:43.063  1237  1350 D AAL     : 04-13 11:31:43.018 BL= 509,ESS= 256, 04-13 11:31:43.029 BL= 518,ESS= 256, 04-13 11:31:43.041 BL= 526,ESS= 256, 04-13 11:31:43.052 BL= 534,ESS= 256, 04-13 11:31:43.063 BL= 542,ESS= 256,
04-13 11:31:43.072  1022  1022 I SehLight: lcd : 137+
04-13 11:31:43.072  1022  1022 I SehLight: lcd : 137-
04-13 11:31:43.073  1237  1350 I AALCust : Backlight Bits: 10bit
04-13 11:31:43.074  1237  1350 D AAL     : onBacklightChanged: 542/1023 -> 550/1023(phy:2202/4095)
04-13 11:31:43.074  1237  1350 D AAL     : LABC: LABC after setTarget isSmoothBacklight=0
04-13 11:31:43.083  1022  1022 I SehLight: lcd : 139+
04-13 11:31:43.083  1022  1022 I SehLight: lcd : 139-
04-13 11:31:43.085  1237  1350 I AALCust : Backlight Bits: 10bit
04-13 11:31:43.085  1237  1350 D AAL     : onBacklightChanged: 550/1023 -> 558/1023(phy:2234/4095)
04-13 11:31:43.085  1237  1350 D AAL     : LABC: LABC after setTarget isSmoothBacklight=0
04-13 11:31:43.094  1022  1022 I SehLight: lcd : 141+
04-13 11:31:43.094  1022  1022 I SehLight: lcd : 141-
04-13 11:31:43.095  1237  1350 I AALCust : Backlight Bits: 10bit
04-13 11:31:43.096  1237  1350 D AAL     : onBacklightChanged: 558/1023 -> 566/1023(phy:2266/4095)
04-13 11:31:43.096  1237  1350 D AAL     : LABC: LABC after setTarget isSmoothBacklight=0
04-13 11:31:43.105  1022  1022 I SehLight: lcd : 143+
04-13 11:31:43.105  1022  1022 I SehLight: lcd : 143-
04-13 11:31:43.107  1237  1350 I AALCust : Backlight Bits: 10bit
04-13 11:31:43.107  1237  1350 D AAL     : onBacklightChanged: 566/1023 -> 574/1023(phy:2298/4095)
04-13 11:31:43.107  1237  1350 D AAL     : LABC: LABC after setTarget isSmoothBacklight=0
04-13 11:31:43.116  1022  1022 I SehLight: lcd : 145+
04-13 11:31:43.116  1022  1022 I SehLight: lcd : 145-
04-13 11:31:43.118  1237  1350 I AALCust : Backlight Bits: 10bit
04-13 11:31:43.118  1237  1350 D AAL     : onBacklightChanged: 574/1023 -> 582/1023(phy:2330/4095)
04-13 11:31:43.118  1237  1350 D AAL     : LABC: LABC after setTarget isSmoothBacklight=0
04-13 11:31:43.118  1237  1350 D AAL     : 04-13 11:31:43.074 BL= 550,ESS= 256, 04-13 11:31:43.085 BL= 558,ESS= 256, 04-13 11:31:43.096 BL= 566,ESS= 256, 04-13 11:31:43.108 BL= 574,ESS= 256, 04-13 11:31:43.118 BL= 582,ESS= 256,
04-13 11:31:43.127  1022  1022 I SehLight: lcd : 147+
04-13 11:31:43.128  1022  1022 I SehLight: lcd : 147-
04-13 11:31:43.129  1237  1350 I AALCust : Backlight Bits: 10bit
04-13 11:31:43.129  1237  1350 D AAL     : onBacklightChanged: 582/1023 -> 590/1023(phy:2362/4095)
04-13 11:31:43.129  1237  1350 D AAL     : LABC: LABC after setTarget isSmoothBacklight=0
04-13 11:31:43.138  1022  1022 I SehLight: lcd : 149+
04-13 11:31:43.139  1022  1022 I SehLight: lcd : 149-
04-13 11:31:43.140  1237  1350 I AALCust : Backlight Bits: 10bit
04-13 11:31:43.140  1237  1350 D AAL     : onBacklightChanged: 590/1023 -> 598/1023(phy:2394/4095)
04-13 11:31:43.140  1237  1350 D AAL     : LABC: LABC after setTarget isSmoothBacklight=0
04-13 11:31:43.141  1616  1748 D SensorService: [SO] 0.096 0.144 9.672
04-13 11:31:43.149  1022  1022 I SehLight: lcd : 151+
04-13 11:31:43.150  1022  1022 I SehLight: lcd : 151-
04-13 11:31:43.151  1237  1350 I AALCust : Backlight Bits: 10bit
04-13 11:31:43.151  1237  1350 D AAL     : onBacklightChanged: 598/1023 -> 606/1023(phy:2426/4095)
04-13 11:31:43.151  1237  1350 D AAL     : LABC: LABC after setTarget isSmoothBacklight=0
04-13 11:31:43.161  1022  1022 I SehLight: lcd : 153+
04-13 11:31:43.161  1022  1022 I SehLight: lcd : 153-
04-13 11:31:43.162  1237  1350 I AALCust : Backlight Bits: 10bit
04-13 11:31:43.162  1237  1350 D AAL     : onBacklightChanged: 606/1023 -> 614/1023(phy:2458/4095)
04-13 11:31:43.162  1237  1350 D AAL     : LABC: LABC after setTarget isSmoothBacklight=0
04-13 11:31:43.172  1022  1022 I SehLight: lcd : 155+
04-13 11:31:43.172  1022  1022 I SehLight: lcd : 155-
04-13 11:31:43.173  1237  1350 I AALCust : Backlight Bits: 10bit
04-13 11:31:43.173  1237  1350 D AAL     : onBacklightChanged: 614/1023 -> 622/1023(phy:2490/4095)
04-13 11:31:43.173  1237  1350 D AAL     : LABC: LABC after setTarget isSmoothBacklight=0
04-13 11:31:43.174  1237  1350 D AAL     : 04-13 11:31:43.130 BL= 590,ESS= 256, 04-13 11:31:43.141 BL= 598,ESS= 256, 04-13 11:31:43.152 BL= 606,ESS= 256, 04-13 11:31:43.163 BL= 614,ESS= 256, 04-13 11:31:43.174 BL= 622,ESS= 256,
04-13 11:31:43.183  1022  1022 I SehLight: lcd : 157+
04-13 11:31:43.183  1022  1022 I SehLight: lcd : 157-
04-13 11:31:43.184  1237  1350 I AALCust : Backlight Bits: 10bit
04-13 11:31:43.184  1237  1350 D AAL     : onBacklightChanged: 622/1023 -> 630/1023(phy:2522/4095)
04-13 11:31:43.184  1237  1350 D AAL     : LABC: LABC after setTarget isSmoothBacklight=0
04-13 11:31:43.194  1022  1022 I SehLight: lcd : 159+
04-13 11:31:43.194  1022  1022 I SehLight: lcd : 159-
04-13 11:31:43.195  1237  1350 I AALCust : Backlight Bits: 10bit
04-13 11:31:43.195  1237  1350 D AAL     : onBacklightChanged: 630/1023 -> 638/1023(phy:2554/4095)
04-13 11:31:43.195  1237  1350 D AAL     : LABC: LABC after setTarget isSmoothBacklight=0
04-13 11:31:43.201  1194  1273 E HfLooper: eventConvertAll, lux = 503.000000
04-13 11:31:43.205  1022  1022 I SehLight: lcd : 161+
04-13 11:31:43.205  1022  1022 I SehLight: lcd : 161-
04-13 11:31:43.206  1237  1350 I AALCust : Backlight Bits: 10bit
04-13 11:31:43.207  1237  1350 D AAL     : onBacklightChanged: 638/1023 -> 646/1023(phy:2586/4095)
04-13 11:31:43.207  1237  1350 D AAL     : LABC: LABC after setTarget isSmoothBacklight=0
04-13 11:31:43.216  1022  1022 I SehLight: lcd : 163+
04-13 11:31:43.216  1022  1022 I SehLight: lcd : 163-
04-13 11:31:43.217  1237  1350 I AALCust : Backlight Bits: 10bit
04-13 11:31:43.217  1237  1350 D AAL     : onBacklightChanged: 646/1023 -> 654/1023(phy:2618/4095)
04-13 11:31:43.218  1237  1350 D AAL     : LABC: LABC after setTarget isSmoothBacklight=0
04-13 11:31:43.226  1616  1687 D DisplayPowerController[0]: animateScreenStateChange: target=2, mLogicalDisplay.isEnabled()=true
04-13 11:31:43.227  1616  1687 D DisplayPowerController[0]: getFinalBrightness: screenBrightnessScaleFactor: 167 (0.65) -> 164 (0.64)
04-13 11:31:43.227  1022  1022 I SehLight: lcd : 164+
04-13 11:31:43.227  1616  1687 D DisplayPowerController[0]: getFinalBrightness : Summary is 167 (0.65) -> 164 (0.64)
04-13 11:31:43.227  1022  1022 I SehLight: lcd : 164-
04-13 11:31:43.228  1237  1350 I AALCust : Backlight Bits: 10bit
04-13 11:31:43.229  1237  1350 D AAL     : onBacklightChanged: 654/1023 -> 658/1023(phy:2634/4095)
04-13 11:31:43.229  1237  1350 D AAL     : LABC: LABC after setTarget isSmoothBacklight=0
04-13 11:31:43.229  1237  1350 D AAL     : 04-13 11:31:43.185 BL= 630,ESS= 256, 04-13 11:31:43.196 BL= 638,ESS= 256, 04-13 11:31:43.207 BL= 646,ESS= 256, 04-13 11:31:43.218 BL= 654,ESS= 256, 04-13 11:31:43.229 BL= 658,ESS= 256,
04-13 11:31:43.361  1194  1273 E HfLooper: eventConvertAll, lux = 504.000000
04-13 11:31:43.522  1194  1273 E HfLooper: eventConvertAll, lux = 504.000000
04-13 11:31:43.682  1194  1273 E HfLooper: eventConvertAll, lux = 504.000000
04-13 11:31:43.737   561   561 D io_stats: !@ 179,0 r 1255601 34312998 w 617094 23618628 d 0 0 f 0 0 iot 659484 0 th 0 0 0 pt 0 inp 0 0 19811.841
04-13 11:31:43.842  1194  1273 E HfLooper: eventConvertAll, lux = 499.000000
04-13 11:31:44.002  1194  1273 E HfLooper: eventConvertAll, lux = 504.000000
04-13 11:31:44.162  1194  1273 E HfLooper: eventConvertAll, lux = 508.000000
04-13 11:31:44.167  2079  2703 W btm_acl : Remote version information is invalid
04-13 11:31:44.321  1194  1273 E HfLooper: eventConvertAll, lux = 508.000000
04-13 11:31:44.342  2079  2179 D BluetoothRemoteDevices: Property type: 1
04-13 11:31:44.348  2079  2179 D BluetoothRemoteDevices: Remote Device name is: HUAWEI P20 Pro
04-13 11:31:44.350  2094  2237 V BluetoothEventManager: onReceive :: android.bluetooth.device.action.NAME_CHANGED
04-13 11:31:44.350  2094  2237 I BluetoothAdapter: STATE_ON
04-13 11:31:44.351  7718  7718 V BluetoothEventManager: onReceive :: android.bluetooth.device.action.NAME_CHANGED
04-13 11:31:44.351  7718  7718 I BluetoothAdapter: STATE_ON
04-13 11:31:44.355  2079  2179 D BluetoothRemoteDevices: aclStateChangeCallback: Adapter State: ON Connected: DC:72:9B:8A:8D:34
04-13 11:31:44.360  2079  2179 E BluetoothRemoteDevices: setAclConnected :: connected = true, mSocketConnectedCount = 0
04-13 11:31:44.360  2094  2237 D CachedBluetoothDeviceManager: onDeviceNameUpdated :: skip same name update
04-13 11:31:44.360  1616  1616 D CompanionDeviceManagerService: onDeviceConnected(address = DC:72:9B:8A:8D:34)
04-13 11:31:44.360  1616  1616 I CompanionDeviceManagerService: onDeviceNearby(justAppeared, address = DC:72:9B:8A:8D:34)
04-13 11:31:44.360  1616  2283 I SLocation: DeviceStatusNotiManager - received action : android.bluetooth.device.action.ACL_CONNECTED
04-13 11:31:44.361  2094  2237 V BluetoothEventManager: onReceive :: android.bluetooth.device.action.ACL_CONNECTED
04-13 11:31:44.361  2094  2237 D BluetoothController: updateConnected = 1mConnectionState = 1
04-13 11:31:44.361  7718  7718 D CachedBluetoothDeviceManager: onDeviceNameUpdated :: skip same name update
04-13 11:31:44.364  1616  1667 I AppOps  : updateUidProcState uid: 1002 procState: 0 capability:15
04-13 11:31:44.367  7718  7718 V BluetoothEventManager: onReceive :: android.bluetooth.device.action.ACL_CONNECTED
04-13 11:31:44.372  2079  2703 W bt_btm  : Security Manager: encrypt_change status:0 State:2, encr_enable = 1
04-13 11:31:44.372  2079  2703 W bt_btm  : in btm_sec_encrypt_change new_encr_key_256 is 0
04-13 11:31:44.379 11448 11448 I GH.WifiBluetoothRcvr: Connection action: android.bluetooth.device.action.ACL_CONNECTED, device DC:72:9B:8A:8D:34
04-13 11:31:44.380 11448 11448 I GH.WifiBluetoothRcvr: Wireless projection is available on this phone.
04-13 11:31:44.382 11448 13971 I CAR.BTCapsStore: Checking device with address DC:72:9B:8A:8D:34
04-13 11:31:44.386 11448 13971 W CAR.BTCapsStore: Device does not yet have unknown UUID, won't be requesting SDP. AAW Status (UNKNOWN_AND_DONT_TRY_RFCOMM)
04-13 11:31:44.394  1016  1043 D BatteryDump: wait_for_battery_event : occurred : add@/devices/virtual/net/bt-pan
04-13 11:31:44.395  1616  2546 I AppOps  : updateUidProcState uid: 10201 procState: 5 capability:15
04-13 11:31:44.396  2079  2179 D BluetoothPanServiceJni: connection_state_callback(L84): state:0, local_role:2, remote_role:1
04-13 11:31:44.396  2079  2079 D PanService: handlePanDeviceStateChange preState: 1 state: 2
04-13 11:31:44.396  2079  2079 D PanService: handlePanDeviceStateChange LOCAL_PANU_ROLE:REMOTE_NAP_ROLE state = 2, prevState = 1
04-13 11:31:44.396  2331  2374 D IpClient/wlan0: interfaceAdded: bt-pan
04-13 11:31:44.397 31185 31185 D wpa_supplicant: RTM_NEWLINK: ifi_index=57 ifname=bt-pan operstate=2 linkmode=0 ifi_family=0 ifi_flags=0x1002 ()
04-13 11:31:44.397 31185 31185 D wpa_supplicant: RTM_NEWLINK: ifi_index=57 ifname=bt-pan operstate=2 linkmode=0 ifi_family=0 ifi_flags=0x1002 ()
04-13 11:31:44.397 31185 31185 D wpa_supplicant: RTM_NEWLINK: ifi_index=57 ifname=bt-pan operstate=0 linkmode=0 ifi_family=0 ifi_flags=0x11043 ([UP][RUNNING][LOWER_UP])
04-13 11:31:44.397  2331  2563 I Tethering: adding IpServer for: bt-pan
04-13 11:31:44.397  1616  1896 D WifiNative: interfaceLinkStateChanged: ifaceName=bt-pan, mInterfaceId = 0, mIfaceMgr={0=Iface:{Name=wlan0,Id=0,Type=STA_CONNECTIVITY}}
04-13 11:31:44.397  1616  1896 V WifiNative: Received iface link up/down notification on an invalid iface=bt-pan
04-13 11:31:44.397  1616  1654 I EthernetTracker: interfaceLinkStateChanged, iface: bt-pan, up: false
04-13 11:31:44.397  1016  1043 D BatteryDump: wait_for_battery_event : occurred : add@/devices/virtual/net/bt-pan/queues/rx-0
04-13 11:31:44.398  1016  1043 D BatteryDump: wait_for_battery_event : occurred : add@/devices/virtual/net/bt-pan/queues/tx-0
04-13 11:31:44.398  1616  1896 D WifiNative: interfaceLinkStateChanged: ifaceName=bt-pan, mInterfaceId = 0, mIfaceMgr={0=Iface:{Name=wlan0,Id=0,Type=STA_CONNECTIVITY}}
04-13 11:31:44.398  2079  2079 D Bluetooth Tethering: Registering NetworkFactory
04-13 11:31:44.398  1616  1896 V WifiNative: Received iface link up/down notification on an invalid iface=bt-pan
04-13 11:31:44.398  1616  1896 D WifiNative: interfaceLinkStateChanged: ifaceName=bt-pan, mInterfaceId = 0, mIfaceMgr={0=Iface:{Name=wlan0,Id=0,Type=STA_CONNECTIVITY}}
04-13 11:31:44.398  1616  1896 V WifiNative: Received iface link up/down notification on an invalid iface=bt-pan
04-13 11:31:44.399  1616  1654 I EthernetTracker: interfaceLinkStateChanged, iface: bt-pan, up: false
04-13 11:31:44.399  1616  1654 I EthernetTracker: interfaceLinkStateChanged, iface: bt-pan, up: true
04-13 11:31:44.400  1616  1913 D ConnectivityService: Got NetworkProvider Messenger for Bluetooth Tethering
04-13 11:31:44.401  1616  2454 D SamsungAlarmManager: setInexact (T:3/F:0/AC:false) 20330410T113144 now=72583343 - CU:10199/CP:17092/OP:PendingIntent{c318c71: PendingIntentRecord{a496a56 com.google.android.gms/ startService}}
04-13 11:31:44.401  5854  5905 I BistoWorker: (REDACTED) bluetoothConnectionStateChanged. Action: %s
04-13 11:31:44.402  1616  2547 D SecContentProvider: query(), uri = 3 selection = isBluetoothEnabled
04-13 11:31:44.402  1616  1898 D WifiP2pService: P2pDisabledState{ when=-1ms what=143395 obj=[] target=com.android.wifi.x.com.android.internal.util.StateMachine$SmHandler }
04-13 11:31:44.402  1616  1898 D WifiP2pService: DefaultState{ when=-1ms what=143395 obj=[] target=com.android.wifi.x.com.android.internal.util.StateMachine$SmHandler }
04-13 11:31:44.402  1616  2547 D SecContentProvider: called from android.uid.bluetooth:1002
04-13 11:31:44.402  1616  2454 V SamsungAlarmManager: setLocked to kernel - W:72591746, now=72583344
04-13 11:31:44.403  5854  5880 I BistoWorker: (REDACTED) Failed to get bistoDeviceInfo %s
04-13 11:31:44.403  2079  2079 D PanService: Pan Device state : device: DC:72:9B:8A:8D:34 State:1->2
04-13 11:31:44.404  2331  2563 I Tethering: removing IpServer for: bt-pan
04-13 11:31:44.405  1616  1913 D ConnectivityService: register offer from providerId 21 : NetworkOffer [ Provider Id (21) Score(Policies : EVER_EVALUATED&IS_UNMETERED&EVER_VALIDATED&IS_VALIDATED ; KeepConnected : 0) Caps [ Transports: BLUETOOTH Capabilities: INTERNET&NOT_RESTRICTED&TRUSTED&NOT_VPN&NOT_ROAMING&NOT_SUSPENDED&NOT_VCN_MANAGED LinkUpBandwidth>=24000Kbps LinkDnBandwidth>=24000Kbps UnderlyingNetworks: Null] Needed by []]
04-13 11:31:44.406  2079  2079 D AdapterProperties: PROFILE_CONNECTION_STATE_CHANGE: profile=5, device=DC:72:9B:8A:8D:34, 1 -> 2
